Archive member included because of file (symbol)

../../STM32F10x_StdPeriph_Driver/Release/libstm32f103.a(misc.o)
                              objs/hw_config.o (NVIC_PriorityGroupConfig)
../../STM32F10x_StdPeriph_Driver/Release/libstm32f103.a(stm32f10x_adc.o)
                              objs/buttons.o (ADC_Init)
../../STM32F10x_StdPeriph_Driver/Release/libstm32f103.a(stm32f10x_dma.o)
                              objs/spi.o (DMA_Init)
../../STM32F10x_StdPeriph_Driver/Release/libstm32f103.a(stm32f10x_flash.o)
                              objs/hw_config.o (FLASH_SetLatency)
../../STM32F10x_StdPeriph_Driver/Release/libstm32f103.a(stm32f10x_gpio.o)
                              objs/spi.o (GPIO_Init)
../../STM32F10x_StdPeriph_Driver/Release/libstm32f103.a(stm32f10x_i2c.o)
                              objs/i2c.o (I2C_DeInit)
../../STM32F10x_StdPeriph_Driver/Release/libstm32f103.a(stm32f10x_rcc.o)
                              objs/hw_config.o (RCC_DeInit)
../../STM32F10x_StdPeriph_Driver/Release/libstm32f103.a(stm32f10x_spi.o)
                              objs/spi.o (SPI_Init)
../../STM32F10x_StdPeriph_Driver/Release/libstm32f103.a(stm32f10x_tim.o)
                              objs/main.o (TIM_TimeBaseInit)
/opt/stm32arm/bin/../lib/gcc/arm-none-eabi/4.8.1/../../../../arm-none-eabi/lib/thumb2/libc.a(lib_a-init.o)
                              objs/startup_stm32f10x_md.o (__libc_init_array)

Allocating common symbols
Common symbol       size              file

Buffer_Rx2          0x14              objs/i2c.o
GL_messagequeue     0x40              objs/messagequeue.o
prevrotaryportstateB
                    0x1               objs/poti.o
GL_firstmessage     0x1               objs/messagequeue.o
Buffer_Tx1          0x14              objs/i2c.o
I2C_InitStructure1  0x10              objs/i2c.o
GL_spi_send_call    0x1               objs/spi.o
systemevent         0x2               objs/main.o
buttonstat          0x2               objs/buttons.o
ledvalue            0x28              objs/poti.o
potdelta            0x7               objs/poti.o
Buffer_Tx2          0x14              objs/i2c.o
I2CDMA_InitStructure
                    0x2c              objs/i2c.o
GL_spi1_block       0x1               objs/spi.o
rotaryportstateB    0x1               objs/poti.o
Buffer_Rx1          0x14              objs/i2c.o
poti_data           0x28              objs/poti.o
ADCBuffer           0x6               objs/buttons.o
i2c_rx_event        0x1               objs/i2c.o
Address             0x1               objs/i2c.o
GL_spi_irq_call     0x1               objs/spi.o
GL_currentmessage   0x1               objs/messagequeue.o
I2C_InitStructure2  0x10              objs/i2c.o
rx_data             0x28              objs/poti.o
buttonnum           0x1               objs/buttons.o
prevrotaryportstateA
                    0x1               objs/poti.o
GL_messagequeue_elements
                    0x1               objs/messagequeue.o
rotaryportstateA    0x1               objs/poti.o
NumbOfBytes2        0x4               objs/i2c.o
NumbOfBytes1        0x4               objs/i2c.o
I2CDirection        0x4               objs/i2c.o
GL_led_displayreg   0xe               objs/main.o
potstate            0x7               objs/poti.o
GL_i2c_messagequeue_busy
                    0x1               objs/messagequeue.o

Discarded input sections

 .text          0x00000000        0x0 /opt/stm32arm/bin/../lib/gcc/arm-none-eabi/4.8.1/thumb2/crti.o
 .data          0x00000000        0x0 /opt/stm32arm/bin/../lib/gcc/arm-none-eabi/4.8.1/thumb2/crti.o
 .bss           0x00000000        0x0 /opt/stm32arm/bin/../lib/gcc/arm-none-eabi/4.8.1/thumb2/crti.o
 .data          0x00000000        0x4 /opt/stm32arm/bin/../lib/gcc/arm-none-eabi/4.8.1/thumb2/crtbegin.o
 .text          0x00000000        0x0 objs/syscalls.o
 .data          0x00000000        0x0 objs/syscalls.o
 .bss           0x00000000        0x0 objs/syscalls.o
 .text._sbrk    0x00000000       0x40 objs/syscalls.o
 .bss.heap.3695
                0x00000000        0x4 objs/syscalls.o
 .debug_info    0x00000000       0xe3 objs/syscalls.o
 .debug_abbrev  0x00000000       0x8b objs/syscalls.o
 .debug_aranges
                0x00000000       0x20 objs/syscalls.o
 .debug_ranges  0x00000000       0x10 objs/syscalls.o
 .debug_line    0x00000000       0x68 objs/syscalls.o
 .debug_str     0x00000000      0x18b objs/syscalls.o
 .comment       0x00000000       0x21 objs/syscalls.o
 .ARM.attributes
                0x00000000       0x33 objs/syscalls.o
 .debug_frame   0x00000000       0x2c objs/syscalls.o
 .text          0x00000000        0x0 objs/hw_config.o
 .data          0x00000000        0x0 objs/hw_config.o
 .bss           0x00000000        0x0 objs/hw_config.o
 .text          0x00000000        0x0 objs/spi.o
 .data          0x00000000        0x0 objs/spi.o
 .bss           0x00000000        0x0 objs/spi.o
 .text          0x00000000        0x0 objs/stm32f10x_it.o
 .data          0x00000000        0x0 objs/stm32f10x_it.o
 .bss           0x00000000        0x0 objs/stm32f10x_it.o
 .text          0x00000000        0x0 objs/messagequeue.o
 .data          0x00000000        0x0 objs/messagequeue.o
 .bss           0x00000000        0x0 objs/messagequeue.o
 .text          0x00000000        0x0 objs/channelled.o
 .data          0x00000000        0x0 objs/channelled.o
 .bss           0x00000000        0x0 objs/channelled.o
 .text          0x00000000        0x0 objs/main.o
 .data          0x00000000        0x0 objs/main.o
 .bss           0x00000000        0x0 objs/main.o
 .text.Timer_Setup
                0x00000000       0x50 objs/main.o
 .text.Delay_us
                0x00000000       0x48 objs/main.o
 .text          0x00000000        0x0 objs/i2c_bitbang.o
 .data          0x00000000        0x0 objs/i2c_bitbang.o
 .bss           0x00000000        0x0 objs/i2c_bitbang.o
 .text.i2c_send
                0x00000000       0x8c objs/i2c_bitbang.o
 .text.i2c_waitack
                0x00000000       0x8c objs/i2c_bitbang.o
 .text.i2c_stop
                0x00000000       0x58 objs/i2c_bitbang.o
 .text.i2c_start
                0x00000000       0x88 objs/i2c_bitbang.o
 .text.i2c_write
                0x00000000       0x68 objs/i2c_bitbang.o
 .text.I2C_free_bus
                0x00000000       0xb8 objs/i2c_bitbang.o
 .debug_info    0x00000000      0x43c objs/i2c_bitbang.o
 .debug_abbrev  0x00000000      0x164 objs/i2c_bitbang.o
 .debug_aranges
                0x00000000       0x48 objs/i2c_bitbang.o
 .debug_ranges  0x00000000       0x38 objs/i2c_bitbang.o
 .debug_line    0x00000000      0x1ff objs/i2c_bitbang.o
 .debug_str     0x00000000      0x40f objs/i2c_bitbang.o
 .comment       0x00000000       0x31 objs/i2c_bitbang.o
 .ARM.attributes
                0x00000000       0x33 objs/i2c_bitbang.o
 .debug_frame   0x00000000       0xc4 objs/i2c_bitbang.o
 .text          0x00000000        0x0 objs/system_stm32f10x.o
 .data          0x00000000        0x0 objs/system_stm32f10x.o
 .bss           0x00000000        0x0 objs/system_stm32f10x.o
 .data.SystemCoreClock
                0x00000000        0x4 objs/system_stm32f10x.o
 .data.AHBPrescTable
                0x00000000       0x10 objs/system_stm32f10x.o
 .text.SystemCoreClockUpdate
                0x00000000       0xd8 objs/system_stm32f10x.o
 .text          0x00000000        0x0 objs/poti.o
 .data          0x00000000        0x0 objs/poti.o
 .bss           0x00000000        0x0 objs/poti.o
 .text          0x00000000        0x0 objs/siebensegment.o
 .data          0x00000000        0x0 objs/siebensegment.o
 .bss           0x00000000        0x0 objs/siebensegment.o
 .text.siebensegment_send_number
                0x00000000       0x7c objs/siebensegment.o
 .text          0x00000000        0x0 objs/buttons.o
 .data          0x00000000        0x0 objs/buttons.o
 .bss           0x00000000        0x0 objs/buttons.o
 .text          0x00000000        0x0 objs/i2c.o
 .data          0x00000000        0x0 objs/i2c.o
 .bss           0x00000000        0x0 objs/i2c.o
 .text.I2C2_changeId
                0x00000000       0x24 objs/i2c.o
 .text.I2C_Master_BufferRead
                0x00000000       0xdc objs/i2c.o
 .text.I2C_Master_BufferWrite
                0x00000000       0xf0 objs/i2c.o
 .text.i2c_delay
                0x00000000       0x28 objs/i2c.o
 .text          0x00000000        0x0 objs/core_cm3.o
 .data          0x00000000        0x0 objs/core_cm3.o
 .bss           0x00000000        0x0 objs/core_cm3.o
 .text.__get_PSP
                0x00000000       0x10 objs/core_cm3.o
 .text.__set_PSP
                0x00000000        0x8 objs/core_cm3.o
 .text.__get_MSP
                0x00000000       0x10 objs/core_cm3.o
 .text.__set_MSP
                0x00000000        0x8 objs/core_cm3.o
 .text.__get_BASEPRI
                0x00000000       0x20 objs/core_cm3.o
 .text.__set_BASEPRI
                0x00000000       0x18 objs/core_cm3.o
 .text.__get_PRIMASK
                0x00000000       0x20 objs/core_cm3.o
 .text.__set_PRIMASK
                0x00000000       0x18 objs/core_cm3.o
 .text.__get_FAULTMASK
                0x00000000       0x20 objs/core_cm3.o
 .text.__set_FAULTMASK
                0x00000000       0x18 objs/core_cm3.o
 .text.__get_CONTROL
                0x00000000       0x20 objs/core_cm3.o
 .text.__set_CONTROL
                0x00000000       0x18 objs/core_cm3.o
 .text.__REV    0x00000000       0x20 objs/core_cm3.o
 .text.__REVSH  0x00000000       0x24 objs/core_cm3.o
 .text.__RBIT   0x00000000       0x24 objs/core_cm3.o
 .text.__LDREXB
                0x00000000       0x24 objs/core_cm3.o
 .text.__LDREXH
                0x00000000       0x24 objs/core_cm3.o
 .text.__LDREXW
                0x00000000       0x24 objs/core_cm3.o
 .text.__STREXB
                0x00000000       0x28 objs/core_cm3.o
 .text.__STREXH
                0x00000000       0x28 objs/core_cm3.o
 .text.__STREXW
                0x00000000       0x28 objs/core_cm3.o
 .text          0x00000000       0x14 objs/startup_stm32f10x_md.o
 .data          0x00000000        0x0 objs/startup_stm32f10x_md.o
 .bss           0x00000000        0x0 objs/startup_stm32f10x_md.o
 .text          0x00000000        0x0 ../../STM32F10x_StdPeriph_Driver/Release/libstm32f103.a(misc.o)
 .data          0x00000000        0x0 ../../STM32F10x_StdPeriph_Driver/Release/libstm32f103.a(misc.o)
 .bss           0x00000000        0x0 ../../STM32F10x_StdPeriph_Driver/Release/libstm32f103.a(misc.o)
 .text.NVIC_SystemLPConfig
                0x00000000       0x18 ../../STM32F10x_StdPeriph_Driver/Release/libstm32f103.a(misc.o)
 .text.SysTick_CLKSourceConfig
                0x00000000       0x18 ../../STM32F10x_StdPeriph_Driver/Release/libstm32f103.a(misc.o)
 .text          0x00000000        0x0 ../../STM32F10x_StdPeriph_Driver/Release/libstm32f103.a(stm32f10x_adc.o)
 .data          0x00000000        0x0 ../../STM32F10x_StdPeriph_Driver/Release/libstm32f103.a(stm32f10x_adc.o)
 .bss           0x00000000        0x0 ../../STM32F10x_StdPeriph_Driver/Release/libstm32f103.a(stm32f10x_adc.o)
 .text.ADC_DeInit
                0x00000000       0x5c ../../STM32F10x_StdPeriph_Driver/Release/libstm32f103.a(stm32f10x_adc.o)
 .text.ADC_StructInit
                0x00000000       0x12 ../../STM32F10x_StdPeriph_Driver/Release/libstm32f103.a(stm32f10x_adc.o)
 .text.ADC_ITConfig
                0x00000000       0x12 ../../STM32F10x_StdPeriph_Driver/Release/libstm32f103.a(stm32f10x_adc.o)
 .text.ADC_GetSoftwareStartConvStatus
                0x00000000        0x8 ../../STM32F10x_StdPeriph_Driver/Release/libstm32f103.a(stm32f10x_adc.o)
 .text.ADC_DiscModeChannelCountConfig
                0x00000000       0x10 ../../STM32F10x_StdPeriph_Driver/Release/libstm32f103.a(stm32f10x_adc.o)
 .text.ADC_DiscModeCmd
                0x00000000       0x12 ../../STM32F10x_StdPeriph_Driver/Release/libstm32f103.a(stm32f10x_adc.o)
 .text.ADC_ExternalTrigConvCmd
                0x00000000       0x12 ../../STM32F10x_StdPeriph_Driver/Release/libstm32f103.a(stm32f10x_adc.o)
 .text.ADC_GetConversionValue
                0x00000000        0x6 ../../STM32F10x_StdPeriph_Driver/Release/libstm32f103.a(stm32f10x_adc.o)
 .text.ADC_GetDualModeConversionValue
                0x00000000        0xc ../../STM32F10x_StdPeriph_Driver/Release/libstm32f103.a(stm32f10x_adc.o)
 .text.ADC_AutoInjectedConvCmd
                0x00000000       0x12 ../../STM32F10x_StdPeriph_Driver/Release/libstm32f103.a(stm32f10x_adc.o)
 .text.ADC_InjectedDiscModeCmd
                0x00000000       0x12 ../../STM32F10x_StdPeriph_Driver/Release/libstm32f103.a(stm32f10x_adc.o)
 .text.ADC_ExternalTrigInjectedConvConfig
                0x00000000        0xc ../../STM32F10x_StdPeriph_Driver/Release/libstm32f103.a(stm32f10x_adc.o)
 .text.ADC_ExternalTrigInjectedConvCmd
                0x00000000       0x12 ../../STM32F10x_StdPeriph_Driver/Release/libstm32f103.a(stm32f10x_adc.o)
 .text.ADC_SoftwareStartInjectedConvCmd
                0x00000000       0x12 ../../STM32F10x_StdPeriph_Driver/Release/libstm32f103.a(stm32f10x_adc.o)
 .text.ADC_GetSoftwareStartInjectedConvCmdStatus
                0x00000000        0x8 ../../STM32F10x_StdPeriph_Driver/Release/libstm32f103.a(stm32f10x_adc.o)
 .text.ADC_InjectedChannelConfig
                0x00000000       0x5c ../../STM32F10x_StdPeriph_Driver/Release/libstm32f103.a(stm32f10x_adc.o)
 .text.ADC_InjectedSequencerLengthConfig
                0x00000000       0x10 ../../STM32F10x_StdPeriph_Driver/Release/libstm32f103.a(stm32f10x_adc.o)
 .text.ADC_SetInjectedOffset
                0x00000000       0x16 ../../STM32F10x_StdPeriph_Driver/Release/libstm32f103.a(stm32f10x_adc.o)
 .text.ADC_GetInjectedConversionValue
                0x00000000       0x1a ../../STM32F10x_StdPeriph_Driver/Release/libstm32f103.a(stm32f10x_adc.o)
 .text.ADC_AnalogWatchdogCmd
                0x00000000       0x10 ../../STM32F10x_StdPeriph_Driver/Release/libstm32f103.a(stm32f10x_adc.o)
 .text.ADC_AnalogWatchdogThresholdsConfig
                0x00000000        0x6 ../../STM32F10x_StdPeriph_Driver/Release/libstm32f103.a(stm32f10x_adc.o)
 .text.ADC_AnalogWatchdogSingleChannelConfig
                0x00000000        0xc ../../STM32F10x_StdPeriph_Driver/Release/libstm32f103.a(stm32f10x_adc.o)
 .text.ADC_TempSensorVrefintCmd
                0x00000000       0x18 ../../STM32F10x_StdPeriph_Driver/Release/libstm32f103.a(stm32f10x_adc.o)
 .text.ADC_GetFlagStatus
                0x00000000        0xc ../../STM32F10x_StdPeriph_Driver/Release/libstm32f103.a(stm32f10x_adc.o)
 .text.ADC_ClearFlag
                0x00000000        0x6 ../../STM32F10x_StdPeriph_Driver/Release/libstm32f103.a(stm32f10x_adc.o)
 .text.ADC_GetITStatus
                0x00000000       0x16 ../../STM32F10x_StdPeriph_Driver/Release/libstm32f103.a(stm32f10x_adc.o)
 .text.ADC_ClearITPendingBit
                0x00000000        0x8 ../../STM32F10x_StdPeriph_Driver/Release/libstm32f103.a(stm32f10x_adc.o)
 .text          0x00000000        0x0 ../../STM32F10x_StdPeriph_Driver/Release/libstm32f103.a(stm32f10x_dma.o)
 .data          0x00000000        0x0 ../../STM32F10x_StdPeriph_Driver/Release/libstm32f103.a(stm32f10x_dma.o)
 .bss           0x00000000        0x0 ../../STM32F10x_StdPeriph_Driver/Release/libstm32f103.a(stm32f10x_dma.o)
 .text.DMA_DeInit
                0x00000000       0xf0 ../../STM32F10x_StdPeriph_Driver/Release/libstm32f103.a(stm32f10x_dma.o)
 .text.DMA_StructInit
                0x00000000       0x1a ../../STM32F10x_StdPeriph_Driver/Release/libstm32f103.a(stm32f10x_dma.o)
 .text.DMA_GetCurrDataCounter
                0x00000000        0x6 ../../STM32F10x_StdPeriph_Driver/Release/libstm32f103.a(stm32f10x_dma.o)
 .text          0x00000000        0x0 ../../STM32F10x_StdPeriph_Driver/Release/libstm32f103.a(stm32f10x_flash.o)
 .data          0x00000000        0x0 ../../STM32F10x_StdPeriph_Driver/Release/libstm32f103.a(stm32f10x_flash.o)
 .bss           0x00000000        0x0 ../../STM32F10x_StdPeriph_Driver/Release/libstm32f103.a(stm32f10x_flash.o)
 .text.FLASH_HalfCycleAccessCmd
                0x00000000       0x18 ../../STM32F10x_StdPeriph_Driver/Release/libstm32f103.a(stm32f10x_flash.o)
 .text.FLASH_Unlock
                0x00000000       0x18 ../../STM32F10x_StdPeriph_Driver/Release/libstm32f103.a(stm32f10x_flash.o)
 .text.FLASH_UnlockBank1
                0x00000000       0x18 ../../STM32F10x_StdPeriph_Driver/Release/libstm32f103.a(stm32f10x_flash.o)
 .text.FLASH_Lock
                0x00000000       0x10 ../../STM32F10x_StdPeriph_Driver/Release/libstm32f103.a(stm32f10x_flash.o)
 .text.FLASH_LockBank1
                0x00000000       0x10 ../../STM32F10x_StdPeriph_Driver/Release/libstm32f103.a(stm32f10x_flash.o)
 .text.FLASH_GetUserOptionByte
                0x00000000        0xc ../../STM32F10x_StdPeriph_Driver/Release/libstm32f103.a(stm32f10x_flash.o)
 .text.FLASH_GetWriteProtectionOptionByte
                0x00000000        0xc ../../STM32F10x_StdPeriph_Driver/Release/libstm32f103.a(stm32f10x_flash.o)
 .text.FLASH_GetReadOutProtectionStatus
                0x00000000       0x10 ../../STM32F10x_StdPeriph_Driver/Release/libstm32f103.a(stm32f10x_flash.o)
 .text.FLASH_GetPrefetchBufferStatus
                0x00000000       0x10 ../../STM32F10x_StdPeriph_Driver/Release/libstm32f103.a(stm32f10x_flash.o)
 .text.FLASH_ITConfig
                0x00000000       0x18 ../../STM32F10x_StdPeriph_Driver/Release/libstm32f103.a(stm32f10x_flash.o)
 .text.FLASH_GetFlagStatus
                0x00000000       0x20 ../../STM32F10x_StdPeriph_Driver/Release/libstm32f103.a(stm32f10x_flash.o)
 .text.FLASH_ClearFlag
                0x00000000        0xc ../../STM32F10x_StdPeriph_Driver/Release/libstm32f103.a(stm32f10x_flash.o)
 .text.FLASH_GetStatus
                0x00000000       0x28 ../../STM32F10x_StdPeriph_Driver/Release/libstm32f103.a(stm32f10x_flash.o)
 .text.FLASH_GetBank1Status
                0x00000000       0x28 ../../STM32F10x_StdPeriph_Driver/Release/libstm32f103.a(stm32f10x_flash.o)
 .text.FLASH_WaitForLastOperation
                0x00000000       0x22 ../../STM32F10x_StdPeriph_Driver/Release/libstm32f103.a(stm32f10x_flash.o)
 .text.FLASH_ErasePage
                0x00000000       0x3c ../../STM32F10x_StdPeriph_Driver/Release/libstm32f103.a(stm32f10x_flash.o)
 .text.FLASH_EraseAllPages
                0x00000000       0x38 ../../STM32F10x_StdPeriph_Driver/Release/libstm32f103.a(stm32f10x_flash.o)
 .text.FLASH_EraseOptionBytes
                0x00000000       0x7c ../../STM32F10x_StdPeriph_Driver/Release/libstm32f103.a(stm32f10x_flash.o)
 .text.FLASH_ProgramWord
                0x00000000       0x54 ../../STM32F10x_StdPeriph_Driver/Release/libstm32f103.a(stm32f10x_flash.o)
 .text.FLASH_ProgramHalfWord
                0x00000000       0x38 ../../STM32F10x_StdPeriph_Driver/Release/libstm32f103.a(stm32f10x_flash.o)
 .text.FLASH_ProgramOptionByteData
                0x00000000       0x48 ../../STM32F10x_StdPeriph_Driver/Release/libstm32f103.a(stm32f10x_flash.o)
 .text.FLASH_EnableWriteProtection
                0x00000000       0xa4 ../../STM32F10x_StdPeriph_Driver/Release/libstm32f103.a(stm32f10x_flash.o)
 .text.FLASH_ReadOutProtection
                0x00000000       0x8c ../../STM32F10x_StdPeriph_Driver/Release/libstm32f103.a(stm32f10x_flash.o)
 .text.FLASH_UserOptionByteConfig
                0x00000000       0x58 ../../STM32F10x_StdPeriph_Driver/Release/libstm32f103.a(stm32f10x_flash.o)
 .text.FLASH_WaitForLastBank1Operation
                0x00000000       0x22 ../../STM32F10x_StdPeriph_Driver/Release/libstm32f103.a(stm32f10x_flash.o)
 .text.FLASH_EraseAllBank1Pages
                0x00000000       0x38 ../../STM32F10x_StdPeriph_Driver/Release/libstm32f103.a(stm32f10x_flash.o)
 .text          0x00000000        0x0 ../../STM32F10x_StdPeriph_Driver/Release/libstm32f103.a(stm32f10x_gpio.o)
 .data          0x00000000        0x0 ../../STM32F10x_StdPeriph_Driver/Release/libstm32f103.a(stm32f10x_gpio.o)
 .bss           0x00000000        0x0 ../../STM32F10x_StdPeriph_Driver/Release/libstm32f103.a(stm32f10x_gpio.o)
 .text.GPIO_DeInit
                0x00000000       0xac ../../STM32F10x_StdPeriph_Driver/Release/libstm32f103.a(stm32f10x_gpio.o)
 .text.GPIO_AFIODeInit
                0x00000000       0x16 ../../STM32F10x_StdPeriph_Driver/Release/libstm32f103.a(stm32f10x_gpio.o)
 .text.GPIO_StructInit
                0x00000000       0x10 ../../STM32F10x_StdPeriph_Driver/Release/libstm32f103.a(stm32f10x_gpio.o)
 .text.GPIO_ReadInputData
                0x00000000        0x6 ../../STM32F10x_StdPeriph_Driver/Release/libstm32f103.a(stm32f10x_gpio.o)
 .text.GPIO_ReadOutputData
                0x00000000        0x6 ../../STM32F10x_StdPeriph_Driver/Release/libstm32f103.a(stm32f10x_gpio.o)
 .text.GPIO_SetBits
                0x00000000        0x4 ../../STM32F10x_StdPeriph_Driver/Release/libstm32f103.a(stm32f10x_gpio.o)
 .text.GPIO_ResetBits
                0x00000000        0x4 ../../STM32F10x_StdPeriph_Driver/Release/libstm32f103.a(stm32f10x_gpio.o)
 .text.GPIO_Write
                0x00000000        0x4 ../../STM32F10x_StdPeriph_Driver/Release/libstm32f103.a(stm32f10x_gpio.o)
 .text.GPIO_PinLockConfig
                0x00000000       0x10 ../../STM32F10x_StdPeriph_Driver/Release/libstm32f103.a(stm32f10x_gpio.o)
 .text.GPIO_EventOutputConfig
                0x00000000       0x1c ../../STM32F10x_StdPeriph_Driver/Release/libstm32f103.a(stm32f10x_gpio.o)
 .text.GPIO_EventOutputCmd
                0x00000000        0xc ../../STM32F10x_StdPeriph_Driver/Release/libstm32f103.a(stm32f10x_gpio.o)
 .text.GPIO_PinRemapConfig
                0x00000000       0x60 ../../STM32F10x_StdPeriph_Driver/Release/libstm32f103.a(stm32f10x_gpio.o)
 .text.GPIO_EXTILineConfig
                0x00000000       0x2a ../../STM32F10x_StdPeriph_Driver/Release/libstm32f103.a(stm32f10x_gpio.o)
 .text.GPIO_ETH_MediaInterfaceConfig
                0x00000000        0xc ../../STM32F10x_StdPeriph_Driver/Release/libstm32f103.a(stm32f10x_gpio.o)
 .text          0x00000000        0x0 ../../STM32F10x_StdPeriph_Driver/Release/libstm32f103.a(stm32f10x_i2c.o)
 .data          0x00000000        0x0 ../../STM32F10x_StdPeriph_Driver/Release/libstm32f103.a(stm32f10x_i2c.o)
 .bss           0x00000000        0x0 ../../STM32F10x_StdPeriph_Driver/Release/libstm32f103.a(stm32f10x_i2c.o)
 .text.I2C_StructInit
                0x00000000       0x1c ../../STM32F10x_StdPeriph_Driver/Release/libstm32f103.a(stm32f10x_i2c.o)
 .text.I2C_DMACmd
                0x00000000       0x18 ../../STM32F10x_StdPeriph_Driver/Release/libstm32f103.a(stm32f10x_i2c.o)
 .text.I2C_DMALastTransferCmd
                0x00000000       0x18 ../../STM32F10x_StdPeriph_Driver/Release/libstm32f103.a(stm32f10x_i2c.o)
 .text.I2C_GenerateSTART
                0x00000000       0x18 ../../STM32F10x_StdPeriph_Driver/Release/libstm32f103.a(stm32f10x_i2c.o)
 .text.I2C_GenerateSTOP
                0x00000000       0x18 ../../STM32F10x_StdPeriph_Driver/Release/libstm32f103.a(stm32f10x_i2c.o)
 .text.I2C_AcknowledgeConfig
                0x00000000       0x18 ../../STM32F10x_StdPeriph_Driver/Release/libstm32f103.a(stm32f10x_i2c.o)
 .text.I2C_OwnAddress2Config
                0x00000000       0x12 ../../STM32F10x_StdPeriph_Driver/Release/libstm32f103.a(stm32f10x_i2c.o)
 .text.I2C_DualAddressCmd
                0x00000000       0x18 ../../STM32F10x_StdPeriph_Driver/Release/libstm32f103.a(stm32f10x_i2c.o)
 .text.I2C_GeneralCallCmd
                0x00000000       0x18 ../../STM32F10x_StdPeriph_Driver/Release/libstm32f103.a(stm32f10x_i2c.o)
 .text.I2C_ITConfig
                0x00000000       0x12 ../../STM32F10x_StdPeriph_Driver/Release/libstm32f103.a(stm32f10x_i2c.o)
 .text.I2C_SendData
                0x00000000        0x4 ../../STM32F10x_StdPeriph_Driver/Release/libstm32f103.a(stm32f10x_i2c.o)
 .text.I2C_ReceiveData
                0x00000000        0x6 ../../STM32F10x_StdPeriph_Driver/Release/libstm32f103.a(stm32f10x_i2c.o)
 .text.I2C_Send7bitAddress
                0x00000000       0x10 ../../STM32F10x_StdPeriph_Driver/Release/libstm32f103.a(stm32f10x_i2c.o)
 .text.I2C_ReadRegister
                0x00000000       0x18 ../../STM32F10x_StdPeriph_Driver/Release/libstm32f103.a(stm32f10x_i2c.o)
 .text.I2C_SoftwareResetCmd
                0x00000000       0x18 ../../STM32F10x_StdPeriph_Driver/Release/libstm32f103.a(stm32f10x_i2c.o)
 .text.I2C_NACKPositionConfig
                0x00000000       0x1c ../../STM32F10x_StdPeriph_Driver/Release/libstm32f103.a(stm32f10x_i2c.o)
 .text.I2C_SMBusAlertConfig
                0x00000000       0x1c ../../STM32F10x_StdPeriph_Driver/Release/libstm32f103.a(stm32f10x_i2c.o)
 .text.I2C_TransmitPEC
                0x00000000       0x18 ../../STM32F10x_StdPeriph_Driver/Release/libstm32f103.a(stm32f10x_i2c.o)
 .text.I2C_PECPositionConfig
                0x00000000       0x1c ../../STM32F10x_StdPeriph_Driver/Release/libstm32f103.a(stm32f10x_i2c.o)
 .text.I2C_CalculatePEC
                0x00000000       0x18 ../../STM32F10x_StdPeriph_Driver/Release/libstm32f103.a(stm32f10x_i2c.o)
 .text.I2C_GetPEC
                0x00000000        0x8 ../../STM32F10x_StdPeriph_Driver/Release/libstm32f103.a(stm32f10x_i2c.o)
 .text.I2C_ARPCmd
                0x00000000       0x18 ../../STM32F10x_StdPeriph_Driver/Release/libstm32f103.a(stm32f10x_i2c.o)
 .text.I2C_StretchClockCmd
                0x00000000       0x18 ../../STM32F10x_StdPeriph_Driver/Release/libstm32f103.a(stm32f10x_i2c.o)
 .text.I2C_FastModeDutyCycleConfig
                0x00000000       0x1c ../../STM32F10x_StdPeriph_Driver/Release/libstm32f103.a(stm32f10x_i2c.o)
 .text.I2C_CheckEvent
                0x00000000       0x18 ../../STM32F10x_StdPeriph_Driver/Release/libstm32f103.a(stm32f10x_i2c.o)
 .text.I2C_GetLastEvent
                0x00000000       0x10 ../../STM32F10x_StdPeriph_Driver/Release/libstm32f103.a(stm32f10x_i2c.o)
 .text.I2C_GetFlagStatus
                0x00000000       0x34 ../../STM32F10x_StdPeriph_Driver/Release/libstm32f103.a(stm32f10x_i2c.o)
 .text.I2C_ClearFlag
                0x00000000        0x8 ../../STM32F10x_StdPeriph_Driver/Release/libstm32f103.a(stm32f10x_i2c.o)
 .text.I2C_GetITStatus
                0x00000000       0x1c ../../STM32F10x_StdPeriph_Driver/Release/libstm32f103.a(stm32f10x_i2c.o)
 .text.I2C_ClearITPendingBit
                0x00000000        0x8 ../../STM32F10x_StdPeriph_Driver/Release/libstm32f103.a(stm32f10x_i2c.o)
 .text          0x00000000        0x0 ../../STM32F10x_StdPeriph_Driver/Release/libstm32f103.a(stm32f10x_rcc.o)
 .data          0x00000000        0x0 ../../STM32F10x_StdPeriph_Driver/Release/libstm32f103.a(stm32f10x_rcc.o)
 .bss           0x00000000        0x0 ../../STM32F10x_StdPeriph_Driver/Release/libstm32f103.a(stm32f10x_rcc.o)
 .text.RCC_AdjustHSICalibrationValue
                0x00000000       0x14 ../../STM32F10x_StdPeriph_Driver/Release/libstm32f103.a(stm32f10x_rcc.o)
 .text.RCC_HSICmd
                0x00000000        0xc ../../STM32F10x_StdPeriph_Driver/Release/libstm32f103.a(stm32f10x_rcc.o)
 .text.RCC_ITConfig
                0x00000000       0x18 ../../STM32F10x_StdPeriph_Driver/Release/libstm32f103.a(stm32f10x_rcc.o)
 .text.RCC_USBCLKConfig
                0x00000000        0xc ../../STM32F10x_StdPeriph_Driver/Release/libstm32f103.a(stm32f10x_rcc.o)
 .text.RCC_LSEConfig
                0x00000000       0x20 ../../STM32F10x_StdPeriph_Driver/Release/libstm32f103.a(stm32f10x_rcc.o)
 .text.RCC_LSICmd
                0x00000000        0xc ../../STM32F10x_StdPeriph_Driver/Release/libstm32f103.a(stm32f10x_rcc.o)
 .text.RCC_RTCCLKConfig
                0x00000000       0x10 ../../STM32F10x_StdPeriph_Driver/Release/libstm32f103.a(stm32f10x_rcc.o)
 .text.RCC_RTCCLKCmd
                0x00000000        0xc ../../STM32F10x_StdPeriph_Driver/Release/libstm32f103.a(stm32f10x_rcc.o)
 .text.RCC_APB2PeriphResetCmd
                0x00000000       0x18 ../../STM32F10x_StdPeriph_Driver/Release/libstm32f103.a(stm32f10x_rcc.o)
 .text.RCC_BackupResetCmd
                0x00000000        0xc ../../STM32F10x_StdPeriph_Driver/Release/libstm32f103.a(stm32f10x_rcc.o)
 .text.RCC_ClockSecuritySystemCmd
                0x00000000        0xc ../../STM32F10x_StdPeriph_Driver/Release/libstm32f103.a(stm32f10x_rcc.o)
 .text.RCC_MCOConfig
                0x00000000        0xc ../../STM32F10x_StdPeriph_Driver/Release/libstm32f103.a(stm32f10x_rcc.o)
 .text.RCC_ClearFlag
                0x00000000       0x10 ../../STM32F10x_StdPeriph_Driver/Release/libstm32f103.a(stm32f10x_rcc.o)
 .text.RCC_GetITStatus
                0x00000000       0x14 ../../STM32F10x_StdPeriph_Driver/Release/libstm32f103.a(stm32f10x_rcc.o)
 .text.RCC_ClearITPendingBit
                0x00000000        0xc ../../STM32F10x_StdPeriph_Driver/Release/libstm32f103.a(stm32f10x_rcc.o)
 .text          0x00000000        0x0 ../../STM32F10x_StdPeriph_Driver/Release/libstm32f103.a(stm32f10x_spi.o)
 .data          0x00000000        0x0 ../../STM32F10x_StdPeriph_Driver/Release/libstm32f103.a(stm32f10x_spi.o)
 .bss           0x00000000        0x0 ../../STM32F10x_StdPeriph_Driver/Release/libstm32f103.a(stm32f10x_spi.o)
 .text.SPI_I2S_DeInit
                0x00000000       0x64 ../../STM32F10x_StdPeriph_Driver/Release/libstm32f103.a(stm32f10x_spi.o)
 .text.I2S_Init
                0x00000000       0xa4 ../../STM32F10x_StdPeriph_Driver/Release/libstm32f103.a(stm32f10x_spi.o)
 .text.SPI_StructInit
                0x00000000       0x18 ../../STM32F10x_StdPeriph_Driver/Release/libstm32f103.a(stm32f10x_spi.o)
 .text.I2S_StructInit
                0x00000000       0x12 ../../STM32F10x_StdPeriph_Driver/Release/libstm32f103.a(stm32f10x_spi.o)
 .text.I2S_Cmd  0x00000000       0x18 ../../STM32F10x_StdPeriph_Driver/Release/libstm32f103.a(stm32f10x_spi.o)
 .text.SPI_I2S_ITConfig
                0x00000000       0x1e ../../STM32F10x_StdPeriph_Driver/Release/libstm32f103.a(stm32f10x_spi.o)
 .text.SPI_I2S_SendData
                0x00000000        0x4 ../../STM32F10x_StdPeriph_Driver/Release/libstm32f103.a(stm32f10x_spi.o)
 .text.SPI_I2S_ReceiveData
                0x00000000        0x6 ../../STM32F10x_StdPeriph_Driver/Release/libstm32f103.a(stm32f10x_spi.o)
 .text.SPI_NSSInternalSoftwareConfig
                0x00000000       0x1e ../../STM32F10x_StdPeriph_Driver/Release/libstm32f103.a(stm32f10x_spi.o)
 .text.SPI_SSOutputCmd
                0x00000000       0x18 ../../STM32F10x_StdPeriph_Driver/Release/libstm32f103.a(stm32f10x_spi.o)
 .text.SPI_DataSizeConfig
                0x00000000       0x16 ../../STM32F10x_StdPeriph_Driver/Release/libstm32f103.a(stm32f10x_spi.o)
 .text.SPI_TransmitCRC
                0x00000000        0xc ../../STM32F10x_StdPeriph_Driver/Release/libstm32f103.a(stm32f10x_spi.o)
 .text.SPI_CalculateCRC
                0x00000000       0x18 ../../STM32F10x_StdPeriph_Driver/Release/libstm32f103.a(stm32f10x_spi.o)
 .text.SPI_GetCRC
                0x00000000        0xc ../../STM32F10x_StdPeriph_Driver/Release/libstm32f103.a(stm32f10x_spi.o)
 .text.SPI_GetCRCPolynomial
                0x00000000        0x6 ../../STM32F10x_StdPeriph_Driver/Release/libstm32f103.a(stm32f10x_spi.o)
 .text.SPI_BiDirectionalLineConfig
                0x00000000       0x1c ../../STM32F10x_StdPeriph_Driver/Release/libstm32f103.a(stm32f10x_spi.o)
 .text.SPI_I2S_ClearFlag
                0x00000000        0x8 ../../STM32F10x_StdPeriph_Driver/Release/libstm32f103.a(stm32f10x_spi.o)
 .text.SPI_I2S_GetITStatus
                0x00000000       0x26 ../../STM32F10x_StdPeriph_Driver/Release/libstm32f103.a(stm32f10x_spi.o)
 .text.SPI_I2S_ClearITPendingBit
                0x00000000       0x10 ../../STM32F10x_StdPeriph_Driver/Release/libstm32f103.a(stm32f10x_spi.o)
 .text          0x00000000        0x0 ../../STM32F10x_StdPeriph_Driver/Release/libstm32f103.a(stm32f10x_tim.o)
 .data          0x00000000        0x0 ../../STM32F10x_StdPeriph_Driver/Release/libstm32f103.a(stm32f10x_tim.o)
 .bss           0x00000000        0x0 ../../STM32F10x_StdPeriph_Driver/Release/libstm32f103.a(stm32f10x_tim.o)
 .text.TI1_Config
                0x00000000       0x68 ../../STM32F10x_StdPeriph_Driver/Release/libstm32f103.a(stm32f10x_tim.o)
 .text.TI2_Config
                0x00000000       0x78 ../../STM32F10x_StdPeriph_Driver/Release/libstm32f103.a(stm32f10x_tim.o)
 .text.TIM_DeInit
                0x00000000      0x1ac ../../STM32F10x_StdPeriph_Driver/Release/libstm32f103.a(stm32f10x_tim.o)
 .text.TIM_OC1Init
                0x00000000       0x88 ../../STM32F10x_StdPeriph_Driver/Release/libstm32f103.a(stm32f10x_tim.o)
 .text.TIM_OC2Init
                0x00000000       0x88 ../../STM32F10x_StdPeriph_Driver/Release/libstm32f103.a(stm32f10x_tim.o)
 .text.TIM_OC3Init
                0x00000000       0x84 ../../STM32F10x_StdPeriph_Driver/Release/libstm32f103.a(stm32f10x_tim.o)
 .text.TIM_OC4Init
                0x00000000       0x68 ../../STM32F10x_StdPeriph_Driver/Release/libstm32f103.a(stm32f10x_tim.o)
 .text.TIM_BDTRConfig
                0x00000000       0x22 ../../STM32F10x_StdPeriph_Driver/Release/libstm32f103.a(stm32f10x_tim.o)
 .text.TIM_TimeBaseStructInit
                0x00000000       0x12 ../../STM32F10x_StdPeriph_Driver/Release/libstm32f103.a(stm32f10x_tim.o)
 .text.TIM_OCStructInit
                0x00000000       0x14 ../../STM32F10x_StdPeriph_Driver/Release/libstm32f103.a(stm32f10x_tim.o)
 .text.TIM_ICStructInit
                0x00000000       0x10 ../../STM32F10x_StdPeriph_Driver/Release/libstm32f103.a(stm32f10x_tim.o)
 .text.TIM_BDTRStructInit
                0x00000000       0x12 ../../STM32F10x_StdPeriph_Driver/Release/libstm32f103.a(stm32f10x_tim.o)
 .text.TIM_CtrlPWMOutputs
                0x00000000       0x1c ../../STM32F10x_StdPeriph_Driver/Release/libstm32f103.a(stm32f10x_tim.o)
 .text.TIM_GenerateEvent
                0x00000000        0x4 ../../STM32F10x_StdPeriph_Driver/Release/libstm32f103.a(stm32f10x_tim.o)
 .text.TIM_DMAConfig
                0x00000000        0x8 ../../STM32F10x_StdPeriph_Driver/Release/libstm32f103.a(stm32f10x_tim.o)
 .text.TIM_DMACmd
                0x00000000       0x12 ../../STM32F10x_StdPeriph_Driver/Release/libstm32f103.a(stm32f10x_tim.o)
 .text.TIM_InternalClockConfig
                0x00000000        0xe ../../STM32F10x_StdPeriph_Driver/Release/libstm32f103.a(stm32f10x_tim.o)
 .text.TIM_ITRxExternalClockConfig
                0x00000000       0x1a ../../STM32F10x_StdPeriph_Driver/Release/libstm32f103.a(stm32f10x_tim.o)
 .text.TIM_TIxExternalClockConfig
                0x00000000       0x34 ../../STM32F10x_StdPeriph_Driver/Release/libstm32f103.a(stm32f10x_tim.o)
 .text.TIM_ETRConfig
                0x00000000       0x14 ../../STM32F10x_StdPeriph_Driver/Release/libstm32f103.a(stm32f10x_tim.o)
 .text.TIM_ETRClockMode1Config
                0x00000000       0x1a ../../STM32F10x_StdPeriph_Driver/Release/libstm32f103.a(stm32f10x_tim.o)
 .text.TIM_ETRClockMode2Config
                0x00000000       0x14 ../../STM32F10x_StdPeriph_Driver/Release/libstm32f103.a(stm32f10x_tim.o)
 .text.TIM_PrescalerConfig
                0x00000000        0x6 ../../STM32F10x_StdPeriph_Driver/Release/libstm32f103.a(stm32f10x_tim.o)
 .text.TIM_CounterModeConfig
                0x00000000       0x10 ../../STM32F10x_StdPeriph_Driver/Release/libstm32f103.a(stm32f10x_tim.o)
 .text.TIM_SelectInputTrigger
                0x00000000       0x10 ../../STM32F10x_StdPeriph_Driver/Release/libstm32f103.a(stm32f10x_tim.o)
 .text.TIM_EncoderInterfaceConfig
                0x00000000       0x3c ../../STM32F10x_StdPeriph_Driver/Release/libstm32f103.a(stm32f10x_tim.o)
 .text.TIM_ForcedOC1Config
                0x00000000       0x10 ../../STM32F10x_StdPeriph_Driver/Release/libstm32f103.a(stm32f10x_tim.o)
 .text.TIM_ForcedOC2Config
                0x00000000       0x14 ../../STM32F10x_StdPeriph_Driver/Release/libstm32f103.a(stm32f10x_tim.o)
 .text.TIM_ForcedOC3Config
                0x00000000       0x10 ../../STM32F10x_StdPeriph_Driver/Release/libstm32f103.a(stm32f10x_tim.o)
 .text.TIM_ForcedOC4Config
                0x00000000       0x14 ../../STM32F10x_StdPeriph_Driver/Release/libstm32f103.a(stm32f10x_tim.o)
 .text.TIM_ARRPreloadConfig
                0x00000000       0x18 ../../STM32F10x_StdPeriph_Driver/Release/libstm32f103.a(stm32f10x_tim.o)
 .text.TIM_SelectCOM
                0x00000000       0x18 ../../STM32F10x_StdPeriph_Driver/Release/libstm32f103.a(stm32f10x_tim.o)
 .text.TIM_SelectCCDMA
                0x00000000       0x18 ../../STM32F10x_StdPeriph_Driver/Release/libstm32f103.a(stm32f10x_tim.o)
 .text.TIM_CCPreloadControl
                0x00000000       0x18 ../../STM32F10x_StdPeriph_Driver/Release/libstm32f103.a(stm32f10x_tim.o)
 .text.TIM_OC1PreloadConfig
                0x00000000       0x10 ../../STM32F10x_StdPeriph_Driver/Release/libstm32f103.a(stm32f10x_tim.o)
 .text.TIM_OC2PreloadConfig
                0x00000000       0x14 ../../STM32F10x_StdPeriph_Driver/Release/libstm32f103.a(stm32f10x_tim.o)
 .text.TIM_OC3PreloadConfig
                0x00000000       0x10 ../../STM32F10x_StdPeriph_Driver/Release/libstm32f103.a(stm32f10x_tim.o)
 .text.TIM_OC4PreloadConfig
                0x00000000       0x14 ../../STM32F10x_StdPeriph_Driver/Release/libstm32f103.a(stm32f10x_tim.o)
 .text.TIM_OC1FastConfig
                0x00000000       0x10 ../../STM32F10x_StdPeriph_Driver/Release/libstm32f103.a(stm32f10x_tim.o)
 .text.TIM_OC2FastConfig
                0x00000000       0x14 ../../STM32F10x_StdPeriph_Driver/Release/libstm32f103.a(stm32f10x_tim.o)
 .text.TIM_OC3FastConfig
                0x00000000       0x10 ../../STM32F10x_StdPeriph_Driver/Release/libstm32f103.a(stm32f10x_tim.o)
 .text.TIM_OC4FastConfig
                0x00000000       0x14 ../../STM32F10x_StdPeriph_Driver/Release/libstm32f103.a(stm32f10x_tim.o)
 .text.TIM_ClearOC1Ref
                0x00000000       0x10 ../../STM32F10x_StdPeriph_Driver/Release/libstm32f103.a(stm32f10x_tim.o)
 .text.TIM_ClearOC2Ref
                0x00000000       0x10 ../../STM32F10x_StdPeriph_Driver/Release/libstm32f103.a(stm32f10x_tim.o)
 .text.TIM_ClearOC3Ref
                0x00000000       0x10 ../../STM32F10x_StdPeriph_Driver/Release/libstm32f103.a(stm32f10x_tim.o)
 .text.TIM_ClearOC4Ref
                0x00000000       0x10 ../../STM32F10x_StdPeriph_Driver/Release/libstm32f103.a(stm32f10x_tim.o)
 .text.TIM_OC1PolarityConfig
                0x00000000       0x10 ../../STM32F10x_StdPeriph_Driver/Release/libstm32f103.a(stm32f10x_tim.o)
 .text.TIM_OC1NPolarityConfig
                0x00000000       0x10 ../../STM32F10x_StdPeriph_Driver/Release/libstm32f103.a(stm32f10x_tim.o)
 .text.TIM_OC2PolarityConfig
                0x00000000       0x14 ../../STM32F10x_StdPeriph_Driver/Release/libstm32f103.a(stm32f10x_tim.o)
 .text.TIM_OC2NPolarityConfig
                0x00000000       0x14 ../../STM32F10x_StdPeriph_Driver/Release/libstm32f103.a(stm32f10x_tim.o)
 .text.TIM_OC3PolarityConfig
                0x00000000       0x14 ../../STM32F10x_StdPeriph_Driver/Release/libstm32f103.a(stm32f10x_tim.o)
 .text.TIM_OC3NPolarityConfig
                0x00000000       0x14 ../../STM32F10x_StdPeriph_Driver/Release/libstm32f103.a(stm32f10x_tim.o)
 .text.TIM_OC4PolarityConfig
                0x00000000       0x14 ../../STM32F10x_StdPeriph_Driver/Release/libstm32f103.a(stm32f10x_tim.o)
 .text.TIM_CCxCmd
                0x00000000       0x1c ../../STM32F10x_StdPeriph_Driver/Release/libstm32f103.a(stm32f10x_tim.o)
 .text.TIM_CCxNCmd
                0x00000000       0x1c ../../STM32F10x_StdPeriph_Driver/Release/libstm32f103.a(stm32f10x_tim.o)
 .text.TIM_SelectOCxM
                0x00000000       0x42 ../../STM32F10x_StdPeriph_Driver/Release/libstm32f103.a(stm32f10x_tim.o)
 .text.TIM_UpdateDisableConfig
                0x00000000       0x18 ../../STM32F10x_StdPeriph_Driver/Release/libstm32f103.a(stm32f10x_tim.o)
 .text.TIM_UpdateRequestConfig
                0x00000000       0x18 ../../STM32F10x_StdPeriph_Driver/Release/libstm32f103.a(stm32f10x_tim.o)
 .text.TIM_SelectHallSensor
                0x00000000       0x18 ../../STM32F10x_StdPeriph_Driver/Release/libstm32f103.a(stm32f10x_tim.o)
 .text.TIM_SelectOnePulseMode
                0x00000000       0x16 ../../STM32F10x_StdPeriph_Driver/Release/libstm32f103.a(stm32f10x_tim.o)
 .text.TIM_SelectOutputTrigger
                0x00000000       0x16 ../../STM32F10x_StdPeriph_Driver/Release/libstm32f103.a(stm32f10x_tim.o)
 .text.TIM_SelectSlaveMode
                0x00000000       0x16 ../../STM32F10x_StdPeriph_Driver/Release/libstm32f103.a(stm32f10x_tim.o)
 .text.TIM_SelectMasterSlaveMode
                0x00000000       0x16 ../../STM32F10x_StdPeriph_Driver/Release/libstm32f103.a(stm32f10x_tim.o)
 .text.TIM_SetCounter
                0x00000000        0x4 ../../STM32F10x_StdPeriph_Driver/Release/libstm32f103.a(stm32f10x_tim.o)
 .text.TIM_SetAutoreload
                0x00000000        0x4 ../../STM32F10x_StdPeriph_Driver/Release/libstm32f103.a(stm32f10x_tim.o)
 .text.TIM_SetCompare1
                0x00000000        0x4 ../../STM32F10x_StdPeriph_Driver/Release/libstm32f103.a(stm32f10x_tim.o)
 .text.TIM_SetCompare2
                0x00000000        0x4 ../../STM32F10x_StdPeriph_Driver/Release/libstm32f103.a(stm32f10x_tim.o)
 .text.TIM_SetCompare3
                0x00000000        0x4 ../../STM32F10x_StdPeriph_Driver/Release/libstm32f103.a(stm32f10x_tim.o)
 .text.TIM_SetCompare4
                0x00000000        0x6 ../../STM32F10x_StdPeriph_Driver/Release/libstm32f103.a(stm32f10x_tim.o)
 .text.TIM_SetIC1Prescaler
                0x00000000       0x16 ../../STM32F10x_StdPeriph_Driver/Release/libstm32f103.a(stm32f10x_tim.o)
 .text.TIM_SetIC2Prescaler
                0x00000000       0x1a ../../STM32F10x_StdPeriph_Driver/Release/libstm32f103.a(stm32f10x_tim.o)
 .text.TIM_PWMIConfig
                0x00000000       0x6e ../../STM32F10x_StdPeriph_Driver/Release/libstm32f103.a(stm32f10x_tim.o)
 .text.TIM_SetIC3Prescaler
                0x00000000       0x16 ../../STM32F10x_StdPeriph_Driver/Release/libstm32f103.a(stm32f10x_tim.o)
 .text.TIM_SetIC4Prescaler
                0x00000000       0x1a ../../STM32F10x_StdPeriph_Driver/Release/libstm32f103.a(stm32f10x_tim.o)
 .text.TIM_ICInit
                0x00000000      0x12c ../../STM32F10x_StdPeriph_Driver/Release/libstm32f103.a(stm32f10x_tim.o)
 .text.TIM_SetClockDivision
                0x00000000       0x16 ../../STM32F10x_StdPeriph_Driver/Release/libstm32f103.a(stm32f10x_tim.o)
 .text.TIM_GetCapture1
                0x00000000        0x6 ../../STM32F10x_StdPeriph_Driver/Release/libstm32f103.a(stm32f10x_tim.o)
 .text.TIM_GetCapture2
                0x00000000        0x6 ../../STM32F10x_StdPeriph_Driver/Release/libstm32f103.a(stm32f10x_tim.o)
 .text.TIM_GetCapture3
                0x00000000        0x6 ../../STM32F10x_StdPeriph_Driver/Release/libstm32f103.a(stm32f10x_tim.o)
 .text.TIM_GetCapture4
                0x00000000        0x8 ../../STM32F10x_StdPeriph_Driver/Release/libstm32f103.a(stm32f10x_tim.o)
 .text.TIM_GetCounter
                0x00000000        0x6 ../../STM32F10x_StdPeriph_Driver/Release/libstm32f103.a(stm32f10x_tim.o)
 .text.TIM_GetPrescaler
                0x00000000        0x6 ../../STM32F10x_StdPeriph_Driver/Release/libstm32f103.a(stm32f10x_tim.o)
 .text.TIM_GetFlagStatus
                0x00000000        0xc ../../STM32F10x_StdPeriph_Driver/Release/libstm32f103.a(stm32f10x_tim.o)
 .text.TIM_ClearFlag
                0x00000000        0x8 ../../STM32F10x_StdPeriph_Driver/Release/libstm32f103.a(stm32f10x_tim.o)
 .data          0x00000000        0x0 /opt/stm32arm/bin/../lib/gcc/arm-none-eabi/4.8.1/../../../../arm-none-eabi/lib/thumb2/libc.a(lib_a-init.o)
 .bss           0x00000000        0x0 /opt/stm32arm/bin/../lib/gcc/arm-none-eabi/4.8.1/../../../../arm-none-eabi/lib/thumb2/libc.a(lib_a-init.o)
 .text          0x00000000        0x0 /opt/stm32arm/bin/../lib/gcc/arm-none-eabi/4.8.1/thumb2/crtend.o
 .data          0x00000000        0x0 /opt/stm32arm/bin/../lib/gcc/arm-none-eabi/4.8.1/thumb2/crtend.o
 .bss           0x00000000        0x0 /opt/stm32arm/bin/../lib/gcc/arm-none-eabi/4.8.1/thumb2/crtend.o
 .eh_frame      0x00000000        0x4 /opt/stm32arm/bin/../lib/gcc/arm-none-eabi/4.8.1/thumb2/crtend.o
 .jcr           0x00000000        0x4 /opt/stm32arm/bin/../lib/gcc/arm-none-eabi/4.8.1/thumb2/crtend.o
 .text          0x00000000        0x0 /opt/stm32arm/bin/../lib/gcc/arm-none-eabi/4.8.1/thumb2/crtn.o
 .data          0x00000000        0x0 /opt/stm32arm/bin/../lib/gcc/arm-none-eabi/4.8.1/thumb2/crtn.o
 .bss           0x00000000        0x0 /opt/stm32arm/bin/../lib/gcc/arm-none-eabi/4.8.1/thumb2/crtn.o

Memory Configuration

Name             Origin             Length             Attributes
RAM              0x20000000         0x00005000         xrw
FLASH            0x08000000         0x00010000         xr
*default*        0x00000000         0xffffffff

Linker script and memory map

LOAD /opt/stm32arm/bin/../lib/gcc/arm-none-eabi/4.8.1/thumb2/crti.o
LOAD /opt/stm32arm/bin/../lib/gcc/arm-none-eabi/4.8.1/thumb2/crtbegin.o
LOAD /opt/stm32arm/bin/../lib/gcc/arm-none-eabi/4.8.1/../../../../arm-none-eabi/lib/thumb2/libm.a
LOAD objs/syscalls.o
LOAD objs/hw_config.o
LOAD objs/spi.o
LOAD objs/stm32f10x_it.o
LOAD objs/messagequeue.o
LOAD objs/channelled.o
LOAD objs/main.o
LOAD objs/i2c_bitbang.o
LOAD objs/system_stm32f10x.o
LOAD objs/poti.o
LOAD objs/siebensegment.o
LOAD objs/buttons.o
LOAD objs/i2c.o
LOAD objs/core_cm3.o
LOAD objs/startup_stm32f10x_md.o
LOAD ../../STM32F10x_StdPeriph_Driver/Release/libstm32f103.a
LOAD /opt/stm32arm/arm-none-eabi/lib/thumb/libm.a
LOAD ../../Embedded_GUI_HAL/Release/libstm32f103.a
LOAD ../../Embedded_GUI_Library/Release/libstm32f103.a
START GROUP
LOAD /opt/stm32arm/bin/../lib/gcc/arm-none-eabi/4.8.1/thumb2/libgcc.a
LOAD /opt/stm32arm/bin/../lib/gcc/arm-none-eabi/4.8.1/../../../../arm-none-eabi/lib/thumb2/libc.a
END GROUP
LOAD /opt/stm32arm/bin/../lib/gcc/arm-none-eabi/4.8.1/thumb2/crtend.o
LOAD /opt/stm32arm/bin/../lib/gcc/arm-none-eabi/4.8.1/thumb2/crtn.o
                0x00000800                __Stack_Size = 0x800
                0x00000800                PROVIDE (_Stack_Size, __Stack_Size)
                0x20004800                __Stack_Init = (_estack - __Stack_Size)
                0x20004800                PROVIDE (_Stack_Init, __Stack_Init)
                0x00000800                _Minimum_Stack_Size = 0x800
                0x00000000                PROVIDE (Undefined_Handler, 0x0)
                0x00000000                PROVIDE (SWI_Handler, 0x0)
                0x00000000                PROVIDE (IRQ_Handler, 0x0)
                0x00000000                PROVIDE (Prefetch_Handler, 0x0)
                0x00000000                PROVIDE (Abort_Handler, 0x0)
                0x00000000                PROVIDE (FIQ_Handler, 0x0)
                0x00000000                PROVIDE (NMIException, 0x0)
                0x00000000                PROVIDE (HardFaultException, 0x0)
                0x00000000                PROVIDE (MemManageException, 0x0)
                0x00000000                PROVIDE (BusFaultException, 0x0)
                0x00000000                PROVIDE (UsageFaultException, 0x0)
                0x00000000                PROVIDE (DebugMonitor, 0x0)
                0x00000000                PROVIDE (WWDG_IRQHandler, 0x0)
                0x00000000                PROVIDE (PVD_IRQHandler, 0x0)
                0x00000000                PROVIDE (TAMPER_IRQHandler, 0x0)
                0x00000000                PROVIDE (RTC_IRQHandler, 0x0)
                0x00000000                PROVIDE (FLASH_IRQHandler, 0x0)
                0x00000000                PROVIDE (RCC_IRQHandler, 0x0)
                0x00000000                PROVIDE (EXTI0_IRQHandler, 0x0)
                0x00000000                PROVIDE (EXTI1_IRQHandler, 0x0)
                0x00000000                PROVIDE (EXTI2_IRQHandler, 0x0)
                0x00000000                PROVIDE (EXTI3_IRQHandler, 0x0)
                0x00000000                PROVIDE (EXTI4_IRQHandler, 0x0)
                0x00000000                PROVIDE (DMAChannel1_IRQHandler, 0x0)
                0x00000000                PROVIDE (DMAChannel2_IRQHandler, 0x0)
                0x00000000                PROVIDE (DMAChannel3_IRQHandler, 0x0)
                0x00000000                PROVIDE (DMAChannel4_IRQHandler, 0x0)
                0x00000000                PROVIDE (DMAChannel5_IRQHandler, 0x0)
                0x00000000                PROVIDE (DMAChannel6_IRQHandler, 0x0)
                0x00000000                PROVIDE (DMAChannel7_IRQHandler, 0x0)
                0x00000000                PROVIDE (ADC_IRQHandler, 0x0)
                0x00000000                PROVIDE (USB_HP_CAN_TX_IRQHandler, 0x0)
                0x00000000                PROVIDE (USB_LP_CAN_RX0_IRQHandler, 0x0)
                0x00000000                PROVIDE (CAN_RX1_IRQHandler, 0x0)
                0x00000000                PROVIDE (CAN_SCE_IRQHandler, 0x0)
                0x00000000                PROVIDE (EXTI9_5_IRQHandler, 0x0)
                0x00000000                PROVIDE (TIM1_BRK_IRQHandler, 0x0)
                0x00000000                PROVIDE (TIM1_UP_IRQHandler, 0x0)
                0x00000000                PROVIDE (TIM1_TRG_COM_IRQHandler, 0x0)
                0x00000000                PROVIDE (TIM1_CC_IRQHandler, 0x0)
                0x00000000                PROVIDE (TIM2_IRQHandler, 0x0)
                0x00000000                PROVIDE (TIM3_IRQHandler, 0x0)
                0x00000000                PROVIDE (TIM4_IRQHandler, 0x0)
                0x00000000                PROVIDE (I2C1_EV_IRQHandler, 0x0)
                0x00000000                PROVIDE (I2C1_ER_IRQHandler, 0x0)
                0x00000000                PROVIDE (I2C2_EV_IRQHandler, 0x0)
                0x00000000                PROVIDE (I2C2_ER_IRQHandler, 0x0)
                0x00000000                PROVIDE (SPI1_IRQHandler, 0x0)
                0x00000000                PROVIDE (SPI2_IRQHandler, 0x0)
                0x00000000                PROVIDE (USART1_IRQHandler, 0x0)
                0x00000000                PROVIDE (USART2_IRQHandler, 0x0)
                0x00000000                PROVIDE (USART3_IRQHandler, 0x0)
                0x00000000                PROVIDE (EXTI15_10_IRQHandler, 0x0)
                0x00000000                PROVIDE (RTCAlarm_IRQHandler, 0x0)
                0x00000000                PROVIDE (USBWakeUp_IRQHandler, 0x0)
                0x42000000                PERIPH_BB_BASE = 0x42000000
                0x22000000                SRAM_BB_BASE = 0x22000000
                0x20000000                SRAM_BASE = 0x20000000
                0x40000000                PERIPH_BASE = 0x40000000
                0x40022000                PROVIDE (FLASH_BASE, 0x40022000)
                0x1ffff800                PROVIDE (OB_BASE, 0x1ffff800)
                0x40000000                APB1PERIPH_BASE = PERIPH_BASE
                0x40010000                APB2PERIPH_BASE = (PERIPH_BASE + 0x10000)
                0x40020000                AHBPERIPH_BASE = (PERIPH_BASE + 0x20000)
                0x40000000                PROVIDE (TIM2, (APB1PERIPH_BASE + 0x0))
                0x40000400                PROVIDE (TIM3, (APB1PERIPH_BASE + 0x400))
                0x40000800                PROVIDE (TIM4, (APB1PERIPH_BASE + 0x800))
                0x40002800                PROVIDE (RTC, (APB1PERIPH_BASE + 0x2800))
                0x40002c00                PROVIDE (WWDG, (APB1PERIPH_BASE + 0x2c00))
                0x40003000                PROVIDE (IWDG, (APB1PERIPH_BASE + 0x3000))
                0x40003800                PROVIDE (SPI2, (APB1PERIPH_BASE + 0x3800))
                0x40004400                PROVIDE (USART2, (APB1PERIPH_BASE + 0x4400))
                0x40004800                PROVIDE (USART3, (APB1PERIPH_BASE + 0x4800))
                0x40005400                PROVIDE (I2C1, (APB1PERIPH_BASE + 0x5400))
                0x40005800                PROVIDE (I2C2, (APB1PERIPH_BASE + 0x5800))
                0x40006400                PROVIDE (CAN, (APB1PERIPH_BASE + 0x6400))
                0x40006c00                PROVIDE (BKP, (APB1PERIPH_BASE + 0x6c00))
                0x40007000                PROVIDE (PWR, (APB1PERIPH_BASE + 0x7000))
                0x40010000                PROVIDE (AFIO, (APB2PERIPH_BASE + 0x0))
                0x40010400                PROVIDE (EXTI, (APB2PERIPH_BASE + 0x400))
                0x40010800                PROVIDE (GPIOA, (APB2PERIPH_BASE + 0x800))
                0x40010c00                PROVIDE (GPIOB, (APB2PERIPH_BASE + 0xc00))
                0x40011000                PROVIDE (GPIOC, (APB2PERIPH_BASE + 0x1000))
                0x40011400                PROVIDE (GPIOD, (APB2PERIPH_BASE + 0x1400))
                0x40011800                PROVIDE (GPIOE, (APB2PERIPH_BASE + 0x1800))
                0x40012400                PROVIDE (ADC1, (APB2PERIPH_BASE + 0x2400))
                0x40012800                PROVIDE (ADC2, (APB2PERIPH_BASE + 0x2800))
                0x40012c00                PROVIDE (TIM1, (APB2PERIPH_BASE + 0x2c00))
                0x40013000                PROVIDE (SPI1, (APB2PERIPH_BASE + 0x3000))
                0x40013800                PROVIDE (USART1, (APB2PERIPH_BASE + 0x3800))
                0x40020000                PROVIDE (DMA, (AHBPERIPH_BASE + 0x0))
                0x40020008                PROVIDE (DMA_Channel1, (AHBPERIPH_BASE + 0x8))
                0x4002001c                PROVIDE (DMA_Channel2, (AHBPERIPH_BASE + 0x1c))
                0x40020030                PROVIDE (DMA_Channel3, (AHBPERIPH_BASE + 0x30))
                0x40020044                PROVIDE (DMA_Channel4, (AHBPERIPH_BASE + 0x44))
                0x40020058                PROVIDE (DMA_Channel5, (AHBPERIPH_BASE + 0x58))
                0x4002006c                PROVIDE (DMA_Channel6, (AHBPERIPH_BASE + 0x6c))
                0x40020080                PROVIDE (DMA_Channel7, (AHBPERIPH_BASE + 0x80))
                0x40021000                PROVIDE (RCC, (AHBPERIPH_BASE + 0x1000))
                0xe000e000                SCS_BASE = 0xe000e000
                0xe000e010                PROVIDE (SysTick, (SCS_BASE + 0x10))
                0xe000e100                PROVIDE (NVIC, (SCS_BASE + 0x100))
                0xe000ed00                PROVIDE (SCB, (SCS_BASE + 0xd00))
                0x20005000                _estack = 0x20005000

.isr_vector     0x08000000      0x10c
                0x08000000                . = ALIGN (0x4)
 *(.isr_vector)
 .isr_vector    0x08000000      0x10c objs/startup_stm32f10x_md.o
                0x08000000                g_pfnVectors
                0x0800010c                . = ALIGN (0x4)

.text           0x0800010c     0x4d94
 *(.text .text.* .gnu.linkonce.t.*)
 .text          0x0800010c       0xc8 /opt/stm32arm/bin/../lib/gcc/arm-none-eabi/4.8.1/thumb2/crtbegin.o
 .text.NVIC_SetPriority
                0x080001d4       0x58 objs/hw_config.o
 .text.SysTick_Config
                0x0800022c       0x54 objs/hw_config.o
 .text.NVIC_Configuration
                0x08000280       0x24 objs/hw_config.o
                0x08000280                NVIC_Configuration
 .text.RCC_Configuration
                0x080002a4       0xa0 objs/hw_config.o
                0x080002a4                RCC_Configuration
 .text.SPI1_send
                0x08000344      0x1f4 objs/spi.o
                0x08000344                SPI1_send
 .text.SPI1_BusInit
                0x08000538      0x188 objs/spi.o
                0x08000538                SPI1_BusInit
 .text.spi_handleDMA1Ch2Interrupt
                0x080006c0      0x290 objs/spi.o
                0x080006c0                spi_handleDMA1Ch2Interrupt
 .text.NMI_Handler
                0x08000950        0xc objs/stm32f10x_it.o
                0x08000950                NMI_Handler
 .text.HardFault_Handler
                0x0800095c        0x8 objs/stm32f10x_it.o
                0x0800095c                HardFault_Handler
 .text.MemManage_Handler
                0x08000964        0x8 objs/stm32f10x_it.o
                0x08000964                MemManage_Handler
 .text.BusFault_Handler
                0x0800096c        0x8 objs/stm32f10x_it.o
                0x0800096c                BusFault_Handler
 .text.UsageFault_Handler
                0x08000974        0x8 objs/stm32f10x_it.o
                0x08000974                UsageFault_Handler
 .text.SVC_Handler
                0x0800097c        0xc objs/stm32f10x_it.o
                0x0800097c                SVC_Handler
 .text.DebugMon_Handler
                0x08000988        0xc objs/stm32f10x_it.o
                0x08000988                DebugMon_Handler
 .text.PendSV_Handler
                0x08000994        0xc objs/stm32f10x_it.o
                0x08000994                PendSV_Handler
 .text.SysTick_Handler
                0x080009a0        0xc objs/stm32f10x_it.o
                0x080009a0                SysTick_Handler
 .text.DMA1_Channel2_IRQHandler
                0x080009ac       0x34 objs/stm32f10x_it.o
                0x080009ac                DMA1_Channel2_IRQHandler
 .text.DMA1_Channel1_IRQHandler
                0x080009e0        0xc objs/stm32f10x_it.o
                0x080009e0                DMA1_Channel1_IRQHandler
 .text.I2C1_EV_IRQHandler
                0x080009ec        0xc objs/stm32f10x_it.o
                0x080009ec                I2C1_EV_IRQHandler
 .text.I2C1_ER_IRQHandler
                0x080009f8        0xc objs/stm32f10x_it.o
                0x080009f8                I2C1_ER_IRQHandler
 .text.I2C2_EV_IRQHandler
                0x08000a04        0xc objs/stm32f10x_it.o
                0x08000a04                I2C2_EV_IRQHandler
 .text.I2C2_ER_IRQHandler
                0x08000a10        0xc objs/stm32f10x_it.o
                0x08000a10                I2C2_ER_IRQHandler
 .text.USART2_IRQHandler
                0x08000a1c        0xc objs/stm32f10x_it.o
                0x08000a1c                USART2_IRQHandler
 .text.TIM4_IRQHandler
                0x08000a28        0xc objs/stm32f10x_it.o
                0x08000a28                TIM4_IRQHandler
 .text.messagequeue_init
                0x08000a34       0x34 objs/messagequeue.o
                0x08000a34                messagequeue_init
 .text.message_create
                0x08000a68       0x80 objs/messagequeue.o
                0x08000a68                message_create
 .text.messagequeue_i2crx_handler
                0x08000ae8       0x68 objs/messagequeue.o
                0x08000ae8                messagequeue_i2crx_handler
 .text.messagequeue_update_i2c_buffers
                0x08000b50       0x84 objs/messagequeue.o
                0x08000b50                messagequeue_update_i2c_buffers
 .text.channel_send_led_data
                0x08000bd4       0x6c objs/channelled.o
                0x08000bd4                channel_send_led_data
 .text.channel_led_init
                0x08000c40       0x60 objs/channelled.o
                0x08000c40                channel_led_init
 .text.main     0x08000ca0      0x838 objs/main.o
                0x08000ca0                main
 .text.InitializeTimer
                0x080014d8       0x74 objs/main.o
                0x080014d8                InitializeTimer
 .text.TIM3_IRQHandler
                0x0800154c       0xc0 objs/main.o
                0x0800154c                TIM3_IRQHandler
 .text.SystemInit
                0x0800160c       0x68 objs/system_stm32f10x.o
                0x0800160c                SystemInit
 .text.SetSysClock
                0x08001674        0xc objs/system_stm32f10x.o
 .text.SetSysClockTo72
                0x08001680      0x100 objs/system_stm32f10x.o
 .text.poti_send_led_data
                0x08001780      0x718 objs/poti.o
                0x08001780                poti_send_led_data
 .text.poti_value_init
                0x08001e98       0x4c objs/poti.o
                0x08001e98                poti_value_init
 .text.poti_led_init
                0x08001ee4      0x118 objs/poti.o
                0x08001ee4                poti_led_init
 .text.poti_encoder_init
                0x08001ffc      0x2bc objs/poti.o
                0x08001ffc                poti_encoder_init
 .text.read_encoder_ports
                0x080022b8      0x5b0 objs/poti.o
                0x080022b8                read_encoder_ports
 .text.Input_IRQHandler
                0x08002868       0x44 objs/poti.o
                0x08002868                Input_IRQHandler
 .text.siebensegment_send_data
                0x080028ac       0xf4 objs/siebensegment.o
                0x080028ac                siebensegment_send_data
 .text.siebensegment_init
                0x080029a0       0x38 objs/siebensegment.o
                0x080029a0                siebensegment_init
 .text.siebensegment_config
                0x080029d8      0x198 objs/siebensegment.o
                0x080029d8                siebensegment_config
 .text.asciitocharacter
                0x08002b70      0x240 objs/siebensegment.o
                0x08002b70                asciitocharacter
 .text.update_buttons
                0x08002db0      0x414 objs/buttons.o
                0x08002db0                update_buttons
 .text.pushbuttoninit
                0x080031c4      0x1ec objs/buttons.o
                0x080031c4                pushbuttoninit
 .text.I2C_InterruptInit
                0x080033b0       0x44 objs/i2c.o
                0x080033b0                I2C_InterruptInit
 .text.I2C_NVIC_Configuration
                0x080033f4       0x6c objs/i2c.o
                0x080033f4                I2C_NVIC_Configuration
 .text.I2C_Slave_BufferReadWrite
                0x08003460       0x44 objs/i2c.o
                0x08003460                I2C_Slave_BufferReadWrite
 .text.I2C_LowLevel_Init
                0x080034a4      0x210 objs/i2c.o
                0x080034a4                I2C_LowLevel_Init
 .text.I2C1_Event_IRQHandler
                0x080036b4      0x3ec objs/i2c.o
                0x080036b4                I2C1_Event_IRQHandler
 .text.I2C2_Event_IRQHandler
                0x08003aa0      0x3c0 objs/i2c.o
                0x08003aa0                I2C2_Event_IRQHandler
 .text.I2C2_Error_IRQHandler
                0x08003e60      0x1e0 objs/i2c.o
                0x08003e60                I2C2_Error_IRQHandler
 .text.I2C1_Error_IRQHandler
                0x08004040      0x1e0 objs/i2c.o
                0x08004040                I2C1_Error_IRQHandler
 .text.__REV16  0x08004220       0x24 objs/core_cm3.o
                0x08004220                __REV16
 .text.Reset_Handler
                0x08004244       0x48 objs/startup_stm32f10x_md.o
                0x08004244                Reset_Handler
 .text.Default_Handler
                0x0800428c        0x2 objs/startup_stm32f10x_md.o
                0x0800428c                EXTI2_IRQHandler
                0x0800428c                TIM1_CC_IRQHandler
                0x0800428c                PVD_IRQHandler
                0x0800428c                EXTI3_IRQHandler
                0x0800428c                EXTI0_IRQHandler
                0x0800428c                ADC1_2_IRQHandler
                0x0800428c                SPI1_IRQHandler
                0x0800428c                TAMPER_IRQHandler
                0x0800428c                DMA1_Channel4_IRQHandler
                0x0800428c                USART3_IRQHandler
                0x0800428c                RTC_IRQHandler
                0x0800428c                DMA1_Channel7_IRQHandler
                0x0800428c                CAN1_RX1_IRQHandler
                0x0800428c                DMA1_Channel6_IRQHandler
                0x0800428c                RCC_IRQHandler
                0x0800428c                TIM1_TRG_COM_IRQHandler
                0x0800428c                Default_Handler
                0x0800428c                EXTI15_10_IRQHandler
                0x0800428c                EXTI9_5_IRQHandler
                0x0800428c                SPI2_IRQHandler
                0x0800428c                DMA1_Channel5_IRQHandler
                0x0800428c                EXTI4_IRQHandler
                0x0800428c                USB_LP_CAN1_RX0_IRQHandler
                0x0800428c                USB_HP_CAN1_TX_IRQHandler
                0x0800428c                DMA1_Channel3_IRQHandler
                0x0800428c                TIM1_UP_IRQHandler
                0x0800428c                WWDG_IRQHandler
                0x0800428c                TIM2_IRQHandler
                0x0800428c                TIM1_BRK_IRQHandler
                0x0800428c                EXTI1_IRQHandler
                0x0800428c                RTCAlarm_IRQHandler
                0x0800428c                CAN1_SCE_IRQHandler
                0x0800428c                FLASH_IRQHandler
                0x0800428c                USART1_IRQHandler
                0x0800428c                USBWakeUp_IRQHandler
 *fill*         0x0800428e        0x2 
 .text.NVIC_PriorityGroupConfig
                0x08004290       0x14 ../../STM32F10x_StdPeriph_Driver/Release/libstm32f103.a(misc.o)
                0x08004290                NVIC_PriorityGroupConfig
 .text.NVIC_Init
                0x080042a4       0x68 ../../STM32F10x_StdPeriph_Driver/Release/libstm32f103.a(misc.o)
                0x080042a4                NVIC_Init
 .text.NVIC_SetVectorTable
                0x0800430c       0x14 ../../STM32F10x_StdPeriph_Driver/Release/libstm32f103.a(misc.o)
                0x0800430c                NVIC_SetVectorTable
 .text.ADC_Init
                0x08004320       0x48 ../../STM32F10x_StdPeriph_Driver/Release/libstm32f103.a(stm32f10x_adc.o)
                0x08004320                ADC_Init
 .text.ADC_Cmd  0x08004368       0x12 ../../STM32F10x_StdPeriph_Driver/Release/libstm32f103.a(stm32f10x_adc.o)
                0x08004368                ADC_Cmd
 .text.ADC_DMACmd
                0x0800437a       0x12 ../../STM32F10x_StdPeriph_Driver/Release/libstm32f103.a(stm32f10x_adc.o)
                0x0800437a                ADC_DMACmd
 .text.ADC_ResetCalibration
                0x0800438c        0xa ../../STM32F10x_StdPeriph_Driver/Release/libstm32f103.a(stm32f10x_adc.o)
                0x0800438c                ADC_ResetCalibration
 .text.ADC_GetResetCalibrationStatus
                0x08004396        0x8 ../../STM32F10x_StdPeriph_Driver/Release/libstm32f103.a(stm32f10x_adc.o)
                0x08004396                ADC_GetResetCalibrationStatus
 .text.ADC_StartCalibration
                0x0800439e        0xa ../../STM32F10x_StdPeriph_Driver/Release/libstm32f103.a(stm32f10x_adc.o)
                0x0800439e                ADC_StartCalibration
 .text.ADC_GetCalibrationStatus
                0x080043a8        0x8 ../../STM32F10x_StdPeriph_Driver/Release/libstm32f103.a(stm32f10x_adc.o)
                0x080043a8                ADC_GetCalibrationStatus
 .text.ADC_SoftwareStartConvCmd
                0x080043b0       0x12 ../../STM32F10x_StdPeriph_Driver/Release/libstm32f103.a(stm32f10x_adc.o)
                0x080043b0                ADC_SoftwareStartConvCmd
 .text.ADC_RegularChannelConfig
                0x080043c2       0x90 ../../STM32F10x_StdPeriph_Driver/Release/libstm32f103.a(stm32f10x_adc.o)
                0x080043c2                ADC_RegularChannelConfig
 .text.DMA_Init
                0x08004452       0x3e ../../STM32F10x_StdPeriph_Driver/Release/libstm32f103.a(stm32f10x_dma.o)
                0x08004452                DMA_Init
 .text.DMA_Cmd  0x08004490       0x16 ../../STM32F10x_StdPeriph_Driver/Release/libstm32f103.a(stm32f10x_dma.o)
                0x08004490                DMA_Cmd
 .text.DMA_ITConfig
                0x080044a6       0x10 ../../STM32F10x_StdPeriph_Driver/Release/libstm32f103.a(stm32f10x_dma.o)
                0x080044a6                DMA_ITConfig
 .text.DMA_SetCurrDataCounter
                0x080044b6        0x4 ../../STM32F10x_StdPeriph_Driver/Release/libstm32f103.a(stm32f10x_dma.o)
                0x080044b6                DMA_SetCurrDataCounter
 *fill*         0x080044ba        0x2 
 .text.DMA_GetFlagStatus
                0x080044bc       0x1c ../../STM32F10x_StdPeriph_Driver/Release/libstm32f103.a(stm32f10x_dma.o)
                0x080044bc                DMA_GetFlagStatus
 .text.DMA_ClearFlag
                0x080044d8       0x14 ../../STM32F10x_StdPeriph_Driver/Release/libstm32f103.a(stm32f10x_dma.o)
                0x080044d8                DMA_ClearFlag
 .text.DMA_GetITStatus
                0x080044ec       0x1c ../../STM32F10x_StdPeriph_Driver/Release/libstm32f103.a(stm32f10x_dma.o)
                0x080044ec                DMA_GetITStatus
 .text.DMA_ClearITPendingBit
                0x08004508       0x14 ../../STM32F10x_StdPeriph_Driver/Release/libstm32f103.a(stm32f10x_dma.o)
                0x08004508                DMA_ClearITPendingBit
 .text.FLASH_SetLatency
                0x0800451c       0x14 ../../STM32F10x_StdPeriph_Driver/Release/libstm32f103.a(stm32f10x_flash.o)
                0x0800451c                FLASH_SetLatency
 .text.FLASH_PrefetchBufferCmd
                0x08004530       0x18 ../../STM32F10x_StdPeriph_Driver/Release/libstm32f103.a(stm32f10x_flash.o)
                0x08004530                FLASH_PrefetchBufferCmd
 .text.GPIO_Init
                0x08004548       0xa0 ../../STM32F10x_StdPeriph_Driver/Release/libstm32f103.a(stm32f10x_gpio.o)
                0x08004548                GPIO_Init
 .text.GPIO_ReadInputDataBit
                0x080045e8        0xc ../../STM32F10x_StdPeriph_Driver/Release/libstm32f103.a(stm32f10x_gpio.o)
                0x080045e8                GPIO_ReadInputDataBit
 .text.GPIO_ReadOutputDataBit
                0x080045f4        0xc ../../STM32F10x_StdPeriph_Driver/Release/libstm32f103.a(stm32f10x_gpio.o)
                0x080045f4                GPIO_ReadOutputDataBit
 .text.GPIO_WriteBit
                0x08004600        0xa ../../STM32F10x_StdPeriph_Driver/Release/libstm32f103.a(stm32f10x_gpio.o)
                0x08004600                GPIO_WriteBit
 *fill*         0x0800460a        0x2 
 .text.I2C_DeInit
                0x0800460c       0x34 ../../STM32F10x_StdPeriph_Driver/Release/libstm32f103.a(stm32f10x_i2c.o)
                0x0800460c                I2C_DeInit
 .text.I2C_Init
                0x08004640       0xd4 ../../STM32F10x_StdPeriph_Driver/Release/libstm32f103.a(stm32f10x_i2c.o)
                0x08004640                I2C_Init
 .text.I2C_Cmd  0x08004714       0x18 ../../STM32F10x_StdPeriph_Driver/Release/libstm32f103.a(stm32f10x_i2c.o)
                0x08004714                I2C_Cmd
 .text.RCC_DeInit
                0x0800472c       0x40 ../../STM32F10x_StdPeriph_Driver/Release/libstm32f103.a(stm32f10x_rcc.o)
                0x0800472c                RCC_DeInit
 .text.RCC_HSEConfig
                0x0800476c       0x38 ../../STM32F10x_StdPeriph_Driver/Release/libstm32f103.a(stm32f10x_rcc.o)
                0x0800476c                RCC_HSEConfig
 .text.RCC_PLLConfig
                0x080047a4       0x14 ../../STM32F10x_StdPeriph_Driver/Release/libstm32f103.a(stm32f10x_rcc.o)
                0x080047a4                RCC_PLLConfig
 .text.RCC_PLLCmd
                0x080047b8        0xc ../../STM32F10x_StdPeriph_Driver/Release/libstm32f103.a(stm32f10x_rcc.o)
                0x080047b8                RCC_PLLCmd
 .text.RCC_SYSCLKConfig
                0x080047c4       0x14 ../../STM32F10x_StdPeriph_Driver/Release/libstm32f103.a(stm32f10x_rcc.o)
                0x080047c4                RCC_SYSCLKConfig
 .text.RCC_GetSYSCLKSource
                0x080047d8       0x10 ../../STM32F10x_StdPeriph_Driver/Release/libstm32f103.a(stm32f10x_rcc.o)
                0x080047d8                RCC_GetSYSCLKSource
 .text.RCC_HCLKConfig
                0x080047e8       0x14 ../../STM32F10x_StdPeriph_Driver/Release/libstm32f103.a(stm32f10x_rcc.o)
                0x080047e8                RCC_HCLKConfig
 .text.RCC_PCLK1Config
                0x080047fc       0x14 ../../STM32F10x_StdPeriph_Driver/Release/libstm32f103.a(stm32f10x_rcc.o)
                0x080047fc                RCC_PCLK1Config
 .text.RCC_PCLK2Config
                0x08004810       0x14 ../../STM32F10x_StdPeriph_Driver/Release/libstm32f103.a(stm32f10x_rcc.o)
                0x08004810                RCC_PCLK2Config
 .text.RCC_ADCCLKConfig
                0x08004824       0x14 ../../STM32F10x_StdPeriph_Driver/Release/libstm32f103.a(stm32f10x_rcc.o)
                0x08004824                RCC_ADCCLKConfig
 .text.RCC_GetClocksFreq
                0x08004838       0x8c ../../STM32F10x_StdPeriph_Driver/Release/libstm32f103.a(stm32f10x_rcc.o)
                0x08004838                RCC_GetClocksFreq
 .text.RCC_AHBPeriphClockCmd
                0x080048c4       0x18 ../../STM32F10x_StdPeriph_Driver/Release/libstm32f103.a(stm32f10x_rcc.o)
                0x080048c4                RCC_AHBPeriphClockCmd
 .text.RCC_APB2PeriphClockCmd
                0x080048dc       0x18 ../../STM32F10x_StdPeriph_Driver/Release/libstm32f103.a(stm32f10x_rcc.o)
                0x080048dc                RCC_APB2PeriphClockCmd
 .text.RCC_APB1PeriphClockCmd
                0x080048f4       0x18 ../../STM32F10x_StdPeriph_Driver/Release/libstm32f103.a(stm32f10x_rcc.o)
                0x080048f4                RCC_APB1PeriphClockCmd
 .text.RCC_APB1PeriphResetCmd
                0x0800490c       0x18 ../../STM32F10x_StdPeriph_Driver/Release/libstm32f103.a(stm32f10x_rcc.o)
                0x0800490c                RCC_APB1PeriphResetCmd
 .text.RCC_GetFlagStatus
                0x08004924       0x28 ../../STM32F10x_StdPeriph_Driver/Release/libstm32f103.a(stm32f10x_rcc.o)
                0x08004924                RCC_GetFlagStatus
 .text.RCC_WaitForHSEStartUp
                0x0800494c       0x30 ../../STM32F10x_StdPeriph_Driver/Release/libstm32f103.a(stm32f10x_rcc.o)
                0x0800494c                RCC_WaitForHSEStartUp
 .text.SPI_Init
                0x0800497c       0x3e ../../STM32F10x_StdPeriph_Driver/Release/libstm32f103.a(stm32f10x_spi.o)
                0x0800497c                SPI_Init
 .text.SPI_Cmd  0x080049ba       0x18 ../../STM32F10x_StdPeriph_Driver/Release/libstm32f103.a(stm32f10x_spi.o)
                0x080049ba                SPI_Cmd
 .text.SPI_I2S_DMACmd
                0x080049d2       0x12 ../../STM32F10x_StdPeriph_Driver/Release/libstm32f103.a(stm32f10x_spi.o)
                0x080049d2                SPI_I2S_DMACmd
 .text.SPI_I2S_GetFlagStatus
                0x080049e4        0xc ../../STM32F10x_StdPeriph_Driver/Release/libstm32f103.a(stm32f10x_spi.o)
                0x080049e4                SPI_I2S_GetFlagStatus
 .text.TIM_TimeBaseInit
                0x080049f0       0x94 ../../STM32F10x_StdPeriph_Driver/Release/libstm32f103.a(stm32f10x_tim.o)
                0x080049f0                TIM_TimeBaseInit
 .text.TIM_Cmd  0x08004a84       0x18 ../../STM32F10x_StdPeriph_Driver/Release/libstm32f103.a(stm32f10x_tim.o)
                0x08004a84                TIM_Cmd
 .text.TIM_ITConfig
                0x08004a9c       0x12 ../../STM32F10x_StdPeriph_Driver/Release/libstm32f103.a(stm32f10x_tim.o)
                0x08004a9c                TIM_ITConfig
 .text.TIM_GetITStatus
                0x08004aae       0x16 ../../STM32F10x_StdPeriph_Driver/Release/libstm32f103.a(stm32f10x_tim.o)
                0x08004aae                TIM_GetITStatus
 .text.TIM_ClearITPendingBit
                0x08004ac4        0x8 ../../STM32F10x_StdPeriph_Driver/Release/libstm32f103.a(stm32f10x_tim.o)
                0x08004ac4                TIM_ClearITPendingBit
 .text          0x08004acc       0x5c /opt/stm32arm/bin/../lib/gcc/arm-none-eabi/4.8.1/../../../../arm-none-eabi/lib/thumb2/libc.a(lib_a-init.o)
                0x08004acc                __libc_init_array
 *(.rodata .rodata.* .gnu.linkonce.r.*)
 .rodata.channel_led_lookup
                0x08004b28       0x1c objs/channelled.o
                0x08004b28                channel_led_lookup
 .rodata.rotarytable
                0x08004b44       0x10 objs/poti.o
                0x08004b44                rotarytable
 .rodata.ledpower
                0x08004b54      0x300 objs/poti.o
                0x08004b54                ledpower
 .rodata.characters
                0x08004e54       0x28 objs/siebensegment.o
                0x08004e54                characters
 *(.eh_frame_hdr)
 *(.eh_frame)
 .eh_frame      0x08004e7c        0x0 /opt/stm32arm/bin/../lib/gcc/arm-none-eabi/4.8.1/thumb2/crtbegin.o
 *(.gcc_except_table)
 *(.eh_frame_hdr)
 *(.eh_frame)
                0x08004e7c                . = ALIGN (0x4)
 *(.init)
 .init          0x08004e7c        0x4 /opt/stm32arm/bin/../lib/gcc/arm-none-eabi/4.8.1/thumb2/crti.o
                0x08004e7c                _init
 .init          0x08004e80        0x8 /opt/stm32arm/bin/../lib/gcc/arm-none-eabi/4.8.1/thumb2/crtn.o
                0x08004e88                . = ALIGN (0x4)
                0x08004e88                __preinit_array_start = .
 *(.preinit_array)
                0x08004e88                __preinit_array_end = .
                0x08004e88                . = ALIGN (0x4)
                0x08004e88                __init_array_start = .
 *(SORT(.init_array.*))
 *(.init_array)
 .init_array    0x08004e88        0x4 /opt/stm32arm/bin/../lib/gcc/arm-none-eabi/4.8.1/thumb2/crtbegin.o
                0x08004e8c                __init_array_end = .
                0x08004e8c                . = ALIGN (0x4)
 *crtbegin.o(.ctors)
 *(EXCLUDE_FILE(*crtend.o) .ctors)
 *(SORT(.ctors.*))
 *crtend.o(.ctors)
                0x08004e8c                . = ALIGN (0x4)
 *(.fini)
 .fini          0x08004e8c        0x4 /opt/stm32arm/bin/../lib/gcc/arm-none-eabi/4.8.1/thumb2/crti.o
                0x08004e8c                _fini
 .fini          0x08004e90        0x8 /opt/stm32arm/bin/../lib/gcc/arm-none-eabi/4.8.1/thumb2/crtn.o
                0x08004e98                . = ALIGN (0x4)
                0x08004e98                __fini_array_start = .
 *(.fini_array)
 .fini_array    0x08004e98        0x4 /opt/stm32arm/bin/../lib/gcc/arm-none-eabi/4.8.1/thumb2/crtbegin.o
 *(SORT(.fini_array.*))
                0x08004e9c                __fini_array_end = .
 *crtbegin.o(.dtors)
 *(EXCLUDE_FILE(*crtend.o) .dtors)
 *(SORT(.dtors.*))
 *crtend.o(.dtors)
                0x08004ea0                . = ALIGN (0x8)
 *fill*         0x08004e9c        0x4 
                0x08004ea0                _etext = .
                0x08004ea0                _sidata = _etext
                0x08004ea0                __exidx_start = .

.glue_7         0x08004ea0        0x0
 .glue_7        0x00000000        0x0 linker stubs

.glue_7t        0x08004ea0        0x0
 .glue_7t       0x00000000        0x0 linker stubs

.vfp11_veneer   0x08004ea0        0x0
 .vfp11_veneer  0x00000000        0x0 linker stubs

.v4_bx          0x08004ea0        0x0
 .v4_bx         0x00000000        0x0 linker stubs

.iplt           0x08004ea0        0x0
 .iplt          0x00000000        0x0 /opt/stm32arm/bin/../lib/gcc/arm-none-eabi/4.8.1/thumb2/crtbegin.o

.rel.dyn        0x08004ea0        0x0
 .rel.iplt      0x00000000        0x0 /opt/stm32arm/bin/../lib/gcc/arm-none-eabi/4.8.1/thumb2/crtbegin.o

.ARM.exidx
 *(.ARM.exidx* .gnu.linkonce.armexidx.*)
                0x08004ea0                __exidx_end = .

.data           0x20000000       0x15 load address 0x08004ea0
                0x08004ea0                _flash_data = LOADADDR (.data)
                0x20000000                _data = .
                0x20000000                _sdata = .
 *(vtable)
 *(.data .data.* .gnu.linkonce.d.*)
 .data.I2C2_BUSY
                0x20000000        0x1 objs/i2c.o
                0x20000000                I2C2_BUSY
 .data.ADCPrescTable
                0x20000001        0x4 ../../STM32F10x_StdPeriph_Driver/Release/libstm32f103.a(stm32f10x_rcc.o)
 .data.APBAHBPrescTable
                0x20000005       0x10 ../../STM32F10x_StdPeriph_Driver/Release/libstm32f103.a(stm32f10x_rcc.o)
                0x20000015                _edata = .

.jcr            0x20000018        0x0 load address 0x08004eb5
 .jcr           0x20000018        0x0 /opt/stm32arm/bin/../lib/gcc/arm-none-eabi/4.8.1/thumb2/crtbegin.o

.tm_clone_table
                0x20000018        0x0 load address 0x08004eb5
 .tm_clone_table
                0x20000018        0x0 /opt/stm32arm/bin/../lib/gcc/arm-none-eabi/4.8.1/thumb2/crtbegin.o
 .tm_clone_table
                0x20000018        0x0 /opt/stm32arm/bin/../lib/gcc/arm-none-eabi/4.8.1/thumb2/crtend.o

.igot.plt       0x20000018        0x0 load address 0x08004eb5
 .igot.plt      0x00000000        0x0 /opt/stm32arm/bin/../lib/gcc/arm-none-eabi/4.8.1/thumb2/crtbegin.o

.bss            0x20000018      0x1e4 load address 0x08004eb5
                0x20000018                _bss = .
                0x20000018                _sbss = .
 *(.bss .bss.* .gnu.linkonce.b.*)
 .bss           0x20000018       0x1c /opt/stm32arm/bin/../lib/gcc/arm-none-eabi/4.8.1/thumb2/crtbegin.o
 .bss.txdata.6886
                0x20000034        0x2 objs/channelled.o
 .bss.rxdata.6887
                0x20000036        0x2 objs/channelled.o
 .bss.regdata.6904
                0x20000038        0x4 objs/siebensegment.o
 .bss.buttonbounce.6924
                0x2000003c       0x14 objs/buttons.o
 .bss.buttontrigger.6925
                0x20000050        0x2 objs/buttons.o
 .bss.Tx_Idx1   0x20000052        0x1 objs/i2c.o
                0x20000052                Tx_Idx1
 .bss.Rx_Idx1   0x20000053        0x1 objs/i2c.o
                0x20000053                Rx_Idx1
 .bss.Tx_Idx2   0x20000054        0x1 objs/i2c.o
                0x20000054                Tx_Idx2
 .bss.Rx_Idx2   0x20000055        0x1 objs/i2c.o
                0x20000055                Rx_Idx2
 *(COMMON)
 COMMON         0x20000056        0x3 objs/spi.o
                0x20000056                GL_spi_send_call
                0x20000057                GL_spi1_block
                0x20000058                GL_spi_irq_call
 *fill*         0x20000059        0x3 
 COMMON         0x2000005c       0x44 objs/messagequeue.o
                0x2000005c                GL_messagequeue
                0x2000009c                GL_firstmessage
                0x2000009d                GL_currentmessage
                0x2000009e                GL_messagequeue_elements
                0x2000009f                GL_i2c_messagequeue_busy
 COMMON         0x200000a0       0x12 objs/main.o
                0x200000a0                systemevent
                0x200000a4                GL_led_displayreg
 *fill*         0x200000b2        0x2 
 COMMON         0x200000b4       0x8f objs/poti.o
                0x200000b4                prevrotaryportstateB
                0x200000b8                ledvalue
                0x200000e0                potdelta
                0x200000e7                rotaryportstateB
                0x200000e8                poti_data
                0x20000110                rx_data
                0x20000138                prevrotaryportstateA
                0x20000139                rotaryportstateA
                0x2000013c                potstate
 *fill*         0x20000143        0x1 
 COMMON         0x20000144        0xb objs/buttons.o
                0x20000144                buttonstat
                0x20000148                ADCBuffer
                0x2000014e                buttonnum
 *fill*         0x2000014f        0x1 
 COMMON         0x20000150       0xac objs/i2c.o
                0x20000150                Buffer_Rx2
                0x20000164                Buffer_Tx1
                0x20000178                I2C_InitStructure1
                0x20000188                Buffer_Tx2
                0x2000019c                I2CDMA_InitStructure
                0x200001c8                Buffer_Rx1
                0x200001dc                i2c_rx_event
                0x200001dd                Address
                0x200001e0                I2C_InitStructure2
                0x200001f0                NumbOfBytes2
                0x200001f4                NumbOfBytes1
                0x200001f8                I2CDirection
                0x200001fc                . = ALIGN (0x4)
                0x200001fc                _ebss = .
                0x200001fc                PROVIDE (__HEAP_START, _end)
                0x200001fc                PROVIDE (end, _ebss)
                0x200001fc                PROVIDE (_end, _ebss)

._usrstack      0x200001fc      0x800 load address 0x08004eb5
                0x200001fc                . = ALIGN (0x4)
                0x200001fc                _susrstack = .
                0x200009fc                . = (. + _Minimum_Stack_Size)
 *fill*         0x200001fc      0x800 
                0x200009fc                . = ALIGN (0x4)
                0x200009fc                _eusrstack = .
OUTPUT(diyaxis_img.elf elf32-littlearm)

.ARM.attributes
                0x00000000       0x27
 .ARM.attributes
                0x00000000       0x19 /opt/stm32arm/bin/../lib/gcc/arm-none-eabi/4.8.1/thumb2/crti.o
 .ARM.attributes
                0x00000019       0x29 /opt/stm32arm/bin/../lib/gcc/arm-none-eabi/4.8.1/thumb2/crtbegin.o
 .ARM.attributes
                0x00000042       0x33 objs/hw_config.o
 .ARM.attributes
                0x00000075       0x33 objs/spi.o
 .ARM.attributes
                0x000000a8       0x33 objs/stm32f10x_it.o
 .ARM.attributes
                0x000000db       0x33 objs/messagequeue.o
 .ARM.attributes
                0x0000010e       0x33 objs/channelled.o
 .ARM.attributes
                0x00000141       0x33 objs/main.o
 .ARM.attributes
                0x00000174       0x33 objs/system_stm32f10x.o
 .ARM.attributes
                0x000001a7       0x33 objs/poti.o
 .ARM.attributes
                0x000001da       0x33 objs/siebensegment.o
 .ARM.attributes
                0x0000020d       0x33 objs/buttons.o
 .ARM.attributes
                0x00000240       0x33 objs/i2c.o
 .ARM.attributes
                0x00000273       0x33 objs/core_cm3.o
 .ARM.attributes
                0x000002a6       0x21 objs/startup_stm32f10x_md.o
 .ARM.attributes
                0x000002c7       0x33 ../../STM32F10x_StdPeriph_Driver/Release/libstm32f103.a(misc.o)
 .ARM.attributes
                0x000002fa       0x33 ../../STM32F10x_StdPeriph_Driver/Release/libstm32f103.a(stm32f10x_adc.o)
 .ARM.attributes
                0x0000032d       0x33 ../../STM32F10x_StdPeriph_Driver/Release/libstm32f103.a(stm32f10x_dma.o)
 .ARM.attributes
                0x00000360       0x33 ../../STM32F10x_StdPeriph_Driver/Release/libstm32f103.a(stm32f10x_flash.o)
 .ARM.attributes
                0x00000393       0x33 ../../STM32F10x_StdPeriph_Driver/Release/libstm32f103.a(stm32f10x_gpio.o)
 .ARM.attributes
                0x000003c6       0x33 ../../STM32F10x_StdPeriph_Driver/Release/libstm32f103.a(stm32f10x_i2c.o)
 .ARM.attributes
                0x000003f9       0x33 ../../STM32F10x_StdPeriph_Driver/Release/libstm32f103.a(stm32f10x_rcc.o)
 .ARM.attributes
                0x0000042c       0x33 ../../STM32F10x_StdPeriph_Driver/Release/libstm32f103.a(stm32f10x_spi.o)
 .ARM.attributes
                0x0000045f       0x33 ../../STM32F10x_StdPeriph_Driver/Release/libstm32f103.a(stm32f10x_tim.o)
 .ARM.attributes
                0x00000492       0x29 /opt/stm32arm/bin/../lib/gcc/arm-none-eabi/4.8.1/../../../../arm-none-eabi/lib/thumb2/libc.a(lib_a-init.o)
 .ARM.attributes
                0x000004bb       0x29 /opt/stm32arm/bin/../lib/gcc/arm-none-eabi/4.8.1/thumb2/crtend.o
 .ARM.attributes
                0x000004e4       0x19 /opt/stm32arm/bin/../lib/gcc/arm-none-eabi/4.8.1/thumb2/crtn.o

.comment        0x00000000       0x50
 .comment       0x00000000       0x30 objs/hw_config.o
                                 0x31 (size before relaxing)
 .comment       0x00000000       0x31 objs/spi.o
 .comment       0x00000030       0x20 objs/stm32f10x_it.o
                                 0x21 (size before relaxing)
 .comment       0x00000000       0x21 objs/messagequeue.o
 .comment       0x00000000       0x21 objs/channelled.o
 .comment       0x00000000       0x31 objs/main.o
 .comment       0x00000000       0x21 objs/system_stm32f10x.o
 .comment       0x00000000       0x31 objs/poti.o
 .comment       0x00000000       0x21 objs/siebensegment.o
 .comment       0x00000000       0x31 objs/buttons.o
 .comment       0x00000000       0x31 objs/i2c.o
 .comment       0x00000000       0x21 objs/core_cm3.o
 .comment       0x00000000       0x31 ../../STM32F10x_StdPeriph_Driver/Release/libstm32f103.a(misc.o)
 .comment       0x00000000       0x31 ../../STM32F10x_StdPeriph_Driver/Release/libstm32f103.a(stm32f10x_adc.o)
 .comment       0x00000000       0x31 ../../STM32F10x_StdPeriph_Driver/Release/libstm32f103.a(stm32f10x_dma.o)
 .comment       0x00000000       0x31 ../../STM32F10x_StdPeriph_Driver/Release/libstm32f103.a(stm32f10x_flash.o)
 .comment       0x00000000       0x31 ../../STM32F10x_StdPeriph_Driver/Release/libstm32f103.a(stm32f10x_gpio.o)
 .comment       0x00000000       0x31 ../../STM32F10x_StdPeriph_Driver/Release/libstm32f103.a(stm32f10x_i2c.o)
 .comment       0x00000000       0x31 ../../STM32F10x_StdPeriph_Driver/Release/libstm32f103.a(stm32f10x_rcc.o)
 .comment       0x00000000       0x31 ../../STM32F10x_StdPeriph_Driver/Release/libstm32f103.a(stm32f10x_spi.o)
 .comment       0x00000000       0x31 ../../STM32F10x_StdPeriph_Driver/Release/libstm32f103.a(stm32f10x_tim.o)

.debug_info     0x00000000     0x434e
 .debug_info    0x00000000      0x603 objs/hw_config.o
 .debug_info    0x00000603      0x745 objs/spi.o
 .debug_info    0x00000d48      0x1e8 objs/stm32f10x_it.o
 .debug_info    0x00000f30      0x25c objs/messagequeue.o
 .debug_info    0x0000118c      0x2c7 objs/channelled.o
 .debug_info    0x00001453      0x84d objs/main.o
 .debug_info    0x00001ca0      0x438 objs/system_stm32f10x.o
 .debug_info    0x000020d8      0x90a objs/poti.o
 .debug_info    0x000029e2      0x39e objs/siebensegment.o
 .debug_info    0x00002d80      0x6bf objs/buttons.o
 .debug_info    0x0000343f      0x973 objs/i2c.o
 .debug_info    0x00003db2      0x52b objs/core_cm3.o
 .debug_info    0x000042dd       0x71 objs/startup_stm32f10x_md.o

.debug_abbrev   0x00000000     0x1153
 .debug_abbrev  0x00000000      0x1af objs/hw_config.o
 .debug_abbrev  0x000001af      0x18c objs/spi.o
 .debug_abbrev  0x0000033b       0x90 objs/stm32f10x_it.o
 .debug_abbrev  0x000003cb      0x12c objs/messagequeue.o
 .debug_abbrev  0x000004f7      0x162 objs/channelled.o
 .debug_abbrev  0x00000659      0x1c6 objs/main.o
 .debug_abbrev  0x0000081f      0x179 objs/system_stm32f10x.o
 .debug_abbrev  0x00000998      0x20f objs/poti.o
 .debug_abbrev  0x00000ba7      0x196 objs/siebensegment.o
 .debug_abbrev  0x00000d3d      0x13d objs/buttons.o
 .debug_abbrev  0x00000e7a      0x219 objs/i2c.o
 .debug_abbrev  0x00001093       0xae objs/core_cm3.o
 .debug_abbrev  0x00001141       0x12 objs/startup_stm32f10x_md.o

.debug_aranges  0x00000000      0x3f8
 .debug_aranges
                0x00000000       0x38 objs/hw_config.o
 .debug_aranges
                0x00000038       0x30 objs/spi.o
 .debug_aranges
                0x00000068       0xa0 objs/stm32f10x_it.o
 .debug_aranges
                0x00000108       0x38 objs/messagequeue.o
 .debug_aranges
                0x00000140       0x28 objs/channelled.o
 .debug_aranges
                0x00000168       0x40 objs/main.o
 .debug_aranges
                0x000001a8       0x38 objs/system_stm32f10x.o
 .debug_aranges
                0x000001e0       0x48 objs/poti.o
 .debug_aranges
                0x00000228       0x40 objs/siebensegment.o
 .debug_aranges
                0x00000268       0x28 objs/buttons.o
 .debug_aranges
                0x00000290       0x78 objs/i2c.o
 .debug_aranges
                0x00000308       0xc8 objs/core_cm3.o
 .debug_aranges
                0x000003d0       0x28 objs/startup_stm32f10x_md.o

.debug_ranges   0x00000000      0x330
 .debug_ranges  0x00000000       0x28 objs/hw_config.o
 .debug_ranges  0x00000028       0x20 objs/spi.o
 .debug_ranges  0x00000048       0x90 objs/stm32f10x_it.o
 .debug_ranges  0x000000d8       0x28 objs/messagequeue.o
 .debug_ranges  0x00000100       0x18 objs/channelled.o
 .debug_ranges  0x00000118       0x30 objs/main.o
 .debug_ranges  0x00000148       0x28 objs/system_stm32f10x.o
 .debug_ranges  0x00000170       0x38 objs/poti.o
 .debug_ranges  0x000001a8       0x30 objs/siebensegment.o
 .debug_ranges  0x000001d8       0x18 objs/buttons.o
 .debug_ranges  0x000001f0       0x68 objs/i2c.o
 .debug_ranges  0x00000258       0xb8 objs/core_cm3.o
 .debug_ranges  0x00000310       0x20 objs/startup_stm32f10x_md.o

.debug_line     0x00000000     0x1bc0
 .debug_line    0x00000000      0x189 objs/hw_config.o
 .debug_line    0x00000189      0x25f objs/spi.o
 .debug_line    0x000003e8      0x200 objs/stm32f10x_it.o
 .debug_line    0x000005e8      0x1a5 objs/messagequeue.o
 .debug_line    0x0000078d      0x172 objs/channelled.o
 .debug_line    0x000008ff      0x2af objs/main.o
 .debug_line    0x00000bae      0x19b objs/system_stm32f10x.o
 .debug_line    0x00000d49      0x3a3 objs/poti.o
 .debug_line    0x000010ec      0x275 objs/siebensegment.o
 .debug_line    0x00001361      0x218 objs/buttons.o
 .debug_line    0x00001579      0x37f objs/i2c.o
 .debug_line    0x000018f8      0x24e objs/core_cm3.o
 .debug_line    0x00001b46       0x7a objs/startup_stm32f10x_md.o

.debug_str      0x00000000     0x176f
 .debug_str     0x00000000      0x5b7 objs/hw_config.o
                                0x61f (size before relaxing)
 .debug_str     0x000005b7      0x457 objs/spi.o
                                0x8eb (size before relaxing)
 .debug_str     0x00000a0e      0x1e5 objs/stm32f10x_it.o
                                0x2d3 (size before relaxing)
 .debug_str     0x00000bf3       0xff objs/messagequeue.o
                                0x2b4 (size before relaxing)
 .debug_str     0x00000cf2       0x49 objs/channelled.o
                                0x351 (size before relaxing)
 .debug_str     0x00000d3b      0x20b objs/main.o
                                0x7b7 (size before relaxing)
 .debug_str     0x00000f46       0xfe objs/system_stm32f10x.o
                                0x2e8 (size before relaxing)
 .debug_str     0x00001044      0x144 objs/poti.o
                                0x94a (size before relaxing)
 .debug_str     0x00001188       0xaa objs/siebensegment.o
                                0x3ac (size before relaxing)
 .debug_str     0x00001232      0x148 objs/buttons.o
                                0x845 (size before relaxing)
 .debug_str     0x0000137a      0x280 objs/i2c.o
                                0xa01 (size before relaxing)
 .debug_str     0x000015fa      0x175 objs/core_cm3.o
                                0x301 (size before relaxing)

.debug_frame    0x00000000      0xa64
 .debug_frame   0x00000000       0x88 objs/hw_config.o
 .debug_frame   0x00000088       0x6c objs/spi.o
 .debug_frame   0x000000f4      0x1c4 objs/stm32f10x_it.o
 .debug_frame   0x000002b8       0x78 objs/messagequeue.o
 .debug_frame   0x00000330       0x50 objs/channelled.o
 .debug_frame   0x00000380       0xac objs/main.o
 .debug_frame   0x0000042c       0x80 objs/system_stm32f10x.o
 .debug_frame   0x000004ac       0xcc objs/poti.o
 .debug_frame   0x00000578       0xac objs/siebensegment.o
 .debug_frame   0x00000624       0x50 objs/buttons.o
 .debug_frame   0x00000674      0x17c objs/i2c.o
 .debug_frame   0x000007f0      0x248 objs/core_cm3.o
 .debug_frame   0x00000a38       0x2c /opt/stm32arm/bin/../lib/gcc/arm-none-eabi/4.8.1/../../../../arm-none-eabi/lib/thumb2/libc.a(lib_a-init.o)
