Archive member included to satisfy reference by file (symbol)

../../STM32F10x_StdPeriph_Driver/Release/libstm32f103.a(misc.o)
                              objs/spi.o (NVIC_Init)
../../STM32F10x_StdPeriph_Driver/Release/libstm32f103.a(stm32f10x_dma.o)
                              objs/spi.o (DMA_Init)
../../STM32F10x_StdPeriph_Driver/Release/libstm32f103.a(stm32f10x_exti.o)
                              objs/stm32_eval.o (EXTI_Init)
../../STM32F10x_StdPeriph_Driver/Release/libstm32f103.a(stm32f10x_flash.o)
                              objs/stm32_eval.o (FLASH_SetLatency)
../../STM32F10x_StdPeriph_Driver/Release/libstm32f103.a(stm32f10x_gpio.o)
                              objs/outputs.o (GPIO_Init)
../../STM32F10x_StdPeriph_Driver/Release/libstm32f103.a(stm32f10x_i2c.o)
                              objs/i2c.o (I2C_Init)
../../STM32F10x_StdPeriph_Driver/Release/libstm32f103.a(stm32f10x_rcc.o)
                              objs/stm32_eval.o (RCC_DeInit)
../../STM32F10x_StdPeriph_Driver/Release/libstm32f103.a(stm32f10x_spi.o)
                              objs/stm32_eval_lcd.o (SPI_I2S_DeInit)
../../STM32F10x_StdPeriph_Driver/Release/libstm32f103.a(stm32f10x_tim.o)
                              objs/main.o (TIM_TimeBaseInit)
../../STM32F10x_StdPeriph_Driver/Release/libstm32f103.a(stm32f10x_usart.o)
                              objs/usart.o (USART_Init)
../../Embedded_GUI_Library/Release/libstm32f103.a(graphicObject.o)
                              objs/stm32f10x_it.o (TimingDelay_Decrement)
../../Embedded_GUI_Library/Release/libstm32f103.a(images.o)
                              ../../Embedded_GUI_Library/Release/libstm32f103.a(graphicObject.o) (SlidebarCursor)
../../Embedded_GUI_Library/Release/libstm32f103.a(cursor.o)
                              ../../Embedded_GUI_Library/Release/libstm32f103.a(graphicObject.o) (Cursor)
/usr/lib/gcc/arm-none-eabi/4.8/armv7-m/libgcc.a(_arm_addsubdf3.o)
                              ../../Embedded_GUI_Library/Release/libstm32f103.a(graphicObject.o) (__aeabi_dsub)
/usr/lib/gcc/arm-none-eabi/4.8/armv7-m/libgcc.a(_arm_muldivdf3.o)
                              objs/stm32_eval_lcd.o (__aeabi_dmul)
/usr/lib/gcc/arm-none-eabi/4.8/armv7-m/libgcc.a(_arm_cmpdf2.o)
                              objs/stm32_eval_lcd.o (__aeabi_dcmplt)
/usr/lib/gcc/arm-none-eabi/4.8/armv7-m/libgcc.a(_arm_fixunsdfsi.o)
                              objs/stm32_eval_lcd.o (__aeabi_d2uiz)
/usr/lib/gcc/arm-none-eabi/4.8/../../../arm-none-eabi/lib/armv7-m/libg.a(lib_a-atexit.o)
                              /usr/lib/gcc/arm-none-eabi/4.8/../../../arm-none-eabi/lib/armv7-m/crt0.o (atexit)
/usr/lib/gcc/arm-none-eabi/4.8/../../../arm-none-eabi/lib/armv7-m/libg.a(lib_a-exit.o)
                              /usr/lib/gcc/arm-none-eabi/4.8/../../../arm-none-eabi/lib/armv7-m/crt0.o (exit)
/usr/lib/gcc/arm-none-eabi/4.8/../../../arm-none-eabi/lib/armv7-m/libg.a(lib_a-fini.o)
                              /usr/lib/gcc/arm-none-eabi/4.8/../../../arm-none-eabi/lib/armv7-m/crt0.o (__libc_fini_array)
/usr/lib/gcc/arm-none-eabi/4.8/../../../arm-none-eabi/lib/armv7-m/libg.a(lib_a-impure.o)
                              /usr/lib/gcc/arm-none-eabi/4.8/../../../arm-none-eabi/lib/armv7-m/libg.a(lib_a-exit.o) (_global_impure_ptr)
/usr/lib/gcc/arm-none-eabi/4.8/../../../arm-none-eabi/lib/armv7-m/libg.a(lib_a-init.o)
                              /usr/lib/gcc/arm-none-eabi/4.8/../../../arm-none-eabi/lib/armv7-m/crt0.o (__libc_init_array)
/usr/lib/gcc/arm-none-eabi/4.8/../../../arm-none-eabi/lib/armv7-m/libg.a(lib_a-malloc.o)
                              ../../Embedded_GUI_Library/Release/libstm32f103.a(graphicObject.o) (malloc)
/usr/lib/gcc/arm-none-eabi/4.8/../../../arm-none-eabi/lib/armv7-m/libg.a(lib_a-mallocr.o)
                              /usr/lib/gcc/arm-none-eabi/4.8/../../../arm-none-eabi/lib/armv7-m/libg.a(lib_a-malloc.o) (_malloc_r)
/usr/lib/gcc/arm-none-eabi/4.8/../../../arm-none-eabi/lib/armv7-m/libg.a(lib_a-memcpy.o)
                              ../../Embedded_GUI_Library/Release/libstm32f103.a(graphicObject.o) (memcpy)
/usr/lib/gcc/arm-none-eabi/4.8/../../../arm-none-eabi/lib/armv7-m/libg.a(lib_a-memset.o)
                              /usr/lib/gcc/arm-none-eabi/4.8/../../../arm-none-eabi/lib/armv7-m/crt0.o (memset)
/usr/lib/gcc/arm-none-eabi/4.8/../../../arm-none-eabi/lib/armv7-m/libg.a(lib_a-mlock.o)
                              /usr/lib/gcc/arm-none-eabi/4.8/../../../arm-none-eabi/lib/armv7-m/libg.a(lib_a-mallocr.o) (__malloc_lock)
/usr/lib/gcc/arm-none-eabi/4.8/../../../arm-none-eabi/lib/armv7-m/libg.a(lib_a-sbrkr.o)
                              /usr/lib/gcc/arm-none-eabi/4.8/../../../arm-none-eabi/lib/armv7-m/libg.a(lib_a-mallocr.o) (_sbrk_r)
/usr/lib/gcc/arm-none-eabi/4.8/../../../arm-none-eabi/lib/armv7-m/libg.a(lib_a-sprintf.o)
                              ../../Embedded_GUI_Library/Release/libstm32f103.a(graphicObject.o) (sprintf)
[...]
Memory Configuration

Name             Origin             Length             Attributes
RAM              0x0000000020000000 0x0000000000005000 xrw
FLASH            0x0000000008000000 0x0000000000010000 xr
*default*        0x0000000000000000 0xffffffffffffffff

Linker script and memory map

LOAD /usr/lib/gcc/arm-none-eabi/4.8/armv7-m/crti.o
LOAD /usr/lib/gcc/arm-none-eabi/4.8/armv7-m/crtbegin.o
LOAD /usr/lib/gcc/arm-none-eabi/4.8/../../../arm-none-eabi/lib/armv7-m/crt0.o
LOAD /usr/lib/gcc/arm-none-eabi/4.8/../../../arm-none-eabi/lib/armv7-m/libm.a
LOAD objs/outputs.o
LOAD objs/midi.o
LOAD objs/syscalls.o
LOAD objs/hw_config.o
LOAD objs/spi.o
LOAD objs/stm32f10x_it.o
LOAD objs/main.o
LOAD objs/system_stm32f10x.o
LOAD objs/eeprom.o
LOAD objs/i2c.o
LOAD objs/usart.o
LOAD objs/core_cm3.o
LOAD objs/stm32_eval_lcd.o
LOAD objs/stm32_eval.o
LOAD objs/startup_stm32f10x_md.o
LOAD ../../STM32F10x_StdPeriph_Driver/Release/libstm32f103.a
LOAD /opt/stm32arm/arm-none-eabi/lib/thumb/libm.a
LOAD ../../Embedded_GUI_HAL/Release/libstm32f103.a
LOAD ../../Embedded_GUI_Library/Release/libstm32f103.a
START GROUP
LOAD /usr/lib/gcc/arm-none-eabi/4.8/armv7-m/libgcc.a
LOAD /usr/lib/gcc/arm-none-eabi/4.8/../../../arm-none-eabi/lib/armv7-m/libg.a
LOAD /usr/lib/gcc/arm-none-eabi/4.8/../../../arm-none-eabi/lib/armv7-m/libc.a
END GROUP
LOAD /usr/lib/gcc/arm-none-eabi/4.8/armv7-m/crtend.o
LOAD /usr/lib/gcc/arm-none-eabi/4.8/armv7-m/crtn.o
                0x0000000000000800                __Stack_Size = 0x800
                0x0000000000000800                PROVIDE (_Stack_Size, __Stack_Size)
                0x0000000020004800                __Stack_Init = (_estack - __Stack_Size)
                0x0000000020004800                PROVIDE (_Stack_Init, __Stack_Init)
                0x0000000000000800                _Minimum_Stack_Size = 0x800
                0x0000000000000000                PROVIDE (Undefined_Handler, 0x0)
                0x0000000000000000                PROVIDE (SWI_Handler, 0x0)
                0x0000000000000000                PROVIDE (IRQ_Handler, 0x0)
                0x0000000000000000                PROVIDE (Prefetch_Handler, 0x0)
                0x0000000000000000                PROVIDE (Abort_Handler, 0x0)
                0x0000000000000000                PROVIDE (FIQ_Handler, 0x0)
                0x0000000000000000                PROVIDE (NMIException, 0x0)
                0x0000000000000000                PROVIDE (HardFaultException, 0x0)
                0x0000000000000000                PROVIDE (MemManageException, 0x0)
                0x0000000000000000                PROVIDE (BusFaultException, 0x0)
                0x0000000000000000                PROVIDE (UsageFaultException, 0x0)
                0x0000000000000000                PROVIDE (DebugMonitor, 0x0)
                0x0000000000000000                PROVIDE (WWDG_IRQHandler, 0x0)
                0x0000000000000000                PROVIDE (PVD_IRQHandler, 0x0)
                0x0000000000000000                PROVIDE (TAMPER_IRQHandler, 0x0)
                0x0000000000000000                PROVIDE (RTC_IRQHandler, 0x0)
                0x0000000000000000                PROVIDE (FLASH_IRQHandler, 0x0)
                0x0000000000000000                PROVIDE (RCC_IRQHandler, 0x0)
                0x0000000000000000                PROVIDE (EXTI0_IRQHandler, 0x0)
                0x0000000000000000                PROVIDE (EXTI1_IRQHandler, 0x0)
                0x0000000000000000                PROVIDE (EXTI2_IRQHandler, 0x0)
                0x0000000000000000                PROVIDE (EXTI3_IRQHandler, 0x0)
                0x0000000000000000                PROVIDE (EXTI4_IRQHandler, 0x0)
                0x0000000000000000                PROVIDE (DMAChannel1_IRQHandler, 0x0)
                0x0000000000000000                PROVIDE (DMAChannel2_IRQHandler, 0x0)
                0x0000000000000000                PROVIDE (DMAChannel3_IRQHandler, 0x0)
                0x0000000000000000                PROVIDE (DMAChannel4_IRQHandler, 0x0)
                0x0000000000000000                PROVIDE (DMAChannel5_IRQHandler, 0x0)
                0x0000000000000000                PROVIDE (DMAChannel6_IRQHandler, 0x0)
                0x0000000000000000                PROVIDE (DMAChannel7_IRQHandler, 0x0)
                0x0000000000000000                PROVIDE (ADC_IRQHandler, 0x0)
                0x0000000000000000                PROVIDE (USB_HP_CAN_TX_IRQHandler, 0x0)
                0x0000000000000000                PROVIDE (USB_LP_CAN_RX0_IRQHandler, 0x0)
                0x0000000000000000                PROVIDE (CAN_RX1_IRQHandler, 0x0)
                0x0000000000000000                PROVIDE (CAN_SCE_IRQHandler, 0x0)
                0x0000000000000000                PROVIDE (EXTI9_5_IRQHandler, 0x0)
                0x0000000000000000                PROVIDE (TIM1_BRK_IRQHandler, 0x0)
                0x0000000000000000                PROVIDE (TIM1_UP_IRQHandler, 0x0)
                0x0000000000000000                PROVIDE (TIM1_TRG_COM_IRQHandler, 0x0)
                0x0000000000000000                PROVIDE (TIM1_CC_IRQHandler, 0x0)
                0x0000000000000000                PROVIDE (TIM2_IRQHandler, 0x0)
                0x0000000000000000                PROVIDE (TIM3_IRQHandler, 0x0)
                0x0000000000000000                PROVIDE (TIM4_IRQHandler, 0x0)
                0x0000000000000000                PROVIDE (I2C1_EV_IRQHandler, 0x0)
                0x0000000000000000                PROVIDE (I2C1_ER_IRQHandler, 0x0)
                0x0000000000000000                PROVIDE (I2C2_EV_IRQHandler, 0x0)
                0x0000000000000000                PROVIDE (I2C2_ER_IRQHandler, 0x0)
                0x0000000000000000                PROVIDE (SPI1_IRQHandler, 0x0)
                0x0000000000000000                PROVIDE (SPI2_IRQHandler, 0x0)
                0x0000000000000000                PROVIDE (USART1_IRQHandler, 0x0)
                0x0000000000000000                PROVIDE (USART2_IRQHandler, 0x0)
                0x0000000000000000                PROVIDE (USART3_IRQHandler, 0x0)
                0x0000000000000000                PROVIDE (EXTI15_10_IRQHandler, 0x0)
                0x0000000000000000                PROVIDE (RTCAlarm_IRQHandler, 0x0)
                0x0000000000000000                PROVIDE (USBWakeUp_IRQHandler, 0x0)
                0x0000000042000000                PERIPH_BB_BASE = 0x42000000
                0x0000000022000000                SRAM_BB_BASE = 0x22000000
                0x0000000020000000                SRAM_BASE = 0x20000000
                0x0000000040000000                PERIPH_BASE = 0x40000000
                0x0000000040022000                PROVIDE (FLASH_BASE, 0x40022000)
                0x000000001ffff800                PROVIDE (OB_BASE, 0x1ffff800)
                0x0000000040000000                APB1PERIPH_BASE = PERIPH_BASE
                0x0000000040010000                APB2PERIPH_BASE = (PERIPH_BASE + 0x10000)
                0x0000000040020000                AHBPERIPH_BASE = (PERIPH_BASE + 0x20000)
                0x0000000040000000                PROVIDE (TIM2, (APB1PERIPH_BASE + 0x0))
                0x0000000040000400                PROVIDE (TIM3, (APB1PERIPH_BASE + 0x400))
                0x0000000040000800                PROVIDE (TIM4, (APB1PERIPH_BASE + 0x800))
                0x0000000040002800                PROVIDE (RTC, (APB1PERIPH_BASE + 0x2800))
                0x0000000040002c00                PROVIDE (WWDG, (APB1PERIPH_BASE + 0x2c00))
                0x0000000040003000                PROVIDE (IWDG, (APB1PERIPH_BASE + 0x3000))
                0x0000000040003800                PROVIDE (SPI2, (APB1PERIPH_BASE + 0x3800))
                0x0000000040004400                PROVIDE (USART2, (APB1PERIPH_BASE + 0x4400))
                0x0000000040004800                PROVIDE (USART3, (APB1PERIPH_BASE + 0x4800))
                0x0000000040005400                PROVIDE (I2C1, (APB1PERIPH_BASE + 0x5400))
                0x0000000040005800                PROVIDE (I2C2, (APB1PERIPH_BASE + 0x5800))
                0x0000000040006400                PROVIDE (CAN, (APB1PERIPH_BASE + 0x6400))
                0x0000000040006c00                PROVIDE (BKP, (APB1PERIPH_BASE + 0x6c00))
                0x0000000040007000                PROVIDE (PWR, (APB1PERIPH_BASE + 0x7000))
                0x0000000040010000                PROVIDE (AFIO, (APB2PERIPH_BASE + 0x0))
                0x0000000040010400                PROVIDE (EXTI, (APB2PERIPH_BASE + 0x400))
                0x0000000040010800                PROVIDE (GPIOA, (APB2PERIPH_BASE + 0x800))
                0x0000000040010c00                PROVIDE (GPIOB, (APB2PERIPH_BASE + 0xc00))
                0x0000000040011000                PROVIDE (GPIOC, (APB2PERIPH_BASE + 0x1000))
                0x0000000040011400                PROVIDE (GPIOD, (APB2PERIPH_BASE + 0x1400))
                0x0000000040011800                PROVIDE (GPIOE, (APB2PERIPH_BASE + 0x1800))
                0x0000000040012400                PROVIDE (ADC1, (APB2PERIPH_BASE + 0x2400))
                0x0000000040012800                PROVIDE (ADC2, (APB2PERIPH_BASE + 0x2800))
                0x0000000040012c00                PROVIDE (TIM1, (APB2PERIPH_BASE + 0x2c00))
                0x0000000040013000                PROVIDE (SPI1, (APB2PERIPH_BASE + 0x3000))
                0x0000000040013800                PROVIDE (USART1, (APB2PERIPH_BASE + 0x3800))
                0x0000000040020000                PROVIDE (DMA, (AHBPERIPH_BASE + 0x0))
                0x0000000040020008                PROVIDE (DMA_Channel1, (AHBPERIPH_BASE + 0x8))
                0x000000004002001c                PROVIDE (DMA_Channel2, (AHBPERIPH_BASE + 0x1c))
                0x0000000040020030                PROVIDE (DMA_Channel3, (AHBPERIPH_BASE + 0x30))
                0x0000000040020044                PROVIDE (DMA_Channel4, (AHBPERIPH_BASE + 0x44))
                0x0000000040020058                PROVIDE (DMA_Channel5, (AHBPERIPH_BASE + 0x58))
                0x000000004002006c                PROVIDE (DMA_Channel6, (AHBPERIPH_BASE + 0x6c))
                0x0000000040020080                PROVIDE (DMA_Channel7, (AHBPERIPH_BASE + 0x80))
                0x0000000040021000                PROVIDE (RCC, (AHBPERIPH_BASE + 0x1000))
                0x00000000e000e000                SCS_BASE = 0xe000e000
                0x00000000e000e010                PROVIDE (SysTick, (SCS_BASE + 0x10))
                0x00000000e000e100                PROVIDE (NVIC, (SCS_BASE + 0x100))
                0x00000000e000ed00                PROVIDE (SCB, (SCS_BASE + 0xd00))
                0x0000000020005000                _estack = 0x20005000

.isr_vector     0x0000000008000000      0x10c
                0x0000000008000000                . = ALIGN (0x4)
 *(.isr_vector)
 .isr_vector    0x0000000008000000      0x10c objs/startup_stm32f10x_md.o
                0x0000000008000000                g_pfnVectors
                0x000000000800010c                . = ALIGN (0x4)

.text           0x000000000800010c     0x2adc
 *(.text .text.* .gnu.linkonce.t.*)
 .text          0x000000000800010c       0xac /usr/lib/gcc/arm-none-eabi/4.8/armv7-m/crtbegin.o
 .text.led_controller_hardware_init
                0x00000000080001b8       0x60 objs/outputs.o
                0x00000000080001b8                led_controller_hardware_init
 .text.poti_hardware_init
                0x0000000008000218       0x3c objs/outputs.o
                0x0000000008000218                poti_hardware_init
 .text.midi_setup
                0x0000000008000254       0x34 objs/midi.o
                0x0000000008000254                midi_setup
 .text.midi_enable
                0x0000000008000288       0x18 objs/midi.o
                0x0000000008000288                midi_enable
 .text.midi_disable
                0x00000000080002a0       0x18 objs/midi.o
                0x00000000080002a0                midi_disable
 .text.midi_message_dispatcher
                0x00000000080002b8       0xac objs/midi.o
                0x00000000080002b8                midi_message_dispatcher
 .text._sbrk    0x0000000008000364       0x40 objs/syscalls.o
                0x0000000008000364                _sbrk
 .text.powergood
                0x00000000080003a4       0x48 objs/hw_config.o
                0x00000000080003a4                powergood
 .text.setup_powergood
                0x00000000080003ec       0x30 objs/hw_config.o
                0x00000000080003ec                setup_powergood
 .text.SPI2_send
                0x000000000800041c       0xcc objs/spi.o
                0x000000000800041c                SPI2_send
 .text.SPI2_BusInit
                0x00000000080004e8      0x164 objs/spi.o
                0x00000000080004e8                SPI2_BusInit
 .text.spi_handleDMA1Ch4Interrupt
                0x000000000800064c      0x1a4 objs/spi.o
                0x000000000800064c                spi_handleDMA1Ch4Interrupt
 .text.NMI_Handler
                0x00000000080007f0        0xc objs/stm32f10x_it.o
                0x00000000080007f0                NMI_Handler
 .text.HardFault_Handler
                0x00000000080007fc        0x8 objs/stm32f10x_it.o
                0x00000000080007fc                HardFault_Handler
 .text.MemManage_Handler
                0x0000000008000804        0x8 objs/stm32f10x_it.o
                0x0000000008000804                MemManage_Handler
 .text.BusFault_Handler
                0x000000000800080c        0x8 objs/stm32f10x_it.o
                0x000000000800080c                BusFault_Handler
 .text.UsageFault_Handler
                0x0000000008000814        0x8 objs/stm32f10x_it.o
                0x0000000008000814                UsageFault_Handler
 .text.SVC_Handler
                0x000000000800081c        0xc objs/stm32f10x_it.o
                0x000000000800081c                SVC_Handler
 .text.DebugMon_Handler
                0x0000000008000828        0xc objs/stm32f10x_it.o
                0x0000000008000828                DebugMon_Handler
 .text.PendSV_Handler
                0x0000000008000834        0xc objs/stm32f10x_it.o
                0x0000000008000834                PendSV_Handler
 .text.SysTick_Handler
                0x0000000008000840        0xc objs/stm32f10x_it.o
                0x0000000008000840                SysTick_Handler
 .text.DMA1_Channel4_IRQHandler
                0x000000000800084c       0x14 objs/stm32f10x_it.o
                0x000000000800084c                DMA1_Channel4_IRQHandler
 .text.DMA1_Channel2_IRQHandler
                0x0000000008000860        0xc objs/stm32f10x_it.o
                0x0000000008000860                DMA1_Channel2_IRQHandler
 .text.I2C1_EV_IRQHandler
                0x000000000800086c        0xc objs/stm32f10x_it.o
                0x000000000800086c                I2C1_EV_IRQHandler
 .text.I2C1_ER_IRQHandler
                0x0000000008000878        0xc objs/stm32f10x_it.o
                0x0000000008000878                I2C1_ER_IRQHandler
 .text.I2C2_EV_IRQHandler
                0x0000000008000884        0xc objs/stm32f10x_it.o
                0x0000000008000884                I2C2_EV_IRQHandler
 .text.I2C2_ER_IRQHandler
                0x0000000008000890        0xc objs/stm32f10x_it.o
                0x0000000008000890                I2C2_ER_IRQHandler
 .text.USART2_IRQHandler
                0x000000000800089c        0xc objs/stm32f10x_it.o
                0x000000000800089c                USART2_IRQHandler
 .text.main     0x00000000080008a8       0xfc objs/main.o
                0x00000000080008a8                main
 .text.InitializeTimer
                0x00000000080009a4       0x64 objs/main.o
                0x00000000080009a4                InitializeTimer
 .text.TIM3_IRQHandler
                0x0000000008000a08       0x58 objs/main.o
                0x0000000008000a08                TIM3_IRQHandler
 .text.SystemInit
                0x0000000008000a60       0x68 objs/system_stm32f10x.o
                0x0000000008000a60                SystemInit
 .text.SetSysClock
                0x0000000008000ac8        0xc objs/system_stm32f10x.o
 .text.SetSysClockTo72
                0x0000000008000ad4      0x100 objs/system_stm32f10x.o
 .text.eeprom_hardware_init
                0x0000000008000bd4       0x3c objs/eeprom.o
                0x0000000008000bd4                eeprom_hardware_init
 .text.eeprom_read
                0x0000000008000c10      0x138 objs/eeprom.o
                0x0000000008000c10                eeprom_read
 .text.NVIC_EnableIRQ
                0x0000000008000d48       0x30 objs/i2c.o
 .text.NVIC_SetPriority
                0x0000000008000d78       0x54 objs/i2c.o
 .text.I2C_NVIC_Configuration
                0x0000000008000dcc       0x40 objs/i2c.o
                0x0000000008000dcc                I2C_NVIC_Configuration
 .text.I2C_Slave_BufferReadWrite
                0x0000000008000e0c       0x48 objs/i2c.o
                0x0000000008000e0c                I2C_Slave_BufferReadWrite
 .text.I2C_LowLevel_Init
                0x0000000008000e54      0x170 objs/i2c.o
                0x0000000008000e54                I2C_LowLevel_Init
 .text.I2C1_Event_IRQHandler
                0x0000000008000fc4      0x278 objs/i2c.o
                0x0000000008000fc4                I2C1_Event_IRQHandler
 .text.I2C2_Event_IRQHandler
                0x000000000800123c      0x278 objs/i2c.o
                0x000000000800123c                I2C2_Event_IRQHandler
 .text.I2C2_Error_IRQHandler
                0x00000000080014b4      0x154 objs/i2c.o
                0x00000000080014b4                I2C2_Error_IRQHandler
 .text.I2C1_Error_IRQHandler
                0x0000000008001608      0x154 objs/i2c.o
                0x0000000008001608                I2C1_Error_IRQHandler
 .text.NVIC_EnableIRQ
                0x000000000800175c       0x30 objs/usart.o
 .text.USART_2_Configuration
                0x000000000800178c       0xb8 objs/usart.o
                0x000000000800178c                USART_2_Configuration
 .text.USART2_InterruptHandler
                0x0000000008001844       0x78 objs/usart.o
                0x0000000008001844                USART2_InterruptHandler
 .text.__REV    0x00000000080018bc       0x20 objs/core_cm3.o
                0x00000000080018bc                __REV
 .text.NVIC_SetPriority
                0x00000000080018dc       0x54 objs/stm32_eval.o
 .text.SysTick_Config
                0x0000000008001930       0x44 objs/stm32_eval.o
 .text.NVIC_Configuration
                0x0000000008001974       0x1c objs/stm32_eval.o
                0x0000000008001974                NVIC_Configuration
 .text.RCC_Configuration
                0x0000000008001990       0x9c objs/stm32_eval.o
                0x0000000008001990                RCC_Configuration
 .text.Reset_Handler
                0x0000000008001a2c       0x48 objs/startup_stm32f10x_md.o
                0x0000000008001a2c                Reset_Handler
 .text.Default_Handler
                0x0000000008001a74        0x2 objs/startup_stm32f10x_md.o
                0x0000000008001a74                EXTI2_IRQHandler
                0x0000000008001a74                TIM1_CC_IRQHandler
                0x0000000008001a74                PVD_IRQHandler
                0x0000000008001a74                EXTI3_IRQHandler
                0x0000000008001a74                EXTI0_IRQHandler
                0x0000000008001a74                ADC1_2_IRQHandler
                0x0000000008001a74                SPI1_IRQHandler
                0x0000000008001a74                TAMPER_IRQHandler
                0x0000000008001a74                USART3_IRQHandler
                0x0000000008001a74                RTC_IRQHandler
                0x0000000008001a74                DMA1_Channel7_IRQHandler
                0x0000000008001a74                CAN1_RX1_IRQHandler
                0x0000000008001a74                TIM4_IRQHandler
                0x0000000008001a74                DMA1_Channel6_IRQHandler
                0x0000000008001a74                RCC_IRQHandler
                0x0000000008001a74                TIM1_TRG_COM_IRQHandler
                0x0000000008001a74                DMA1_Channel1_IRQHandler
                0x0000000008001a74                Default_Handler
                0x0000000008001a74                EXTI15_10_IRQHandler
                0x0000000008001a74                EXTI9_5_IRQHandler
                0x0000000008001a74                SPI2_IRQHandler
                0x0000000008001a74                DMA1_Channel5_IRQHandler
                0x0000000008001a74                EXTI4_IRQHandler
                0x0000000008001a74                USB_LP_CAN1_RX0_IRQHandler
                0x0000000008001a74                USB_HP_CAN1_TX_IRQHandler
                0x0000000008001a74                DMA1_Channel3_IRQHandler
                0x0000000008001a74                TIM1_UP_IRQHandler
                0x0000000008001a74                WWDG_IRQHandler
                0x0000000008001a74                TIM2_IRQHandler
                0x0000000008001a74                TIM1_BRK_IRQHandler
                0x0000000008001a74                EXTI1_IRQHandler
                0x0000000008001a74                RTCAlarm_IRQHandler
                0x0000000008001a74                CAN1_SCE_IRQHandler
                0x0000000008001a74                FLASH_IRQHandler
                0x0000000008001a74                USART1_IRQHandler
                0x0000000008001a74                USBWakeUp_IRQHandler
 *fill*         0x0000000008001a76        0x2 
 .text.NVIC_Init
                0x0000000008001a78       0x68 ../../STM32F10x_StdPeriph_Driver/Release/libstm32f103.a(misc.o)
                0x0000000008001a78                NVIC_Init
 .text.NVIC_SetVectorTable
                0x0000000008001ae0       0x14 ../../STM32F10x_StdPeriph_Driver/Release/libstm32f103.a(misc.o)
                0x0000000008001ae0                NVIC_SetVectorTable
 .text.DMA_Init
                0x0000000008001af4       0x3e ../../STM32F10x_StdPeriph_Driver/Release/libstm32f103.a(stm32f10x_dma.o)
                0x0000000008001af4                DMA_Init
 .text.DMA_Cmd  0x0000000008001b32       0x16 ../../STM32F10x_StdPeriph_Driver/Release/libstm32f103.a(stm32f10x_dma.o)
                0x0000000008001b32                DMA_Cmd
 .text.DMA_ITConfig
                0x0000000008001b48       0x10 ../../STM32F10x_StdPeriph_Driver/Release/libstm32f103.a(stm32f10x_dma.o)
                0x0000000008001b48                DMA_ITConfig
 .text.DMA_SetCurrDataCounter
                0x0000000008001b58        0x4 ../../STM32F10x_StdPeriph_Driver/Release/libstm32f103.a(stm32f10x_dma.o)
                0x0000000008001b58                DMA_SetCurrDataCounter
 .text.DMA_GetFlagStatus
                0x0000000008001b5c       0x1c ../../STM32F10x_StdPeriph_Driver/Release/libstm32f103.a(stm32f10x_dma.o)
                0x0000000008001b5c                DMA_GetFlagStatus
 .text.DMA_ClearFlag
                0x0000000008001b78       0x14 ../../STM32F10x_StdPeriph_Driver/Release/libstm32f103.a(stm32f10x_dma.o)
                0x0000000008001b78                DMA_ClearFlag
 .text.DMA_GetITStatus
                0x0000000008001b8c       0x1c ../../STM32F10x_StdPeriph_Driver/Release/libstm32f103.a(stm32f10x_dma.o)
                0x0000000008001b8c                DMA_GetITStatus
 .text.DMA_ClearITPendingBit
                0x0000000008001ba8       0x14 ../../STM32F10x_StdPeriph_Driver/Release/libstm32f103.a(stm32f10x_dma.o)
                0x0000000008001ba8                DMA_ClearITPendingBit
 .text.FLASH_SetLatency
                0x0000000008001bbc       0x14 ../../STM32F10x_StdPeriph_Driver/Release/libstm32f103.a(stm32f10x_flash.o)
                0x0000000008001bbc                FLASH_SetLatency
 .text.FLASH_PrefetchBufferCmd
                0x0000000008001bd0       0x18 ../../STM32F10x_StdPeriph_Driver/Release/libstm32f103.a(stm32f10x_flash.o)
                0x0000000008001bd0                FLASH_PrefetchBufferCmd
 .text.GPIO_Init
                0x0000000008001be8       0xa0 ../../STM32F10x_StdPeriph_Driver/Release/libstm32f103.a(stm32f10x_gpio.o)
                0x0000000008001be8                GPIO_Init
 .text.GPIO_ReadInputDataBit
                0x0000000008001c88        0xc ../../STM32F10x_StdPeriph_Driver/Release/libstm32f103.a(stm32f10x_gpio.o)
                0x0000000008001c88                GPIO_ReadInputDataBit
 .text.GPIO_WriteBit
                0x0000000008001c94        0xa ../../STM32F10x_StdPeriph_Driver/Release/libstm32f103.a(stm32f10x_gpio.o)
                0x0000000008001c94                GPIO_WriteBit
 *fill*         0x0000000008001c9e        0x2 
 .text.I2C_Init
                0x0000000008001ca0       0xd4 ../../STM32F10x_StdPeriph_Driver/Release/libstm32f103.a(stm32f10x_i2c.o)
                0x0000000008001ca0                I2C_Init
 .text.I2C_Cmd  0x0000000008001d74       0x18 ../../STM32F10x_StdPeriph_Driver/Release/libstm32f103.a(stm32f10x_i2c.o)
                0x0000000008001d74                I2C_Cmd
 .text.RCC_DeInit
                0x0000000008001d8c       0x40 ../../STM32F10x_StdPeriph_Driver/Release/libstm32f103.a(stm32f10x_rcc.o)
                0x0000000008001d8c                RCC_DeInit
 .text.RCC_HSEConfig
                0x0000000008001dcc       0x38 ../../STM32F10x_StdPeriph_Driver/Release/libstm32f103.a(stm32f10x_rcc.o)
                0x0000000008001dcc                RCC_HSEConfig
 .text.RCC_PLLConfig
                0x0000000008001e04       0x14 ../../STM32F10x_StdPeriph_Driver/Release/libstm32f103.a(stm32f10x_rcc.o)
                0x0000000008001e04                RCC_PLLConfig
 .text.RCC_PLLCmd
                0x0000000008001e18        0xc ../../STM32F10x_StdPeriph_Driver/Release/libstm32f103.a(stm32f10x_rcc.o)
                0x0000000008001e18                RCC_PLLCmd
 .text.RCC_SYSCLKConfig
                0x0000000008001e24       0x14 ../../STM32F10x_StdPeriph_Driver/Release/libstm32f103.a(stm32f10x_rcc.o)
                0x0000000008001e24                RCC_SYSCLKConfig
 .text.RCC_GetSYSCLKSource
                0x0000000008001e38       0x10 ../../STM32F10x_StdPeriph_Driver/Release/libstm32f103.a(stm32f10x_rcc.o)
                0x0000000008001e38                RCC_GetSYSCLKSource
 .text.RCC_HCLKConfig
                0x0000000008001e48       0x14 ../../STM32F10x_StdPeriph_Driver/Release/libstm32f103.a(stm32f10x_rcc.o)
                0x0000000008001e48                RCC_HCLKConfig
 .text.RCC_PCLK1Config
                0x0000000008001e5c       0x14 ../../STM32F10x_StdPeriph_Driver/Release/libstm32f103.a(stm32f10x_rcc.o)
                0x0000000008001e5c                RCC_PCLK1Config
 .text.RCC_PCLK2Config
                0x0000000008001e70       0x14 ../../STM32F10x_StdPeriph_Driver/Release/libstm32f103.a(stm32f10x_rcc.o)
                0x0000000008001e70                RCC_PCLK2Config
 .text.RCC_GetClocksFreq
                0x0000000008001e84       0x8c ../../STM32F10x_StdPeriph_Driver/Release/libstm32f103.a(stm32f10x_rcc.o)
                0x0000000008001e84                RCC_GetClocksFreq
 .text.RCC_AHBPeriphClockCmd
                0x0000000008001f10       0x18 ../../STM32F10x_StdPeriph_Driver/Release/libstm32f103.a(stm32f10x_rcc.o)
                0x0000000008001f10                RCC_AHBPeriphClockCmd
 .text.RCC_APB2PeriphClockCmd
                0x0000000008001f28       0x18 ../../STM32F10x_StdPeriph_Driver/Release/libstm32f103.a(stm32f10x_rcc.o)
                0x0000000008001f28                RCC_APB2PeriphClockCmd
 .text.RCC_APB1PeriphClockCmd
                0x0000000008001f40       0x18 ../../STM32F10x_StdPeriph_Driver/Release/libstm32f103.a(stm32f10x_rcc.o)
                0x0000000008001f40                RCC_APB1PeriphClockCmd
 .text.RCC_APB1PeriphResetCmd
                0x0000000008001f58       0x18 ../../STM32F10x_StdPeriph_Driver/Release/libstm32f103.a(stm32f10x_rcc.o)
                0x0000000008001f58                RCC_APB1PeriphResetCmd
 .text.RCC_GetFlagStatus
                0x0000000008001f70       0x28 ../../STM32F10x_StdPeriph_Driver/Release/libstm32f103.a(stm32f10x_rcc.o)
                0x0000000008001f70                RCC_GetFlagStatus
 .text.RCC_WaitForHSEStartUp
                0x0000000008001f98       0x30 ../../STM32F10x_StdPeriph_Driver/Release/libstm32f103.a(stm32f10x_rcc.o)
                0x0000000008001f98                RCC_WaitForHSEStartUp
 .text.SPI_Init
                0x0000000008001fc8       0x3e ../../STM32F10x_StdPeriph_Driver/Release/libstm32f103.a(stm32f10x_spi.o)
                0x0000000008001fc8                SPI_Init
 .text.SPI_Cmd  0x0000000008002006       0x18 ../../STM32F10x_StdPeriph_Driver/Release/libstm32f103.a(stm32f10x_spi.o)
                0x0000000008002006                SPI_Cmd
 .text.SPI_I2S_DMACmd
                0x000000000800201e       0x12 ../../STM32F10x_StdPeriph_Driver/Release/libstm32f103.a(stm32f10x_spi.o)
                0x000000000800201e                SPI_I2S_DMACmd
 .text.SPI_I2S_GetFlagStatus
                0x0000000008002030        0xc ../../STM32F10x_StdPeriph_Driver/Release/libstm32f103.a(stm32f10x_spi.o)
                0x0000000008002030                SPI_I2S_GetFlagStatus
 .text.TIM_TimeBaseInit
                0x000000000800203c       0x94 ../../STM32F10x_StdPeriph_Driver/Release/libstm32f103.a(stm32f10x_tim.o)
                0x000000000800203c                TIM_TimeBaseInit
 .text.TIM_Cmd  0x00000000080020d0       0x18 ../../STM32F10x_StdPeriph_Driver/Release/libstm32f103.a(stm32f10x_tim.o)
                0x00000000080020d0                TIM_Cmd
 .text.TIM_ITConfig
                0x00000000080020e8       0x12 ../../STM32F10x_StdPeriph_Driver/Release/libstm32f103.a(stm32f10x_tim.o)
                0x00000000080020e8                TIM_ITConfig
 .text.TIM_GetITStatus
                0x00000000080020fa       0x16 ../../STM32F10x_StdPeriph_Driver/Release/libstm32f103.a(stm32f10x_tim.o)
                0x00000000080020fa                TIM_GetITStatus
 .text.TIM_ClearITPendingBit
                0x0000000008002110        0x8 ../../STM32F10x_StdPeriph_Driver/Release/libstm32f103.a(stm32f10x_tim.o)
                0x0000000008002110                TIM_ClearITPendingBit
 .text.USART_Init
                0x0000000008002118       0xac ../../STM32F10x_StdPeriph_Driver/Release/libstm32f103.a(stm32f10x_usart.o)
                0x0000000008002118                USART_Init
 .text.USART_Cmd
                0x00000000080021c4       0x18 ../../STM32F10x_StdPeriph_Driver/Release/libstm32f103.a(stm32f10x_usart.o)
                0x00000000080021c4                USART_Cmd
 .text.USART_ITConfig
                0x00000000080021dc       0x30 ../../STM32F10x_StdPeriph_Driver/Release/libstm32f103.a(stm32f10x_usart.o)
                0x00000000080021dc                USART_ITConfig
 .text.USART_ReceiveData
                0x000000000800220c        0x8 ../../STM32F10x_StdPeriph_Driver/Release/libstm32f103.a(stm32f10x_usart.o)
                0x000000000800220c                USART_ReceiveData
 .text.USART_GetITStatus
                0x0000000008002214       0x40 ../../STM32F10x_StdPeriph_Driver/Release/libstm32f103.a(stm32f10x_usart.o)
                0x0000000008002214                USART_GetITStatus
 .text.USART_ClearITPendingBit
                0x0000000008002254        0xe ../../STM32F10x_StdPeriph_Driver/Release/libstm32f103.a(stm32f10x_usart.o)
                0x0000000008002254                USART_ClearITPendingBit
 *fill*         0x0000000008002262        0x2 
 .text.TimingDelay_Decrement
                0x0000000008002264       0x14 ../../Embedded_GUI_Library/Release/libstm32f103.a(graphicObject.o)
                0x0000000008002264                TimingDelay_Decrement
 .text.atexit   0x0000000008002278        0xc /usr/lib/gcc/arm-none-eabi/4.8/../../../arm-none-eabi/lib/armv7-m/libg.a(lib_a-atexit.o)
                0x0000000008002278                atexit
 .text.__libc_fini_array
                0x0000000008002284       0x34 /usr/lib/gcc/arm-none-eabi/4.8/../../../arm-none-eabi/lib/armv7-m/libg.a(lib_a-fini.o)
                0x0000000008002284                __libc_fini_array
 .text.__libc_init_array
                0x00000000080022b8       0x5c /usr/lib/gcc/arm-none-eabi/4.8/../../../arm-none-eabi/lib/armv7-m/libg.a(lib_a-init.o)
                0x00000000080022b8                __libc_init_array
 .text.malloc   0x0000000008002314       0x10 /usr/lib/gcc/arm-none-eabi/4.8/../../../arm-none-eabi/lib/armv7-m/libg.a(lib_a-malloc.o)
                0x0000000008002314                malloc
 .text._malloc_r
                0x0000000008002324      0x564 /usr/lib/gcc/arm-none-eabi/4.8/../../../arm-none-eabi/lib/armv7-m/libg.a(lib_a-mallocr.o)
                0x0000000008002324                _malloc_r
 .text.__malloc_lock
                0x0000000008002888        0x4 /usr/lib/gcc/arm-none-eabi/4.8/../../../arm-none-eabi/lib/armv7-m/libg.a(lib_a-mlock.o)
                0x0000000008002888                __malloc_lock
 .text.__malloc_unlock
                0x000000000800288c        0x4 /usr/lib/gcc/arm-none-eabi/4.8/../../../arm-none-eabi/lib/armv7-m/libg.a(lib_a-mlock.o)
                0x000000000800288c                __malloc_unlock
 .text._sbrk_r  0x0000000008002890       0x28 /usr/lib/gcc/arm-none-eabi/4.8/../../../arm-none-eabi/lib/armv7-m/libg.a(lib_a-sbrkr.o)
                0x0000000008002890                _sbrk_r
 .text.__register_exitproc
                0x00000000080028b8       0xac /usr/lib/gcc/arm-none-eabi/4.8/../../../arm-none-eabi/lib/armv7-m/libg.a(lib_a-__atexit.o)
                0x00000000080028b8                __register_exitproc
 .text.startup.register_fini
                0x0000000008002964       0x18 /usr/lib/gcc/arm-none-eabi/4.8/../../../arm-none-eabi/lib/armv7-m/libg.a(lib_a-__call_atexit.o)
 .text._malloc_trim_r
                0x000000000800297c       0xa4 /usr/lib/gcc/arm-none-eabi/4.8/../../../arm-none-eabi/lib/armv7-m/libg.a(lib_a-freer.o)
                0x000000000800297c                _malloc_trim_r
 .text._free_r  0x0000000008002a20      0x198 /usr/lib/gcc/arm-none-eabi/4.8/../../../arm-none-eabi/lib/armv7-m/libg.a(lib_a-freer.o)
                0x0000000008002a20                _free_r
 *(.rodata .rodata.* .gnu.linkonce.r.*)
 .rodata.str1.4
                0x0000000008002bb8        0x4 /usr/lib/gcc/arm-none-eabi/4.8/../../../arm-none-eabi/lib/armv7-m/libg.a(lib_a-impure.o)
 .rodata._global_impure_ptr
                0x0000000008002bbc        0x4 /usr/lib/gcc/arm-none-eabi/4.8/../../../arm-none-eabi/lib/armv7-m/libg.a(lib_a-impure.o)
                0x0000000008002bbc                _global_impure_ptr
 *(.eh_frame_hdr)
 *(.eh_frame)
 .eh_frame      0x0000000008002bc0        0x0 /usr/lib/gcc/arm-none-eabi/4.8/armv7-m/crtbegin.o
 *(.gcc_except_table)
 *(.eh_frame_hdr)
 *(.eh_frame)
                0x0000000008002bc0                . = ALIGN (0x4)
 *(.init)
 .init          0x0000000008002bc0        0x4 /usr/lib/gcc/arm-none-eabi/4.8/armv7-m/crti.o
                0x0000000008002bc0                _init
 .init          0x0000000008002bc4        0x8 /usr/lib/gcc/arm-none-eabi/4.8/armv7-m/crtn.o
                0x0000000008002bcc                . = ALIGN (0x4)
                0x0000000008002bcc                __preinit_array_start = .
 *(.preinit_array)
                0x0000000008002bcc                __preinit_array_end = .
                0x0000000008002bcc                . = ALIGN (0x4)
                0x0000000008002bcc                __init_array_start = .
 *(SORT(.init_array.*))
 .init_array.00000
                0x0000000008002bcc        0x4 /usr/lib/gcc/arm-none-eabi/4.8/../../../arm-none-eabi/lib/armv7-m/libg.a(lib_a-__call_atexit.o)
 *(.init_array)
 .init_array    0x0000000008002bd0        0x4 /usr/lib/gcc/arm-none-eabi/4.8/armv7-m/crtbegin.o
                0x0000000008002bd4                __init_array_end = .
                0x0000000008002bd4                . = ALIGN (0x4)
 *crtbegin.o(.ctors)
 *(EXCLUDE_FILE(*crtend.o) .ctors)
 *(SORT(.ctors.*))
 *crtend.o(.ctors)
                0x0000000008002bd4                . = ALIGN (0x4)
 *(.fini)
 .fini          0x0000000008002bd4        0x4 /usr/lib/gcc/arm-none-eabi/4.8/armv7-m/crti.o
                0x0000000008002bd4                _fini
 .fini          0x0000000008002bd8        0x8 /usr/lib/gcc/arm-none-eabi/4.8/armv7-m/crtn.o
                0x0000000008002be0                . = ALIGN (0x4)
                0x0000000008002be0                __fini_array_start = .
 *(.fini_array)
 .fini_array    0x0000000008002be0        0x4 /usr/lib/gcc/arm-none-eabi/4.8/armv7-m/crtbegin.o
 *(SORT(.fini_array.*))
                0x0000000008002be4                __fini_array_end = .
 *crtbegin.o(.dtors)
 *(EXCLUDE_FILE(*crtend.o) .dtors)
 *(SORT(.dtors.*))
 *crtend.o(.dtors)
                0x0000000008002be8                . = ALIGN (0x8)
 *fill*         0x0000000008002be4        0x4 
                0x0000000008002be8                _etext = .
                0x0000000008002be8                _sidata = _etext
                0x0000000008002be8                __exidx_start = .

.glue_7         0x0000000008002be8        0x0
 .glue_7        0x0000000008002be8        0x0 linker stubs

.glue_7t        0x0000000008002be8        0x0
 .glue_7t       0x0000000008002be8        0x0 linker stubs

.vfp11_veneer   0x0000000008002be8        0x0
 .vfp11_veneer  0x0000000008002be8        0x0 linker stubs

.v4_bx          0x0000000008002be8        0x0
 .v4_bx         0x0000000008002be8        0x0 linker stubs

.iplt           0x0000000008002be8        0x0
 .iplt          0x0000000008002be8        0x0 /usr/lib/gcc/arm-none-eabi/4.8/armv7-m/crtbegin.o

.rel.dyn        0x0000000008002be8        0x0
 .rel.iplt      0x0000000008002be8        0x0 /usr/lib/gcc/arm-none-eabi/4.8/armv7-m/crtbegin.o

.ARM.exidx
 *(.ARM.exidx* .gnu.linkonce.armexidx.*)
                0x0000000008002be8                __exidx_end = .

.data           0x0000000020000000      0x854 load address 0x0000000008002be8
                0x0000000008002be8                _flash_data = LOADADDR (.data)
                0x0000000020000000                _data = .
                0x0000000020000000                _sdata = .
 *(vtable)
 *(.data .data.* .gnu.linkonce.d.*)
 .data.ADCPrescTable
                0x0000000020000000        0x4 ../../STM32F10x_StdPeriph_Driver/Release/libstm32f103.a(stm32f10x_rcc.o)
 .data.APBAHBPrescTable
                0x0000000020000004       0x10 ../../STM32F10x_StdPeriph_Driver/Release/libstm32f103.a(stm32f10x_rcc.o)
 *fill*         0x0000000020000014        0x4 
 .data.impure_data
                0x0000000020000018      0x428 /usr/lib/gcc/arm-none-eabi/4.8/../../../arm-none-eabi/lib/armv7-m/libg.a(lib_a-impure.o)
 .data._impure_ptr
                0x0000000020000440        0x4 /usr/lib/gcc/arm-none-eabi/4.8/../../../arm-none-eabi/lib/armv7-m/libg.a(lib_a-impure.o)
                0x0000000020000440                _impure_ptr
 .data.__malloc_av_
                0x0000000020000444      0x408 /usr/lib/gcc/arm-none-eabi/4.8/../../../arm-none-eabi/lib/armv7-m/libg.a(lib_a-mallocr.o)
                0x0000000020000444                __malloc_av_
 .data.__malloc_trim_threshold
                0x000000002000084c        0x4 /usr/lib/gcc/arm-none-eabi/4.8/../../../arm-none-eabi/lib/armv7-m/libg.a(lib_a-mallocr.o)
                0x000000002000084c                __malloc_trim_threshold
 .data.__malloc_sbrk_base
                0x0000000020000850        0x4 /usr/lib/gcc/arm-none-eabi/4.8/../../../arm-none-eabi/lib/armv7-m/libg.a(lib_a-mallocr.o)
                0x0000000020000850                __malloc_sbrk_base
                0x0000000020000854                _edata = .

.jcr            0x0000000020000854        0x0 load address 0x000000000800343c
 .jcr           0x0000000020000854        0x0 /usr/lib/gcc/arm-none-eabi/4.8/armv7-m/crtbegin.o

.tm_clone_table
                0x0000000020000854        0x0 load address 0x000000000800343c
 .tm_clone_table
                0x0000000020000854        0x0 /usr/lib/gcc/arm-none-eabi/4.8/armv7-m/crtbegin.o
 .tm_clone_table
                0x0000000020000854        0x0 /usr/lib/gcc/arm-none-eabi/4.8/armv7-m/crtend.o

.igot.plt       0x0000000020000854        0x0 load address 0x000000000800343c
 .igot.plt      0x0000000020000854        0x0 /usr/lib/gcc/arm-none-eabi/4.8/armv7-m/crtbegin.o

.bss            0x0000000020000854      0x250 load address 0x000000000800343c
                0x0000000020000854                _bss = .
                0x0000000020000854                _sbss = .
 *(.bss .bss.* .gnu.linkonce.b.*)
 .bss           0x0000000020000854       0x1c /usr/lib/gcc/arm-none-eabi/4.8/armv7-m/crtbegin.o
 .bss.heap.3695
                0x0000000020000870        0x4 objs/syscalls.o
 .bss.Tx_Idx1   0x0000000020000874        0x1 objs/i2c.o
                0x0000000020000874                Tx_Idx1
 .bss.Rx_Idx1   0x0000000020000875        0x1 objs/i2c.o
                0x0000000020000875                Rx_Idx1
 .bss.Tx_Idx2   0x0000000020000876        0x1 objs/i2c.o
                0x0000000020000876                Tx_Idx2
 .bss.Rx_Idx2   0x0000000020000877        0x1 objs/i2c.o
                0x0000000020000877                Rx_Idx2
 .bss.rx_index.6890
                0x0000000020000878        0x1 objs/usart.o
 *fill*         0x0000000020000879        0x3 
 .bss.TimingDelay
                0x000000002000087c        0x4 ../../Embedded_GUI_Library/Release/libstm32f103.a(graphicObject.o)
 .bss.__malloc_max_total_mem
                0x0000000020000880        0x4 /usr/lib/gcc/arm-none-eabi/4.8/../../../arm-none-eabi/lib/armv7-m/libg.a(lib_a-mallocr.o)
                0x0000000020000880                __malloc_max_total_mem
 .bss.__malloc_max_sbrked_mem
                0x0000000020000884        0x4 /usr/lib/gcc/arm-none-eabi/4.8/../../../arm-none-eabi/lib/armv7-m/libg.a(lib_a-mallocr.o)
                0x0000000020000884                __malloc_max_sbrked_mem
 .bss.__malloc_top_pad
                0x0000000020000888        0x4 /usr/lib/gcc/arm-none-eabi/4.8/../../../arm-none-eabi/lib/armv7-m/libg.a(lib_a-mallocr.o)
                0x0000000020000888                __malloc_top_pad
 .bss.__malloc_current_mallinfo
                0x000000002000088c       0x28 /usr/lib/gcc/arm-none-eabi/4.8/../../../arm-none-eabi/lib/armv7-m/libg.a(lib_a-mallocr.o)
                0x000000002000088c                __malloc_current_mallinfo
 *(COMMON)
 COMMON         0x00000000200008b4        0x2 objs/midi.o
                0x00000000200008b4                midiccvalue
                0x00000000200008b5                midichannel
 COMMON         0x00000000200008b6        0x2 objs/spi.o
                0x00000000200008b6                SPI2_BLOCK
                0x00000000200008b7                SPI2_FREE
 COMMON         0x00000000200008b8        0x7 objs/main.o
                0x00000000200008b8                RAMPLED
                0x00000000200008ba                systemevent
                0x00000000200008bc                LEDON
                0x00000000200008bd                counter
                0x00000000200008be                irqvals
 *fill*         0x00000000200008bf        0x1 
 COMMON         0x00000000200008c0      0x112 objs/eeprom.o
                0x00000000200008c0                eeprom_tx_buffer
                0x0000000020000940                eeprom_tx_address
                0x0000000020000944                eeprom_command_buffer
                0x000000002000094c                eeprom_rx_address
                0x0000000020000950                eeprom_rx_buffer
                0x00000000200009d0                eeprom_nbytes
 *fill*         0x00000000200009d2        0x2 
 COMMON         0x00000000200009d4       0xac objs/i2c.o
                0x00000000200009d4                Buffer_Rx2
                0x00000000200009e8                Buffer_Tx1
                0x00000000200009fc                I2C_InitStructure1
                0x0000000020000a0c                Buffer_Tx2
                0x0000000020000a20                I2CDMA_InitStructure
                0x0000000020000a4c                Buffer_Rx1
                0x0000000020000a60                Address
                0x0000000020000a64                I2C_InitStructure2
                0x0000000020000a74                NumbOfBytes2
                0x0000000020000a78                NumbOfBytes1
                0x0000000020000a7c                I2CDirection
 COMMON         0x0000000020000a80       0x20 objs/usart.o
                0x0000000020000a80                BufferUsart2
 COMMON         0x0000000020000aa0        0x4 /usr/lib/gcc/arm-none-eabi/4.8/../../../arm-none-eabi/lib/armv7-m/libg.a(lib_a-reent.o)
                0x0000000020000aa0                errno
                0x0000000020000aa4                . = ALIGN (0x4)
                0x0000000020000aa4                _ebss = .
                0x0000000020000aa4                PROVIDE (__HEAP_START, _end)
                0x0000000020000aa4                PROVIDE (end, _ebss)
                0x0000000020000aa4                PROVIDE (_end, _ebss)

._usrstack      0x0000000020000aa4      0x800 load address 0x000000000800343c
                0x0000000020000aa4                . = ALIGN (0x4)
                0x0000000020000aa4                _susrstack = .
                0x00000000200012a4                . = (. + _Minimum_Stack_Size)
 *fill*         0x0000000020000aa4      0x800 
                0x00000000200012a4                . = ALIGN (0x4)
                0x00000000200012a4                _eusrstack = .
OUTPUT(diyaxis.elf elf32-littlearm)

.ARM.attributes
                0x0000000000000000       0x29
 .ARM.attributes
                0x0000000000000000       0x1d /usr/lib/gcc/arm-none-eabi/4.8/armv7-m/crti.o
 .ARM.attributes
                0x000000000000001d       0x2d /usr/lib/gcc/arm-none-eabi/4.8/armv7-m/crtbegin.o
 .ARM.attributes
                0x000000000000004a       0x33 objs/outputs.o
 .ARM.attributes
                0x000000000000007d       0x33 objs/midi.o
 .ARM.attributes
                0x00000000000000b0       0x33 objs/syscalls.o
 .ARM.attributes
                0x00000000000000e3       0x33 objs/hw_config.o
 .ARM.attributes
                0x0000000000000116       0x33 objs/spi.o
 .ARM.attributes
                0x0000000000000149       0x33 objs/stm32f10x_it.o
 .ARM.attributes
                0x000000000000017c       0x33 objs/main.o
 .ARM.attributes
                0x00000000000001af       0x33 objs/system_stm32f10x.o
 .ARM.attributes
                0x00000000000001e2       0x33 objs/eeprom.o
 .ARM.attributes
                0x0000000000000215       0x33 objs/i2c.o
 .ARM.attributes
                0x0000000000000248       0x33 objs/usart.o
 .ARM.attributes
                0x000000000000027b       0x33 objs/core_cm3.o
 .ARM.attributes
                0x00000000000002ae       0x33 objs/stm32_eval.o
 .ARM.attributes
                0x00000000000002e1       0x21 objs/startup_stm32f10x_md.o
 .ARM.attributes
                0x0000000000000302       0x33 ../../STM32F10x_StdPeriph_Driver/Release/libstm32f103.a(misc.o)
 .ARM.attributes
                0x0000000000000335       0x33 ../../STM32F10x_StdPeriph_Driver/Release/libstm32f103.a(stm32f10x_dma.o)
 .ARM.attributes
                0x0000000000000368       0x33 ../../STM32F10x_StdPeriph_Driver/Release/libstm32f103.a(stm32f10x_flash.o)
 .ARM.attributes
                0x000000000000039b       0x33 ../../STM32F10x_StdPeriph_Driver/Release/libstm32f103.a(stm32f10x_gpio.o)
 .ARM.attributes
                0x00000000000003ce       0x33 ../../STM32F10x_StdPeriph_Driver/Release/libstm32f103.a(stm32f10x_i2c.o)
 .ARM.attributes
                0x0000000000000401       0x33 ../../STM32F10x_StdPeriph_Driver/Release/libstm32f103.a(stm32f10x_rcc.o)
 .ARM.attributes
                0x0000000000000434       0x33 ../../STM32F10x_StdPeriph_Driver/Release/libstm32f103.a(stm32f10x_spi.o)
 .ARM.attributes
                0x0000000000000467       0x33 ../../STM32F10x_StdPeriph_Driver/Release/libstm32f103.a(stm32f10x_tim.o)
 .ARM.attributes
                0x000000000000049a       0x33 ../../STM32F10x_StdPeriph_Driver/Release/libstm32f103.a(stm32f10x_usart.o)
 .ARM.attributes
                0x00000000000004cd       0x33 ../../Embedded_GUI_Library/Release/libstm32f103.a(graphicObject.o)
 .ARM.attributes
                0x0000000000000500       0x2d /usr/lib/gcc/arm-none-eabi/4.8/../../../arm-none-eabi/lib/armv7-m/libg.a(lib_a-atexit.o)
 .ARM.attributes
                0x000000000000052d       0x2d /usr/lib/gcc/arm-none-eabi/4.8/../../../arm-none-eabi/lib/armv7-m/libg.a(lib_a-fini.o)
 .ARM.attributes
                0x000000000000055a       0x2d /usr/lib/gcc/arm-none-eabi/4.8/../../../arm-none-eabi/lib/armv7-m/libg.a(lib_a-impure.o)
 .ARM.attributes
                0x0000000000000587       0x2d /usr/lib/gcc/arm-none-eabi/4.8/../../../arm-none-eabi/lib/armv7-m/libg.a(lib_a-init.o)
 .ARM.attributes
                0x00000000000005b4       0x2d /usr/lib/gcc/arm-none-eabi/4.8/../../../arm-none-eabi/lib/armv7-m/libg.a(lib_a-malloc.o)
 .ARM.attributes
                0x00000000000005e1       0x2d /usr/lib/gcc/arm-none-eabi/4.8/../../../arm-none-eabi/lib/armv7-m/libg.a(lib_a-mallocr.o)
 .ARM.attributes
                0x000000000000060e       0x2d /usr/lib/gcc/arm-none-eabi/4.8/../../../arm-none-eabi/lib/armv7-m/libg.a(lib_a-mlock.o)
 .ARM.attributes
                0x000000000000063b       0x2d /usr/lib/gcc/arm-none-eabi/4.8/../../../arm-none-eabi/lib/armv7-m/libg.a(lib_a-sbrkr.o)
 .ARM.attributes
                0x0000000000000668       0x2d /usr/lib/gcc/arm-none-eabi/4.8/../../../arm-none-eabi/lib/armv7-m/libg.a(lib_a-__atexit.o)
 .ARM.attributes
                0x0000000000000695       0x2d /usr/lib/gcc/arm-none-eabi/4.8/../../../arm-none-eabi/lib/armv7-m/libg.a(lib_a-__call_atexit.o)
 .ARM.attributes
                0x00000000000006c2       0x2d /usr/lib/gcc/arm-none-eabi/4.8/../../../arm-none-eabi/lib/armv7-m/libg.a(lib_a-freer.o)
 .ARM.attributes
                0x00000000000006ef       0x2d /usr/lib/gcc/arm-none-eabi/4.8/../../../arm-none-eabi/lib/armv7-m/libg.a(lib_a-reent.o)
 .ARM.attributes
                0x000000000000071c       0x2d /usr/lib/gcc/arm-none-eabi/4.8/armv7-m/crtend.o
 .ARM.attributes
                0x0000000000000749       0x1d /usr/lib/gcc/arm-none-eabi/4.8/armv7-m/crtn.o

.comment        0x0000000000000000       0x6f
 .comment       0x0000000000000000       0x20 /usr/lib/gcc/arm-none-eabi/4.8/armv7-m/crtbegin.o
                                         0x21 (size before relaxing)
 .comment       0x0000000000000020       0x21 objs/outputs.o
 .comment       0x0000000000000020       0x21 objs/midi.o
 .comment       0x0000000000000020       0x21 objs/syscalls.o
 .comment       0x0000000000000020       0x21 objs/hw_config.o
 .comment       0x0000000000000020       0x21 objs/spi.o
 .comment       0x0000000000000020       0x21 objs/stm32f10x_it.o
 .comment       0x0000000000000020       0x21 objs/main.o
 .comment       0x0000000000000020       0x21 objs/system_stm32f10x.o
 .comment       0x0000000000000020       0x21 objs/eeprom.o
 .comment       0x0000000000000020       0x21 objs/i2c.o
 .comment       0x0000000000000020       0x21 objs/usart.o
 .comment       0x0000000000000020       0x21 objs/core_cm3.o
 .comment       0x0000000000000020       0x21 objs/stm32_eval.o
 .comment       0x0000000000000020       0x30 ../../STM32F10x_StdPeriph_Driver/Release/libstm32f103.a(misc.o)
                                         0x31 (size before relaxing)
 .comment       0x0000000000000050       0x31 ../../STM32F10x_StdPeriph_Driver/Release/libstm32f103.a(stm32f10x_dma.o)
 .comment       0x0000000000000050       0x31 ../../STM32F10x_StdPeriph_Driver/Release/libstm32f103.a(stm32f10x_flash.o)
 .comment       0x0000000000000050       0x31 ../../STM32F10x_StdPeriph_Driver/Release/libstm32f103.a(stm32f10x_gpio.o)
 .comment       0x0000000000000050       0x31 ../../STM32F10x_StdPeriph_Driver/Release/libstm32f103.a(stm32f10x_i2c.o)
 .comment       0x0000000000000050       0x31 ../../STM32F10x_StdPeriph_Driver/Release/libstm32f103.a(stm32f10x_rcc.o)
 .comment       0x0000000000000050       0x31 ../../STM32F10x_StdPeriph_Driver/Release/libstm32f103.a(stm32f10x_spi.o)
 .comment       0x0000000000000050       0x31 ../../STM32F10x_StdPeriph_Driver/Release/libstm32f103.a(stm32f10x_tim.o)
 .comment       0x0000000000000050       0x31 ../../STM32F10x_StdPeriph_Driver/Release/libstm32f103.a(stm32f10x_usart.o)
 .comment       0x0000000000000050       0x31 ../../Embedded_GUI_Library/Release/libstm32f103.a(graphicObject.o)
 .comment       0x0000000000000050       0x1f /usr/lib/gcc/arm-none-eabi/4.8/../../../arm-none-eabi/lib/armv7-m/libg.a(lib_a-atexit.o)
                                         0x20 (size before relaxing)
 .comment       0x000000000000006f       0x20 /usr/lib/gcc/arm-none-eabi/4.8/../../../arm-none-eabi/lib/armv7-m/libg.a(lib_a-fini.o)
 .comment       0x000000000000006f       0x20 /usr/lib/gcc/arm-none-eabi/4.8/../../../arm-none-eabi/lib/armv7-m/libg.a(lib_a-impure.o)
 .comment       0x000000000000006f       0x20 /usr/lib/gcc/arm-none-eabi/4.8/../../../arm-none-eabi/lib/armv7-m/libg.a(lib_a-init.o)
 .comment       0x000000000000006f       0x20 /usr/lib/gcc/arm-none-eabi/4.8/../../../arm-none-eabi/lib/armv7-m/libg.a(lib_a-malloc.o)
 .comment       0x000000000000006f       0x20 /usr/lib/gcc/arm-none-eabi/4.8/../../../arm-none-eabi/lib/armv7-m/libg.a(lib_a-mallocr.o)
 .comment       0x000000000000006f       0x20 /usr/lib/gcc/arm-none-eabi/4.8/../../../arm-none-eabi/lib/armv7-m/libg.a(lib_a-mlock.o)
 .comment       0x000000000000006f       0x20 /usr/lib/gcc/arm-none-eabi/4.8/../../../arm-none-eabi/lib/armv7-m/libg.a(lib_a-sbrkr.o)
 .comment       0x000000000000006f       0x20 /usr/lib/gcc/arm-none-eabi/4.8/../../../arm-none-eabi/lib/armv7-m/libg.a(lib_a-__atexit.o)
 .comment       0x000000000000006f       0x20 /usr/lib/gcc/arm-none-eabi/4.8/../../../arm-none-eabi/lib/armv7-m/libg.a(lib_a-__call_atexit.o)
 .comment       0x000000000000006f       0x20 /usr/lib/gcc/arm-none-eabi/4.8/../../../arm-none-eabi/lib/armv7-m/libg.a(lib_a-freer.o)
 .comment       0x000000000000006f       0x20 /usr/lib/gcc/arm-none-eabi/4.8/../../../arm-none-eabi/lib/armv7-m/libg.a(lib_a-reent.o)
 .comment       0x000000000000006f       0x21 /usr/lib/gcc/arm-none-eabi/4.8/armv7-m/crtend.o

.debug_info     0x0000000000000000     0xa5e8
 .debug_info    0x0000000000000000      0x367 objs/outputs.o
 .debug_info    0x0000000000000367      0x2a7 objs/midi.o
 .debug_info    0x000000000000060e       0xe3 objs/syscalls.o
 .debug_info    0x00000000000006f1      0x254 objs/hw_config.o
 .debug_info    0x0000000000000945      0x72a objs/spi.o
 .debug_info    0x000000000000106f      0x1d5 objs/stm32f10x_it.o
 .debug_info    0x0000000000001244      0x82c objs/main.o
 .debug_info    0x0000000000001a70      0x438 objs/system_stm32f10x.o
 .debug_info    0x0000000000001ea8      0x3f5 objs/eeprom.o
 .debug_info    0x000000000000229d      0xbf9 objs/i2c.o
 .debug_info    0x0000000000002e96      0x6b3 objs/usart.o
 .debug_info    0x0000000000003549      0x52b objs/core_cm3.o
 .debug_info    0x0000000000003a74      0xe48 objs/stm32_eval.o
 .debug_info    0x00000000000048bc       0x6d objs/startup_stm32f10x_md.o
 .debug_info    0x0000000000004929      0x10a /usr/lib/gcc/arm-none-eabi/4.8/../../../arm-none-eabi/lib/armv7-m/libg.a(lib_a-atexit.o)
 .debug_info    0x0000000000004a33       0xef /usr/lib/gcc/arm-none-eabi/4.8/../../../arm-none-eabi/lib/armv7-m/libg.a(lib_a-fini.o)
 .debug_info    0x0000000000004b22      0x894 /usr/lib/gcc/arm-none-eabi/4.8/../../../arm-none-eabi/lib/armv7-m/libg.a(lib_a-impure.o)
 .debug_info    0x00000000000053b6      0x105 /usr/lib/gcc/arm-none-eabi/4.8/../../../arm-none-eabi/lib/armv7-m/libg.a(lib_a-init.o)
 .debug_info    0x00000000000054bb      0x915 /usr/lib/gcc/arm-none-eabi/4.8/../../../arm-none-eabi/lib/armv7-m/libg.a(lib_a-malloc.o)
 .debug_info    0x0000000000005dd0      0xd7b /usr/lib/gcc/arm-none-eabi/4.8/../../../arm-none-eabi/lib/armv7-m/libg.a(lib_a-mallocr.o)
 .debug_info    0x0000000000006b4b      0x8b4 /usr/lib/gcc/arm-none-eabi/4.8/../../../arm-none-eabi/lib/armv7-m/libg.a(lib_a-mlock.o)
 .debug_info    0x00000000000073ff      0x8f4 /usr/lib/gcc/arm-none-eabi/4.8/../../../arm-none-eabi/lib/armv7-m/libg.a(lib_a-sbrkr.o)
 .debug_info    0x0000000000007cf3      0x934 /usr/lib/gcc/arm-none-eabi/4.8/../../../arm-none-eabi/lib/armv7-m/libg.a(lib_a-__atexit.o)
 .debug_info    0x0000000000008627      0x9aa /usr/lib/gcc/arm-none-eabi/4.8/../../../arm-none-eabi/lib/armv7-m/libg.a(lib_a-__call_atexit.o)
 .debug_info    0x0000000000008fd1      0xc1c /usr/lib/gcc/arm-none-eabi/4.8/../../../arm-none-eabi/lib/armv7-m/libg.a(lib_a-freer.o)
 .debug_info    0x0000000000009bed      0x9fb /usr/lib/gcc/arm-none-eabi/4.8/../../../arm-none-eabi/lib/armv7-m/libg.a(lib_a-reent.o)

.debug_abbrev   0x0000000000000000     0x2791
 .debug_abbrev  0x0000000000000000      0x142 objs/outputs.o
 .debug_abbrev  0x0000000000000142      0x15d objs/midi.o
 .debug_abbrev  0x000000000000029f       0x8b objs/syscalls.o
 .debug_abbrev  0x000000000000032a      0x11a objs/hw_config.o
 .debug_abbrev  0x0000000000000444      0x184 objs/spi.o
 .debug_abbrev  0x00000000000005c8       0xaf objs/stm32f10x_it.o
 .debug_abbrev  0x0000000000000677      0x1f3 objs/main.o
 .debug_abbrev  0x000000000000086a      0x179 objs/system_stm32f10x.o
 .debug_abbrev  0x00000000000009e3      0x187 objs/eeprom.o
 .debug_abbrev  0x0000000000000b6a      0x246 objs/i2c.o
 .debug_abbrev  0x0000000000000db0      0x185 objs/usart.o
 .debug_abbrev  0x0000000000000f35       0xae objs/core_cm3.o
 .debug_abbrev  0x0000000000000fe3      0x253 objs/stm32_eval.o
 .debug_abbrev  0x0000000000001236       0x12 objs/startup_stm32f10x_md.o
 .debug_abbrev  0x0000000000001248       0xb8 /usr/lib/gcc/arm-none-eabi/4.8/../../../arm-none-eabi/lib/armv7-m/libg.a(lib_a-atexit.o)
 .debug_abbrev  0x0000000000001300       0xbd /usr/lib/gcc/arm-none-eabi/4.8/../../../arm-none-eabi/lib/armv7-m/libg.a(lib_a-fini.o)
 .debug_abbrev  0x00000000000013bd      0x180 /usr/lib/gcc/arm-none-eabi/4.8/../../../arm-none-eabi/lib/armv7-m/libg.a(lib_a-impure.o)
 .debug_abbrev  0x000000000000153d       0xba /usr/lib/gcc/arm-none-eabi/4.8/../../../arm-none-eabi/lib/armv7-m/libg.a(lib_a-init.o)
 .debug_abbrev  0x00000000000015f7      0x1fa /usr/lib/gcc/arm-none-eabi/4.8/../../../arm-none-eabi/lib/armv7-m/libg.a(lib_a-malloc.o)
 .debug_abbrev  0x00000000000017f1      0x2a2 /usr/lib/gcc/arm-none-eabi/4.8/../../../arm-none-eabi/lib/armv7-m/libg.a(lib_a-mallocr.o)
 .debug_abbrev  0x0000000000001a93      0x19a /usr/lib/gcc/arm-none-eabi/4.8/../../../arm-none-eabi/lib/armv7-m/libg.a(lib_a-mlock.o)
 .debug_abbrev  0x0000000000001c2d      0x1fd /usr/lib/gcc/arm-none-eabi/4.8/../../../arm-none-eabi/lib/armv7-m/libg.a(lib_a-sbrkr.o)
 .debug_abbrev  0x0000000000001e2a      0x20f /usr/lib/gcc/arm-none-eabi/4.8/../../../arm-none-eabi/lib/armv7-m/libg.a(lib_a-__atexit.o)
 .debug_abbrev  0x0000000000002039      0x285 /usr/lib/gcc/arm-none-eabi/4.8/../../../arm-none-eabi/lib/armv7-m/libg.a(lib_a-__call_atexit.o)
 .debug_abbrev  0x00000000000022be      0x27b /usr/lib/gcc/arm-none-eabi/4.8/../../../arm-none-eabi/lib/armv7-m/libg.a(lib_a-freer.o)
 .debug_abbrev  0x0000000000002539      0x258 /usr/lib/gcc/arm-none-eabi/4.8/../../../arm-none-eabi/lib/armv7-m/libg.a(lib_a-reent.o)

.debug_aranges  0x0000000000000000      0x620
 .debug_aranges
                0x0000000000000000       0x38 objs/outputs.o
 .debug_aranges
                0x0000000000000038       0x38 objs/midi.o
 .debug_aranges
                0x0000000000000070       0x20 objs/syscalls.o
 .debug_aranges
                0x0000000000000090       0x28 objs/hw_config.o
 .debug_aranges
                0x00000000000000b8       0x30 objs/spi.o
 .debug_aranges
                0x00000000000000e8       0x98 objs/stm32f10x_it.o
 .debug_aranges
                0x0000000000000180       0x40 objs/main.o
 .debug_aranges
                0x00000000000001c0       0x38 objs/system_stm32f10x.o
 .debug_aranges
                0x00000000000001f8       0x48 objs/eeprom.o
 .debug_aranges
                0x0000000000000240       0x78 objs/i2c.o
 .debug_aranges
                0x00000000000002b8       0x30 objs/usart.o
 .debug_aranges
                0x00000000000002e8       0xc8 objs/core_cm3.o
 .debug_aranges
                0x00000000000003b0       0xa8 objs/stm32_eval.o
 .debug_aranges
                0x0000000000000458       0x28 objs/startup_stm32f10x_md.o
 .debug_aranges
                0x0000000000000480       0x20 /usr/lib/gcc/arm-none-eabi/4.8/../../../arm-none-eabi/lib/armv7-m/libg.a(lib_a-atexit.o)
 .debug_aranges
                0x00000000000004a0       0x20 /usr/lib/gcc/arm-none-eabi/4.8/../../../arm-none-eabi/lib/armv7-m/libg.a(lib_a-fini.o)
 .debug_aranges
                0x00000000000004c0       0x18 /usr/lib/gcc/arm-none-eabi/4.8/../../../arm-none-eabi/lib/armv7-m/libg.a(lib_a-impure.o)
 .debug_aranges
                0x00000000000004d8       0x20 /usr/lib/gcc/arm-none-eabi/4.8/../../../arm-none-eabi/lib/armv7-m/libg.a(lib_a-init.o)
 .debug_aranges
                0x00000000000004f8       0x28 /usr/lib/gcc/arm-none-eabi/4.8/../../../arm-none-eabi/lib/armv7-m/libg.a(lib_a-malloc.o)
 .debug_aranges
                0x0000000000000520       0x20 /usr/lib/gcc/arm-none-eabi/4.8/../../../arm-none-eabi/lib/armv7-m/libg.a(lib_a-mallocr.o)
 .debug_aranges
                0x0000000000000540       0x28 /usr/lib/gcc/arm-none-eabi/4.8/../../../arm-none-eabi/lib/armv7-m/libg.a(lib_a-mlock.o)
 .debug_aranges
                0x0000000000000568       0x20 /usr/lib/gcc/arm-none-eabi/4.8/../../../arm-none-eabi/lib/armv7-m/libg.a(lib_a-sbrkr.o)
 .debug_aranges
                0x0000000000000588       0x20 /usr/lib/gcc/arm-none-eabi/4.8/../../../arm-none-eabi/lib/armv7-m/libg.a(lib_a-__atexit.o)
 .debug_aranges
                0x00000000000005a8       0x28 /usr/lib/gcc/arm-none-eabi/4.8/../../../arm-none-eabi/lib/armv7-m/libg.a(lib_a-__call_atexit.o)
 .debug_aranges
                0x00000000000005d0       0x28 /usr/lib/gcc/arm-none-eabi/4.8/../../../arm-none-eabi/lib/armv7-m/libg.a(lib_a-freer.o)
 .debug_aranges
                0x00000000000005f8       0x28 /usr/lib/gcc/arm-none-eabi/4.8/../../../arm-none-eabi/lib/armv7-m/libg.a(lib_a-reent.o)

.debug_ranges   0x0000000000000000      0x4e0
 .debug_ranges  0x0000000000000000       0x28 objs/outputs.o
 .debug_ranges  0x0000000000000028       0x28 objs/midi.o
 .debug_ranges  0x0000000000000050       0x10 objs/syscalls.o
 .debug_ranges  0x0000000000000060       0x18 objs/hw_config.o
 .debug_ranges  0x0000000000000078       0x20 objs/spi.o
 .debug_ranges  0x0000000000000098       0x88 objs/stm32f10x_it.o
 .debug_ranges  0x0000000000000120       0x30 objs/main.o
 .debug_ranges  0x0000000000000150       0x28 objs/system_stm32f10x.o
 .debug_ranges  0x0000000000000178       0x38 objs/eeprom.o
 .debug_ranges  0x00000000000001b0       0x68 objs/i2c.o
 .debug_ranges  0x0000000000000218       0x20 objs/usart.o
 .debug_ranges  0x0000000000000238       0xb8 objs/core_cm3.o
 .debug_ranges  0x00000000000002f0       0x98 objs/stm32_eval.o
 .debug_ranges  0x0000000000000388       0x20 objs/startup_stm32f10x_md.o
 .debug_ranges  0x00000000000003a8       0x10 /usr/lib/gcc/arm-none-eabi/4.8/../../../arm-none-eabi/lib/armv7-m/libg.a(lib_a-atexit.o)
 .debug_ranges  0x00000000000003b8       0x10 /usr/lib/gcc/arm-none-eabi/4.8/../../../arm-none-eabi/lib/armv7-m/libg.a(lib_a-fini.o)
 .debug_ranges  0x00000000000003c8       0x10 /usr/lib/gcc/arm-none-eabi/4.8/../../../arm-none-eabi/lib/armv7-m/libg.a(lib_a-init.o)
 .debug_ranges  0x00000000000003d8       0x18 /usr/lib/gcc/arm-none-eabi/4.8/../../../arm-none-eabi/lib/armv7-m/libg.a(lib_a-malloc.o)
 .debug_ranges  0x00000000000003f0       0x38 /usr/lib/gcc/arm-none-eabi/4.8/../../../arm-none-eabi/lib/armv7-m/libg.a(lib_a-mallocr.o)
 .debug_ranges  0x0000000000000428       0x18 /usr/lib/gcc/arm-none-eabi/4.8/../../../arm-none-eabi/lib/armv7-m/libg.a(lib_a-mlock.o)
 .debug_ranges  0x0000000000000440       0x10 /usr/lib/gcc/arm-none-eabi/4.8/../../../arm-none-eabi/lib/armv7-m/libg.a(lib_a-sbrkr.o)
 .debug_ranges  0x0000000000000450       0x10 /usr/lib/gcc/arm-none-eabi/4.8/../../../arm-none-eabi/lib/armv7-m/libg.a(lib_a-__atexit.o)
 .debug_ranges  0x0000000000000460       0x38 /usr/lib/gcc/arm-none-eabi/4.8/../../../arm-none-eabi/lib/armv7-m/libg.a(lib_a-__call_atexit.o)
 .debug_ranges  0x0000000000000498       0x18 /usr/lib/gcc/arm-none-eabi/4.8/../../../arm-none-eabi/lib/armv7-m/libg.a(lib_a-freer.o)
 .debug_ranges  0x00000000000004b0       0x30 /usr/lib/gcc/arm-none-eabi/4.8/../../../arm-none-eabi/lib/armv7-m/libg.a(lib_a-reent.o)

.debug_line     0x0000000000000000     0x2b8b
 .debug_line    0x0000000000000000      0x1c0 objs/outputs.o
 .debug_line    0x00000000000001c0      0x18f objs/midi.o
 .debug_line    0x000000000000034f       0x68 objs/syscalls.o
 .debug_line    0x00000000000003b7      0x169 objs/hw_config.o
 .debug_line    0x0000000000000520      0x22e objs/spi.o
 .debug_line    0x000000000000074e      0x1dd objs/stm32f10x_it.o
 .debug_line    0x000000000000092b      0x212 objs/main.o
 .debug_line    0x0000000000000b3d      0x19b objs/system_stm32f10x.o
 .debug_line    0x0000000000000cd8      0x221 objs/eeprom.o
 .debug_line    0x0000000000000ef9      0x377 objs/i2c.o
 .debug_line    0x0000000000001270      0x1a3 objs/usart.o
 .debug_line    0x0000000000001413      0x24e objs/core_cm3.o
 .debug_line    0x0000000000001661      0x3ab objs/stm32_eval.o
 .debug_line    0x0000000000001a0c       0x7a objs/startup_stm32f10x_md.o
 .debug_line    0x0000000000001a86       0xba /usr/lib/gcc/arm-none-eabi/4.8/../../../arm-none-eabi/lib/armv7-m/libg.a(lib_a-atexit.o)
 .debug_line    0x0000000000001b40       0x9a /usr/lib/gcc/arm-none-eabi/4.8/../../../arm-none-eabi/lib/armv7-m/libg.a(lib_a-fini.o)
 .debug_line    0x0000000000001bda       0xe8 /usr/lib/gcc/arm-none-eabi/4.8/../../../arm-none-eabi/lib/armv7-m/libg.a(lib_a-impure.o)
 .debug_line    0x0000000000001cc2       0xb3 /usr/lib/gcc/arm-none-eabi/4.8/../../../arm-none-eabi/lib/armv7-m/libg.a(lib_a-init.o)
 .debug_line    0x0000000000001d75      0x15e /usr/lib/gcc/arm-none-eabi/4.8/../../../arm-none-eabi/lib/armv7-m/libg.a(lib_a-malloc.o)
 .debug_line    0x0000000000001ed3      0x34b /usr/lib/gcc/arm-none-eabi/4.8/../../../arm-none-eabi/lib/armv7-m/libg.a(lib_a-mallocr.o)
 .debug_line    0x000000000000221e      0x106 /usr/lib/gcc/arm-none-eabi/4.8/../../../arm-none-eabi/lib/armv7-m/libg.a(lib_a-mlock.o)
 .debug_line    0x0000000000002324      0x152 /usr/lib/gcc/arm-none-eabi/4.8/../../../arm-none-eabi/lib/armv7-m/libg.a(lib_a-sbrkr.o)
 .debug_line    0x0000000000002476      0x186 /usr/lib/gcc/arm-none-eabi/4.8/../../../arm-none-eabi/lib/armv7-m/libg.a(lib_a-__atexit.o)
 .debug_line    0x00000000000025fc      0x1c0 /usr/lib/gcc/arm-none-eabi/4.8/../../../arm-none-eabi/lib/armv7-m/libg.a(lib_a-__call_atexit.o)
 .debug_line    0x00000000000027bc      0x247 /usr/lib/gcc/arm-none-eabi/4.8/../../../arm-none-eabi/lib/armv7-m/libg.a(lib_a-freer.o)
 .debug_line    0x0000000000002a03      0x188 /usr/lib/gcc/arm-none-eabi/4.8/../../../arm-none-eabi/lib/armv7-m/libg.a(lib_a-reent.o)

.debug_str      0x0000000000000000     0x2452
 .debug_str     0x0000000000000000      0x388 objs/outputs.o
                                        0x3db (size before relaxing)
 .debug_str     0x0000000000000388       0x62 objs/midi.o
                                        0x343 (size before relaxing)
 .debug_str     0x00000000000003ea       0x3c objs/syscalls.o
                                        0x187 (size before relaxing)
 .debug_str     0x0000000000000426       0x23 objs/hw_config.o
                                        0x2f9 (size before relaxing)
 .debug_str     0x0000000000000449      0x606 objs/spi.o
                                        0x901 (size before relaxing)
 .debug_str     0x0000000000000a4f      0x14e objs/stm32f10x_it.o
                                        0x2d0 (size before relaxing)
 .debug_str     0x0000000000000b9d      0x265 objs/main.o
                                        0x81c (size before relaxing)
 .debug_str     0x0000000000000e02      0x14c objs/system_stm32f10x.o
                                        0x2e4 (size before relaxing)
 .debug_str     0x0000000000000f4e       0xc4 objs/eeprom.o
                                        0x414 (size before relaxing)
 .debug_str     0x0000000000001012      0x2e5 objs/i2c.o
                                        0xa29 (size before relaxing)
 .debug_str     0x00000000000012f7       0xd5 objs/usart.o
                                        0x7ad (size before relaxing)
 .debug_str     0x00000000000013cc      0x16e objs/core_cm3.o
                                        0x2fd (size before relaxing)
 .debug_str     0x000000000000153a      0x45b objs/stm32_eval.o
                                        0xc6b (size before relaxing)
 .debug_str     0x0000000000001995      0x142 /usr/lib/gcc/arm-none-eabi/4.8/../../../arm-none-eabi/lib/armv7-m/libg.a(lib_a-atexit.o)
                                        0x1db (size before relaxing)
 .debug_str     0x0000000000001ad7       0xc3 /usr/lib/gcc/arm-none-eabi/4.8/../../../arm-none-eabi/lib/armv7-m/libg.a(lib_a-fini.o)
                                        0x1d3 (size before relaxing)
 .debug_str     0x0000000000001b9a      0x418 /usr/lib/gcc/arm-none-eabi/4.8/../../../arm-none-eabi/lib/armv7-m/libg.a(lib_a-impure.o)
                                        0x56f (size before relaxing)
 .debug_str     0x0000000000001fb2       0x8a /usr/lib/gcc/arm-none-eabi/4.8/../../../arm-none-eabi/lib/armv7-m/libg.a(lib_a-init.o)
                                        0x1fd (size before relaxing)
 .debug_str     0x000000000000203c       0x4a /usr/lib/gcc/arm-none-eabi/4.8/../../../arm-none-eabi/lib/armv7-m/libg.a(lib_a-malloc.o)
                                        0x583 (size before relaxing)
 .debug_str     0x0000000000002086      0x221 /usr/lib/gcc/arm-none-eabi/4.8/../../../arm-none-eabi/lib/armv7-m/libg.a(lib_a-mallocr.o)
                                        0x77e (size before relaxing)
 .debug_str     0x00000000000022a7       0x42 /usr/lib/gcc/arm-none-eabi/4.8/../../../arm-none-eabi/lib/armv7-m/libg.a(lib_a-mlock.o)
                                        0x578 (size before relaxing)
 .debug_str     0x00000000000022e9       0x2c /usr/lib/gcc/arm-none-eabi/4.8/../../../arm-none-eabi/lib/armv7-m/libg.a(lib_a-sbrkr.o)
                                        0x566 (size before relaxing)
 .debug_str     0x0000000000002315       0x30 /usr/lib/gcc/arm-none-eabi/4.8/../../../arm-none-eabi/lib/armv7-m/libg.a(lib_a-__atexit.o)
                                        0x5b7 (size before relaxing)
 .debug_str     0x0000000000002345       0x81 /usr/lib/gcc/arm-none-eabi/4.8/../../../arm-none-eabi/lib/armv7-m/libg.a(lib_a-__call_atexit.o)
                                        0x5cf (size before relaxing)
 .debug_str     0x00000000000023c6       0x34 /usr/lib/gcc/arm-none-eabi/4.8/../../../arm-none-eabi/lib/armv7-m/libg.a(lib_a-freer.o)
                                        0x6c8 (size before relaxing)
 .debug_str     0x00000000000023fa       0x58 /usr/lib/gcc/arm-none-eabi/4.8/../../../arm-none-eabi/lib/armv7-m/libg.a(lib_a-reent.o)
                                        0x58e (size before relaxing)

.debug_frame    0x0000000000000000      0xe28
 .debug_frame   0x0000000000000000       0x88 objs/outputs.o
 .debug_frame   0x0000000000000088       0x7c objs/midi.o
 .debug_frame   0x0000000000000104       0x2c objs/syscalls.o
 .debug_frame   0x0000000000000130       0x50 objs/hw_config.o
 .debug_frame   0x0000000000000180       0x6c objs/spi.o
 .debug_frame   0x00000000000001ec      0x1ac objs/stm32f10x_it.o
 .debug_frame   0x0000000000000398       0xac objs/main.o
 .debug_frame   0x0000000000000444       0x80 objs/system_stm32f10x.o
 .debug_frame   0x00000000000004c4       0xc4 objs/eeprom.o
 .debug_frame   0x0000000000000588      0x16c objs/i2c.o
 .debug_frame   0x00000000000006f4       0x6c objs/usart.o
 .debug_frame   0x0000000000000760      0x248 objs/core_cm3.o
 .debug_frame   0x00000000000009a8      0x230 objs/stm32_eval.o
 .debug_frame   0x0000000000000bd8       0x20 /usr/lib/gcc/arm-none-eabi/4.8/../../../arm-none-eabi/lib/armv7-m/libg.a(lib_a-atexit.o)
 .debug_frame   0x0000000000000bf8       0x2c /usr/lib/gcc/arm-none-eabi/4.8/../../../arm-none-eabi/lib/armv7-m/libg.a(lib_a-fini.o)
 .debug_frame   0x0000000000000c24       0x2c /usr/lib/gcc/arm-none-eabi/4.8/../../../arm-none-eabi/lib/armv7-m/libg.a(lib_a-init.o)
 .debug_frame   0x0000000000000c50       0x30 /usr/lib/gcc/arm-none-eabi/4.8/../../../arm-none-eabi/lib/armv7-m/libg.a(lib_a-malloc.o)
 .debug_frame   0x0000000000000c80       0x38 /usr/lib/gcc/arm-none-eabi/4.8/../../../arm-none-eabi/lib/armv7-m/libg.a(lib_a-mallocr.o)
 .debug_frame   0x0000000000000cb8       0x30 /usr/lib/gcc/arm-none-eabi/4.8/../../../arm-none-eabi/lib/armv7-m/libg.a(lib_a-mlock.o)
 .debug_frame   0x0000000000000ce8       0x2c /usr/lib/gcc/arm-none-eabi/4.8/../../../arm-none-eabi/lib/armv7-m/libg.a(lib_a-sbrkr.o)
 .debug_frame   0x0000000000000d14       0x30 /usr/lib/gcc/arm-none-eabi/4.8/../../../arm-none-eabi/lib/armv7-m/libg.a(lib_a-__atexit.o)
 .debug_frame   0x0000000000000d44       0x48 /usr/lib/gcc/arm-none-eabi/4.8/../../../arm-none-eabi/lib/armv7-m/libg.a(lib_a-__call_atexit.o)
 .debug_frame   0x0000000000000d8c       0x54 /usr/lib/gcc/arm-none-eabi/4.8/../../../arm-none-eabi/lib/armv7-m/libg.a(lib_a-freer.o)
 .debug_frame   0x0000000000000de0       0x48 /usr/lib/gcc/arm-none-eabi/4.8/../../../arm-none-eabi/lib/armv7-m/libg.a(lib_a-reent.o)

.debug_loc      0x0000000000000000     0x1719
 .debug_loc     0x0000000000000000       0x2c /usr/lib/gcc/arm-none-eabi/4.8/../../../arm-none-eabi/lib/armv7-m/libg.a(lib_a-atexit.o)
 .debug_loc     0x000000000000002c       0x5c /usr/lib/gcc/arm-none-eabi/4.8/../../../arm-none-eabi/lib/armv7-m/libg.a(lib_a-fini.o)
 .debug_loc     0x0000000000000088       0xae /usr/lib/gcc/arm-none-eabi/4.8/../../../arm-none-eabi/lib/armv7-m/libg.a(lib_a-init.o)
 .debug_loc     0x0000000000000136       0x58 /usr/lib/gcc/arm-none-eabi/4.8/../../../arm-none-eabi/lib/armv7-m/libg.a(lib_a-malloc.o)
 .debug_loc     0x000000000000018e      0xd1f /usr/lib/gcc/arm-none-eabi/4.8/../../../arm-none-eabi/lib/armv7-m/libg.a(lib_a-mallocr.o)
 .debug_loc     0x0000000000000ead       0x3f /usr/lib/gcc/arm-none-eabi/4.8/../../../arm-none-eabi/lib/armv7-m/libg.a(lib_a-sbrkr.o)
 .debug_loc     0x0000000000000eec      0x14d /usr/lib/gcc/arm-none-eabi/4.8/../../../arm-none-eabi/lib/armv7-m/libg.a(lib_a-__atexit.o)
 .debug_loc     0x0000000000001039      0x155 /usr/lib/gcc/arm-none-eabi/4.8/../../../arm-none-eabi/lib/armv7-m/libg.a(lib_a-__call_atexit.o)
 .debug_loc     0x000000000000118e      0x450 /usr/lib/gcc/arm-none-eabi/4.8/../../../arm-none-eabi/lib/armv7-m/libg.a(lib_a-freer.o)
 .debug_loc     0x00000000000015de      0x13b /usr/lib/gcc/arm-none-eabi/4.8/../../../arm-none-eabi/lib/armv7-m/libg.a(lib_a-reent.o)
