Archive member included to satisfy reference by file (symbol)

../../STM32F10x_StdPeriph_Driver/Release/libstm32f103.a(misc.o)
                              objs/spi.o (NVIC_Init)
../../STM32F10x_StdPeriph_Driver/Release/libstm32f103.a(stm32f10x_adc.o)
                              objs/buttons.o (ADC_Init)
../../STM32F10x_StdPeriph_Driver/Release/libstm32f103.a(stm32f10x_dma.o)
                              objs/spi.o (DMA_Init)
../../STM32F10x_StdPeriph_Driver/Release/libstm32f103.a(stm32f10x_flash.o)
                              objs/hw_config.o (FLASH_SetLatency)
../../STM32F10x_StdPeriph_Driver/Release/libstm32f103.a(stm32f10x_gpio.o)
                              objs/spi.o (GPIO_Init)
../../STM32F10x_StdPeriph_Driver/Release/libstm32f103.a(stm32f10x_i2c.o)
                              objs/i2c.o (I2C_DeInit)
../../STM32F10x_StdPeriph_Driver/Release/libstm32f103.a(stm32f10x_rcc.o)
                              objs/hw_config.o (RCC_DeInit)
../../STM32F10x_StdPeriph_Driver/Release/libstm32f103.a(stm32f10x_spi.o)
                              objs/spi.o (SPI_Init)
../../STM32F10x_StdPeriph_Driver/Release/libstm32f103.a(stm32f10x_tim.o)
                              objs/main.o (TIM_TimeBaseInit)
/usr/lib/gcc/arm-none-eabi/4.8/../../../arm-none-eabi/lib/armv7-m/libg.a(lib_a-atexit.o)
                              /usr/lib/gcc/arm-none-eabi/4.8/../../../arm-none-eabi/lib/armv7-m/crt0.o (atexit)
/usr/lib/gcc/arm-none-eabi/4.8/../../../arm-none-eabi/lib/armv7-m/libg.a(lib_a-exit.o)
                              /usr/lib/gcc/arm-none-eabi/4.8/../../../arm-none-eabi/lib/armv7-m/crt0.o (exit)
/usr/lib/gcc/arm-none-eabi/4.8/../../../arm-none-eabi/lib/armv7-m/libg.a(lib_a-fini.o)
                              /usr/lib/gcc/arm-none-eabi/4.8/../../../arm-none-eabi/lib/armv7-m/crt0.o (__libc_fini_array)
/usr/lib/gcc/arm-none-eabi/4.8/../../../arm-none-eabi/lib/armv7-m/libg.a(lib_a-impure.o)
                              /usr/lib/gcc/arm-none-eabi/4.8/../../../arm-none-eabi/lib/armv7-m/libg.a(lib_a-exit.o) (_global_impure_ptr)
/usr/lib/gcc/arm-none-eabi/4.8/../../../arm-none-eabi/lib/armv7-m/libg.a(lib_a-init.o)
                              /usr/lib/gcc/arm-none-eabi/4.8/../../../arm-none-eabi/lib/armv7-m/crt0.o (__libc_init_array)
/usr/lib/gcc/arm-none-eabi/4.8/../../../arm-none-eabi/lib/armv7-m/libg.a(lib_a-memset.o)
                              /usr/lib/gcc/arm-none-eabi/4.8/../../../arm-none-eabi/lib/armv7-m/crt0.o (memset)
/usr/lib/gcc/arm-none-eabi/4.8/../../../arm-none-eabi/lib/armv7-m/libg.a(lib_a-__atexit.o)
                              /usr/lib/gcc/arm-none-eabi/4.8/../../../arm-none-eabi/lib/armv7-m/libg.a(lib_a-atexit.o) (__register_exitproc)
/usr/lib/gcc/arm-none-eabi/4.8/../../../arm-none-eabi/lib/armv7-m/libg.a(lib_a-__call_atexit.o)
                              /usr/lib/gcc/arm-none-eabi/4.8/../../../arm-none-eabi/lib/armv7-m/libg.a(lib_a-exit.o) (__call_exitprocs)

Allocating common symbols
Common symbol       size              file

Buffer_Rx2          0x14              objs/i2c.o
GL_messagequeue     0x40              objs/messagequeue.o
prevrotaryportstateB
                    0x1               objs/poti.o
GL_firstmessage     0x1               objs/messagequeue.o
Buffer_Tx1          0x14              objs/i2c.o
I2C_InitStructure1  0x10              objs/i2c.o
GL_spi_send_call    0x1               objs/spi.o
systemevent         0x2               objs/main.o
buttonstat          0x2               objs/buttons.o
ledvalue            0x28              objs/poti.o
potdelta            0x7               objs/poti.o
Buffer_Tx2          0x14              objs/i2c.o
I2CDMA_InitStructure
                    0x2c              objs/i2c.o
rotaryportstateB    0x1               objs/poti.o
Buffer_Rx1          0x14              objs/i2c.o
poti_data           0x28              objs/poti.o
ADCBuffer           0x6               objs/buttons.o
i2c_rx_event        0x1               objs/i2c.o
Address             0x1               objs/i2c.o
GL_spi_irq_call     0x1               objs/spi.o
GL_currentmessage   0x1               objs/messagequeue.o
I2C_InitStructure2  0x10              objs/i2c.o
rx_data             0x28              objs/poti.o
buttonnum           0x1               objs/buttons.o
prevrotaryportstateA
                    0x1               objs/poti.o
GL_messagequeue_elements
                    0x1               objs/messagequeue.o
rotaryportstateA    0x1               objs/poti.o
NumbOfBytes2        0x4               objs/i2c.o
NumbOfBytes1        0x4               objs/i2c.o
I2CDirection        0x4               objs/i2c.o
GL_led_displayreg   0xe               objs/main.o
potstate            0x7               objs/poti.o
GL_i2c_messagequeue_busy
                    0x1               objs/messagequeue.o
SPI1_BLOCK          0x1               objs/spi.o

Discarded input sections

 .text          0x0000000000000000        0x0 /usr/lib/gcc/arm-none-eabi/4.8/armv7-m/crti.o
[...]
Memory Configuration

Name             Origin             Length             Attributes
RAM              0x0000000020000000 0x0000000000005000 xrw
FLASH            0x0000000008000000 0x0000000000010000 xr
*default*        0x0000000000000000 0xffffffffffffffff

Linker script and memory map

LOAD /usr/lib/gcc/arm-none-eabi/4.8/armv7-m/crti.o
LOAD /usr/lib/gcc/arm-none-eabi/4.8/armv7-m/crtbegin.o
LOAD /usr/lib/gcc/arm-none-eabi/4.8/../../../arm-none-eabi/lib/armv7-m/crt0.o
LOAD /usr/lib/gcc/arm-none-eabi/4.8/../../../arm-none-eabi/lib/armv7-m/libm.a
LOAD objs/syscalls.o
LOAD objs/hw_config.o
LOAD objs/spi.o
LOAD objs/stm32f10x_it.o
LOAD objs/messagequeue.o
LOAD objs/channelled.o
LOAD objs/main.o
LOAD objs/system_stm32f10x.o
LOAD objs/poti.o
LOAD objs/siebensegment.o
LOAD objs/buttons.o
LOAD objs/i2c.o
LOAD objs/core_cm3.o
LOAD objs/startup_stm32f10x_md.o
LOAD ../../STM32F10x_StdPeriph_Driver/Release/libstm32f103.a
LOAD /opt/stm32arm/arm-none-eabi/lib/thumb/libm.a
LOAD ../../Embedded_GUI_HAL/Release/libstm32f103.a
LOAD ../../Embedded_GUI_Library/Release/libstm32f103.a
START GROUP
LOAD /usr/lib/gcc/arm-none-eabi/4.8/armv7-m/libgcc.a
LOAD /usr/lib/gcc/arm-none-eabi/4.8/../../../arm-none-eabi/lib/armv7-m/libg.a
LOAD /usr/lib/gcc/arm-none-eabi/4.8/../../../arm-none-eabi/lib/armv7-m/libc.a
END GROUP
LOAD /usr/lib/gcc/arm-none-eabi/4.8/armv7-m/crtend.o
LOAD /usr/lib/gcc/arm-none-eabi/4.8/armv7-m/crtn.o
                0x0000000000000800                __Stack_Size = 0x800
                0x0000000000000800                PROVIDE (_Stack_Size, __Stack_Size)
                0x0000000020004800                __Stack_Init = (_estack - __Stack_Size)
                0x0000000020004800                PROVIDE (_Stack_Init, __Stack_Init)
                0x0000000000000800                _Minimum_Stack_Size = 0x800
                0x0000000000000000                PROVIDE (Undefined_Handler, 0x0)
                0x0000000000000000                PROVIDE (SWI_Handler, 0x0)
                0x0000000000000000                PROVIDE (IRQ_Handler, 0x0)
                0x0000000000000000                PROVIDE (Prefetch_Handler, 0x0)
                0x0000000000000000                PROVIDE (Abort_Handler, 0x0)
                0x0000000000000000                PROVIDE (FIQ_Handler, 0x0)
                0x0000000000000000                PROVIDE (NMIException, 0x0)
                0x0000000000000000                PROVIDE (HardFaultException, 0x0)
                0x0000000000000000                PROVIDE (MemManageException, 0x0)
                0x0000000000000000                PROVIDE (BusFaultException, 0x0)
                0x0000000000000000                PROVIDE (UsageFaultException, 0x0)
                0x0000000000000000                PROVIDE (DebugMonitor, 0x0)
                0x0000000000000000                PROVIDE (WWDG_IRQHandler, 0x0)
                0x0000000000000000                PROVIDE (PVD_IRQHandler, 0x0)
                0x0000000000000000                PROVIDE (TAMPER_IRQHandler, 0x0)
                0x0000000000000000                PROVIDE (RTC_IRQHandler, 0x0)
                0x0000000000000000                PROVIDE (FLASH_IRQHandler, 0x0)
                0x0000000000000000                PROVIDE (RCC_IRQHandler, 0x0)
                0x0000000000000000                PROVIDE (EXTI0_IRQHandler, 0x0)
                0x0000000000000000                PROVIDE (EXTI1_IRQHandler, 0x0)
                0x0000000000000000                PROVIDE (EXTI2_IRQHandler, 0x0)
                0x0000000000000000                PROVIDE (EXTI3_IRQHandler, 0x0)
                0x0000000000000000                PROVIDE (EXTI4_IRQHandler, 0x0)
                0x0000000000000000                PROVIDE (DMAChannel1_IRQHandler, 0x0)
                0x0000000000000000                PROVIDE (DMAChannel2_IRQHandler, 0x0)
                0x0000000000000000                PROVIDE (DMAChannel3_IRQHandler, 0x0)
                0x0000000000000000                PROVIDE (DMAChannel4_IRQHandler, 0x0)
                0x0000000000000000                PROVIDE (DMAChannel5_IRQHandler, 0x0)
                0x0000000000000000                PROVIDE (DMAChannel6_IRQHandler, 0x0)
                0x0000000000000000                PROVIDE (DMAChannel7_IRQHandler, 0x0)
                0x0000000000000000                PROVIDE (ADC_IRQHandler, 0x0)
                0x0000000000000000                PROVIDE (USB_HP_CAN_TX_IRQHandler, 0x0)
                0x0000000000000000                PROVIDE (USB_LP_CAN_RX0_IRQHandler, 0x0)
                0x0000000000000000                PROVIDE (CAN_RX1_IRQHandler, 0x0)
                0x0000000000000000                PROVIDE (CAN_SCE_IRQHandler, 0x0)
                0x0000000000000000                PROVIDE (EXTI9_5_IRQHandler, 0x0)
                0x0000000000000000                PROVIDE (TIM1_BRK_IRQHandler, 0x0)
                0x0000000000000000                PROVIDE (TIM1_UP_IRQHandler, 0x0)
                0x0000000000000000                PROVIDE (TIM1_TRG_COM_IRQHandler, 0x0)
                0x0000000000000000                PROVIDE (TIM1_CC_IRQHandler, 0x0)
                0x0000000000000000                PROVIDE (TIM2_IRQHandler, 0x0)
                0x0000000000000000                PROVIDE (TIM3_IRQHandler, 0x0)
                0x0000000000000000                PROVIDE (TIM4_IRQHandler, 0x0)
                0x0000000000000000                PROVIDE (I2C1_EV_IRQHandler, 0x0)
                0x0000000000000000                PROVIDE (I2C1_ER_IRQHandler, 0x0)
                0x0000000000000000                PROVIDE (I2C2_EV_IRQHandler, 0x0)
                0x0000000000000000                PROVIDE (I2C2_ER_IRQHandler, 0x0)
                0x0000000000000000                PROVIDE (SPI1_IRQHandler, 0x0)
                0x0000000000000000                PROVIDE (SPI2_IRQHandler, 0x0)
                0x0000000000000000                PROVIDE (USART1_IRQHandler, 0x0)
                0x0000000000000000                PROVIDE (USART2_IRQHandler, 0x0)
                0x0000000000000000                PROVIDE (USART3_IRQHandler, 0x0)
                0x0000000000000000                PROVIDE (EXTI15_10_IRQHandler, 0x0)
                0x0000000000000000                PROVIDE (RTCAlarm_IRQHandler, 0x0)
                0x0000000000000000                PROVIDE (USBWakeUp_IRQHandler, 0x0)
                0x0000000042000000                PERIPH_BB_BASE = 0x42000000
                0x0000000022000000                SRAM_BB_BASE = 0x22000000
                0x0000000020000000                SRAM_BASE = 0x20000000
                0x0000000040000000                PERIPH_BASE = 0x40000000
                0x0000000040022000                PROVIDE (FLASH_BASE, 0x40022000)
                0x000000001ffff800                PROVIDE (OB_BASE, 0x1ffff800)
                0x0000000040000000                APB1PERIPH_BASE = PERIPH_BASE
                0x0000000040010000                APB2PERIPH_BASE = (PERIPH_BASE + 0x10000)
                0x0000000040020000                AHBPERIPH_BASE = (PERIPH_BASE + 0x20000)
                0x0000000040000000                PROVIDE (TIM2, (APB1PERIPH_BASE + 0x0))
                0x0000000040000400                PROVIDE (TIM3, (APB1PERIPH_BASE + 0x400))
                0x0000000040000800                PROVIDE (TIM4, (APB1PERIPH_BASE + 0x800))
                0x0000000040002800                PROVIDE (RTC, (APB1PERIPH_BASE + 0x2800))
                0x0000000040002c00                PROVIDE (WWDG, (APB1PERIPH_BASE + 0x2c00))
                0x0000000040003000                PROVIDE (IWDG, (APB1PERIPH_BASE + 0x3000))
                0x0000000040003800                PROVIDE (SPI2, (APB1PERIPH_BASE + 0x3800))
                0x0000000040004400                PROVIDE (USART2, (APB1PERIPH_BASE + 0x4400))
                0x0000000040004800                PROVIDE (USART3, (APB1PERIPH_BASE + 0x4800))
                0x0000000040005400                PROVIDE (I2C1, (APB1PERIPH_BASE + 0x5400))
                0x0000000040005800                PROVIDE (I2C2, (APB1PERIPH_BASE + 0x5800))
                0x0000000040006400                PROVIDE (CAN, (APB1PERIPH_BASE + 0x6400))
                0x0000000040006c00                PROVIDE (BKP, (APB1PERIPH_BASE + 0x6c00))
                0x0000000040007000                PROVIDE (PWR, (APB1PERIPH_BASE + 0x7000))
                0x0000000040010000                PROVIDE (AFIO, (APB2PERIPH_BASE + 0x0))
                0x0000000040010400                PROVIDE (EXTI, (APB2PERIPH_BASE + 0x400))
                0x0000000040010800                PROVIDE (GPIOA, (APB2PERIPH_BASE + 0x800))
                0x0000000040010c00                PROVIDE (GPIOB, (APB2PERIPH_BASE + 0xc00))
                0x0000000040011000                PROVIDE (GPIOC, (APB2PERIPH_BASE + 0x1000))
                0x0000000040011400                PROVIDE (GPIOD, (APB2PERIPH_BASE + 0x1400))
                0x0000000040011800                PROVIDE (GPIOE, (APB2PERIPH_BASE + 0x1800))
                0x0000000040012400                PROVIDE (ADC1, (APB2PERIPH_BASE + 0x2400))
                0x0000000040012800                PROVIDE (ADC2, (APB2PERIPH_BASE + 0x2800))
                0x0000000040012c00                PROVIDE (TIM1, (APB2PERIPH_BASE + 0x2c00))
                0x0000000040013000                PROVIDE (SPI1, (APB2PERIPH_BASE + 0x3000))
                0x0000000040013800                PROVIDE (USART1, (APB2PERIPH_BASE + 0x3800))
                0x0000000040020000                PROVIDE (DMA, (AHBPERIPH_BASE + 0x0))
                0x0000000040020008                PROVIDE (DMA_Channel1, (AHBPERIPH_BASE + 0x8))
                0x000000004002001c                PROVIDE (DMA_Channel2, (AHBPERIPH_BASE + 0x1c))
                0x0000000040020030                PROVIDE (DMA_Channel3, (AHBPERIPH_BASE + 0x30))
                0x0000000040020044                PROVIDE (DMA_Channel4, (AHBPERIPH_BASE + 0x44))
                0x0000000040020058                PROVIDE (DMA_Channel5, (AHBPERIPH_BASE + 0x58))
                0x000000004002006c                PROVIDE (DMA_Channel6, (AHBPERIPH_BASE + 0x6c))
                0x0000000040020080                PROVIDE (DMA_Channel7, (AHBPERIPH_BASE + 0x80))
                0x0000000040021000                PROVIDE (RCC, (AHBPERIPH_BASE + 0x1000))
                0x00000000e000e000                SCS_BASE = 0xe000e000
                0x00000000e000e010                PROVIDE (SysTick, (SCS_BASE + 0x10))
                0x00000000e000e100                PROVIDE (NVIC, (SCS_BASE + 0x100))
                0x00000000e000ed00                PROVIDE (SCB, (SCS_BASE + 0xd00))
                0x0000000020005000                _estack = 0x20005000

.isr_vector     0x0000000008000000      0x10c
                0x0000000008000000                . = ALIGN (0x4)
 *(.isr_vector)
 .isr_vector    0x0000000008000000      0x10c objs/startup_stm32f10x_md.o
                0x0000000008000000                g_pfnVectors
                0x000000000800010c                . = ALIGN (0x4)

.text           0x000000000800010c     0x4134
 *(.text .text.* .gnu.linkonce.t.*)
 .text          0x000000000800010c       0xac /usr/lib/gcc/arm-none-eabi/4.8/armv7-m/crtbegin.o
 .text.NVIC_SetPriority
                0x00000000080001b8       0x54 objs/hw_config.o
 .text.SysTick_Config
                0x000000000800020c       0x44 objs/hw_config.o
 .text.NVIC_Configuration
                0x0000000008000250       0x1c objs/hw_config.o
                0x0000000008000250                NVIC_Configuration
 .text.RCC_Configuration
                0x000000000800026c       0x9c objs/hw_config.o
                0x000000000800026c                RCC_Configuration
 .text.SPI1_send
                0x0000000008000308      0x180 objs/spi.o
                0x0000000008000308                SPI1_send
 .text.SPI1_BusInit
                0x0000000008000488      0x160 objs/spi.o
                0x0000000008000488                SPI1_BusInit
 .text.spi_handleDMA1Ch2Interrupt
                0x00000000080005e8      0x1f8 objs/spi.o
                0x00000000080005e8                spi_handleDMA1Ch2Interrupt
 .text.NMI_Handler
                0x00000000080007e0        0xc objs/stm32f10x_it.o
                0x00000000080007e0                NMI_Handler
 .text.HardFault_Handler
                0x00000000080007ec        0x8 objs/stm32f10x_it.o
                0x00000000080007ec                HardFault_Handler
 .text.MemManage_Handler
                0x00000000080007f4        0x8 objs/stm32f10x_it.o
                0x00000000080007f4                MemManage_Handler
 .text.BusFault_Handler
                0x00000000080007fc        0x8 objs/stm32f10x_it.o
                0x00000000080007fc                BusFault_Handler
 .text.UsageFault_Handler
                0x0000000008000804        0x8 objs/stm32f10x_it.o
                0x0000000008000804                UsageFault_Handler
 .text.SVC_Handler
                0x000000000800080c        0xc objs/stm32f10x_it.o
                0x000000000800080c                SVC_Handler
 .text.DebugMon_Handler
                0x0000000008000818        0xc objs/stm32f10x_it.o
                0x0000000008000818                DebugMon_Handler
 .text.PendSV_Handler
                0x0000000008000824        0xc objs/stm32f10x_it.o
                0x0000000008000824                PendSV_Handler
 .text.SysTick_Handler
                0x0000000008000830        0xc objs/stm32f10x_it.o
                0x0000000008000830                SysTick_Handler
 .text.DMA1_Channel2_IRQHandler
                0x000000000800083c       0x38 objs/stm32f10x_it.o
                0x000000000800083c                DMA1_Channel2_IRQHandler
 .text.DMA1_Channel1_IRQHandler
                0x0000000008000874        0xc objs/stm32f10x_it.o
                0x0000000008000874                DMA1_Channel1_IRQHandler
 .text.I2C1_EV_IRQHandler
                0x0000000008000880        0xc objs/stm32f10x_it.o
                0x0000000008000880                I2C1_EV_IRQHandler
 .text.I2C1_ER_IRQHandler
                0x000000000800088c        0xc objs/stm32f10x_it.o
                0x000000000800088c                I2C1_ER_IRQHandler
 .text.I2C2_EV_IRQHandler
                0x0000000008000898        0xc objs/stm32f10x_it.o
                0x0000000008000898                I2C2_EV_IRQHandler
 .text.I2C2_ER_IRQHandler
                0x00000000080008a4        0xc objs/stm32f10x_it.o
                0x00000000080008a4                I2C2_ER_IRQHandler
 .text.USART2_IRQHandler
                0x00000000080008b0        0xc objs/stm32f10x_it.o
                0x00000000080008b0                USART2_IRQHandler
 .text.TIM4_IRQHandler
                0x00000000080008bc        0xc objs/stm32f10x_it.o
                0x00000000080008bc                TIM4_IRQHandler
 .text.messagequeue_init
                0x00000000080008c8       0x34 objs/messagequeue.o
                0x00000000080008c8                messagequeue_init
 .text.message_create
                0x00000000080008fc       0x80 objs/messagequeue.o
                0x00000000080008fc                message_create
 .text.messagequeue_i2crx_handler
                0x000000000800097c       0x68 objs/messagequeue.o
                0x000000000800097c                messagequeue_i2crx_handler
 .text.messagequeue_update_i2c_buffers
                0x00000000080009e4       0x84 objs/messagequeue.o
                0x00000000080009e4                messagequeue_update_i2c_buffers
 .text.channel_send_led_data
                0x0000000008000a68       0x6c objs/channelled.o
                0x0000000008000a68                channel_send_led_data
 .text.channel_led_init
                0x0000000008000ad4       0x60 objs/channelled.o
                0x0000000008000ad4                channel_led_init
 .text.main     0x0000000008000b34      0x610 objs/main.o
                0x0000000008000b34                main
 .text.InitializeTimer
                0x0000000008001144       0x64 objs/main.o
                0x0000000008001144                InitializeTimer
 .text.TIM3_IRQHandler
                0x00000000080011a8       0x84 objs/main.o
                0x00000000080011a8                TIM3_IRQHandler
 .text.SystemInit
                0x000000000800122c       0x68 objs/system_stm32f10x.o
                0x000000000800122c                SystemInit
 .text.SetSysClock
                0x0000000008001294        0xc objs/system_stm32f10x.o
 .text.SetSysClockTo72
                0x00000000080012a0      0x100 objs/system_stm32f10x.o
 .text.poti_send_led_data
                0x00000000080013a0      0x574 objs/poti.o
                0x00000000080013a0                poti_send_led_data
 .text.poti_value_init
                0x0000000008001914       0x4c objs/poti.o
                0x0000000008001914                poti_value_init
 .text.poti_led_init
                0x0000000008001960       0xe4 objs/poti.o
                0x0000000008001960                poti_led_init
 .text.poti_encoder_init
                0x0000000008001a44      0x264 objs/poti.o
                0x0000000008001a44                poti_encoder_init
 .text.read_encoder_ports
                0x0000000008001ca8      0x3f0 objs/poti.o
                0x0000000008001ca8                read_encoder_ports
 .text.Input_IRQHandler
                0x0000000008002098       0x34 objs/poti.o
                0x0000000008002098                Input_IRQHandler
 .text.siebensegment_send_data
                0x00000000080020cc       0xf4 objs/siebensegment.o
                0x00000000080020cc                siebensegment_send_data
 .text.siebensegment_init
                0x00000000080021c0       0x38 objs/siebensegment.o
                0x00000000080021c0                siebensegment_init
 .text.siebensegment_config
                0x00000000080021f8      0x198 objs/siebensegment.o
                0x00000000080021f8                siebensegment_config
 .text.asciitocharacter
                0x0000000008002390      0x240 objs/siebensegment.o
                0x0000000008002390                asciitocharacter
 .text.update_buttons
                0x00000000080025d0      0x2c0 objs/buttons.o
                0x00000000080025d0                update_buttons
 .text.pushbuttoninit
                0x0000000008002890      0x188 objs/buttons.o
                0x0000000008002890                pushbuttoninit
 .text.NVIC_EnableIRQ
                0x0000000008002a18       0x30 objs/i2c.o
 .text.NVIC_SetPriority
                0x0000000008002a48       0x54 objs/i2c.o
 .text.I2C_InterruptInit
                0x0000000008002a9c       0x3c objs/i2c.o
                0x0000000008002a9c                I2C_InterruptInit
 .text.I2C_NVIC_Configuration
                0x0000000008002ad8       0x50 objs/i2c.o
                0x0000000008002ad8                I2C_NVIC_Configuration
 .text.I2C_Slave_BufferReadWrite
                0x0000000008002b28       0x44 objs/i2c.o
                0x0000000008002b28                I2C_Slave_BufferReadWrite
 .text.I2C_LowLevel_Init
                0x0000000008002b6c      0x18c objs/i2c.o
                0x0000000008002b6c                I2C_LowLevel_Init
 .text.I2C1_Event_IRQHandler
                0x0000000008002cf8      0x298 objs/i2c.o
                0x0000000008002cf8                I2C1_Event_IRQHandler
 .text.I2C2_Event_IRQHandler
                0x0000000008002f90      0x278 objs/i2c.o
                0x0000000008002f90                I2C2_Event_IRQHandler
 .text.I2C2_Error_IRQHandler
                0x0000000008003208      0x154 objs/i2c.o
                0x0000000008003208                I2C2_Error_IRQHandler
 .text.I2C1_Error_IRQHandler
                0x000000000800335c      0x154 objs/i2c.o
                0x000000000800335c                I2C1_Error_IRQHandler
 .text.__REV16  0x00000000080034b0       0x24 objs/core_cm3.o
                0x00000000080034b0                __REV16
 .text.Reset_Handler
                0x00000000080034d4       0x48 objs/startup_stm32f10x_md.o
                0x00000000080034d4                Reset_Handler
 .text.Default_Handler
                0x000000000800351c        0x2 objs/startup_stm32f10x_md.o
                0x000000000800351c                EXTI2_IRQHandler
                0x000000000800351c                TIM1_CC_IRQHandler
                0x000000000800351c                PVD_IRQHandler
                0x000000000800351c                EXTI3_IRQHandler
                0x000000000800351c                EXTI0_IRQHandler
                0x000000000800351c                ADC1_2_IRQHandler
                0x000000000800351c                SPI1_IRQHandler
                0x000000000800351c                TAMPER_IRQHandler
                0x000000000800351c                DMA1_Channel4_IRQHandler
                0x000000000800351c                USART3_IRQHandler
                0x000000000800351c                RTC_IRQHandler
                0x000000000800351c                DMA1_Channel7_IRQHandler
                0x000000000800351c                CAN1_RX1_IRQHandler
                0x000000000800351c                DMA1_Channel6_IRQHandler
                0x000000000800351c                RCC_IRQHandler
                0x000000000800351c                TIM1_TRG_COM_IRQHandler
                0x000000000800351c                Default_Handler
                0x000000000800351c                EXTI15_10_IRQHandler
                0x000000000800351c                EXTI9_5_IRQHandler
                0x000000000800351c                SPI2_IRQHandler
                0x000000000800351c                DMA1_Channel5_IRQHandler
                0x000000000800351c                EXTI4_IRQHandler
                0x000000000800351c                USB_LP_CAN1_RX0_IRQHandler
                0x000000000800351c                USB_HP_CAN1_TX_IRQHandler
                0x000000000800351c                DMA1_Channel3_IRQHandler
                0x000000000800351c                TIM1_UP_IRQHandler
                0x000000000800351c                WWDG_IRQHandler
                0x000000000800351c                TIM2_IRQHandler
                0x000000000800351c                TIM1_BRK_IRQHandler
                0x000000000800351c                EXTI1_IRQHandler
                0x000000000800351c                RTCAlarm_IRQHandler
                0x000000000800351c                CAN1_SCE_IRQHandler
                0x000000000800351c                FLASH_IRQHandler
                0x000000000800351c                USART1_IRQHandler
                0x000000000800351c                USBWakeUp_IRQHandler
 *fill*         0x000000000800351e        0x2 
 .text.NVIC_Init
                0x0000000008003520       0x68 ../../STM32F10x_StdPeriph_Driver/Release/libstm32f103.a(misc.o)
                0x0000000008003520                NVIC_Init
 .text.NVIC_SetVectorTable
                0x0000000008003588       0x14 ../../STM32F10x_StdPeriph_Driver/Release/libstm32f103.a(misc.o)
                0x0000000008003588                NVIC_SetVectorTable
 .text.ADC_Init
                0x000000000800359c       0x48 ../../STM32F10x_StdPeriph_Driver/Release/libstm32f103.a(stm32f10x_adc.o)
                0x000000000800359c                ADC_Init
 .text.ADC_Cmd  0x00000000080035e4       0x12 ../../STM32F10x_StdPeriph_Driver/Release/libstm32f103.a(stm32f10x_adc.o)
                0x00000000080035e4                ADC_Cmd
 .text.ADC_DMACmd
                0x00000000080035f6       0x12 ../../STM32F10x_StdPeriph_Driver/Release/libstm32f103.a(stm32f10x_adc.o)
                0x00000000080035f6                ADC_DMACmd
 .text.ADC_ResetCalibration
                0x0000000008003608        0xa ../../STM32F10x_StdPeriph_Driver/Release/libstm32f103.a(stm32f10x_adc.o)
                0x0000000008003608                ADC_ResetCalibration
 .text.ADC_GetResetCalibrationStatus
                0x0000000008003612        0x8 ../../STM32F10x_StdPeriph_Driver/Release/libstm32f103.a(stm32f10x_adc.o)
                0x0000000008003612                ADC_GetResetCalibrationStatus
 .text.ADC_StartCalibration
                0x000000000800361a        0xa ../../STM32F10x_StdPeriph_Driver/Release/libstm32f103.a(stm32f10x_adc.o)
                0x000000000800361a                ADC_StartCalibration
 .text.ADC_GetCalibrationStatus
                0x0000000008003624        0x8 ../../STM32F10x_StdPeriph_Driver/Release/libstm32f103.a(stm32f10x_adc.o)
                0x0000000008003624                ADC_GetCalibrationStatus
 .text.ADC_SoftwareStartConvCmd
                0x000000000800362c       0x12 ../../STM32F10x_StdPeriph_Driver/Release/libstm32f103.a(stm32f10x_adc.o)
                0x000000000800362c                ADC_SoftwareStartConvCmd
 .text.ADC_RegularChannelConfig
                0x000000000800363e       0x90 ../../STM32F10x_StdPeriph_Driver/Release/libstm32f103.a(stm32f10x_adc.o)
                0x000000000800363e                ADC_RegularChannelConfig
 .text.DMA_Init
                0x00000000080036ce       0x3e ../../STM32F10x_StdPeriph_Driver/Release/libstm32f103.a(stm32f10x_dma.o)
                0x00000000080036ce                DMA_Init
 .text.DMA_Cmd  0x000000000800370c       0x16 ../../STM32F10x_StdPeriph_Driver/Release/libstm32f103.a(stm32f10x_dma.o)
                0x000000000800370c                DMA_Cmd
 .text.DMA_ITConfig
                0x0000000008003722       0x10 ../../STM32F10x_StdPeriph_Driver/Release/libstm32f103.a(stm32f10x_dma.o)
                0x0000000008003722                DMA_ITConfig
 .text.DMA_SetCurrDataCounter
                0x0000000008003732        0x4 ../../STM32F10x_StdPeriph_Driver/Release/libstm32f103.a(stm32f10x_dma.o)
                0x0000000008003732                DMA_SetCurrDataCounter
 *fill*         0x0000000008003736        0x2 
 .text.DMA_GetFlagStatus
                0x0000000008003738       0x1c ../../STM32F10x_StdPeriph_Driver/Release/libstm32f103.a(stm32f10x_dma.o)
                0x0000000008003738                DMA_GetFlagStatus
 .text.DMA_ClearFlag
                0x0000000008003754       0x14 ../../STM32F10x_StdPeriph_Driver/Release/libstm32f103.a(stm32f10x_dma.o)
                0x0000000008003754                DMA_ClearFlag
 .text.DMA_GetITStatus
                0x0000000008003768       0x1c ../../STM32F10x_StdPeriph_Driver/Release/libstm32f103.a(stm32f10x_dma.o)
                0x0000000008003768                DMA_GetITStatus
 .text.DMA_ClearITPendingBit
                0x0000000008003784       0x14 ../../STM32F10x_StdPeriph_Driver/Release/libstm32f103.a(stm32f10x_dma.o)
                0x0000000008003784                DMA_ClearITPendingBit
 .text.FLASH_SetLatency
                0x0000000008003798       0x14 ../../STM32F10x_StdPeriph_Driver/Release/libstm32f103.a(stm32f10x_flash.o)
                0x0000000008003798                FLASH_SetLatency
 .text.FLASH_PrefetchBufferCmd
                0x00000000080037ac       0x18 ../../STM32F10x_StdPeriph_Driver/Release/libstm32f103.a(stm32f10x_flash.o)
                0x00000000080037ac                FLASH_PrefetchBufferCmd
 .text.GPIO_Init
                0x00000000080037c4       0xa0 ../../STM32F10x_StdPeriph_Driver/Release/libstm32f103.a(stm32f10x_gpio.o)
                0x00000000080037c4                GPIO_Init
 .text.GPIO_ReadInputDataBit
                0x0000000008003864        0xc ../../STM32F10x_StdPeriph_Driver/Release/libstm32f103.a(stm32f10x_gpio.o)
                0x0000000008003864                GPIO_ReadInputDataBit
 .text.GPIO_ReadOutputDataBit
                0x0000000008003870        0xc ../../STM32F10x_StdPeriph_Driver/Release/libstm32f103.a(stm32f10x_gpio.o)
                0x0000000008003870                GPIO_ReadOutputDataBit
 .text.GPIO_WriteBit
                0x000000000800387c        0xa ../../STM32F10x_StdPeriph_Driver/Release/libstm32f103.a(stm32f10x_gpio.o)
                0x000000000800387c                GPIO_WriteBit
 *fill*         0x0000000008003886        0x2 
 .text.I2C_DeInit
                0x0000000008003888       0x34 ../../STM32F10x_StdPeriph_Driver/Release/libstm32f103.a(stm32f10x_i2c.o)
                0x0000000008003888                I2C_DeInit
 .text.I2C_Init
                0x00000000080038bc       0xd4 ../../STM32F10x_StdPeriph_Driver/Release/libstm32f103.a(stm32f10x_i2c.o)
                0x00000000080038bc                I2C_Init
 .text.I2C_Cmd  0x0000000008003990       0x18 ../../STM32F10x_StdPeriph_Driver/Release/libstm32f103.a(stm32f10x_i2c.o)
                0x0000000008003990                I2C_Cmd
 .text.I2C_ITConfig
                0x00000000080039a8       0x12 ../../STM32F10x_StdPeriph_Driver/Release/libstm32f103.a(stm32f10x_i2c.o)
                0x00000000080039a8                I2C_ITConfig
 *fill*         0x00000000080039ba        0x2 
 .text.RCC_DeInit
                0x00000000080039bc       0x40 ../../STM32F10x_StdPeriph_Driver/Release/libstm32f103.a(stm32f10x_rcc.o)
                0x00000000080039bc                RCC_DeInit
 .text.RCC_HSEConfig
                0x00000000080039fc       0x38 ../../STM32F10x_StdPeriph_Driver/Release/libstm32f103.a(stm32f10x_rcc.o)
                0x00000000080039fc                RCC_HSEConfig
 .text.RCC_PLLConfig
                0x0000000008003a34       0x14 ../../STM32F10x_StdPeriph_Driver/Release/libstm32f103.a(stm32f10x_rcc.o)
                0x0000000008003a34                RCC_PLLConfig
 .text.RCC_PLLCmd
                0x0000000008003a48        0xc ../../STM32F10x_StdPeriph_Driver/Release/libstm32f103.a(stm32f10x_rcc.o)
                0x0000000008003a48                RCC_PLLCmd
 .text.RCC_SYSCLKConfig
                0x0000000008003a54       0x14 ../../STM32F10x_StdPeriph_Driver/Release/libstm32f103.a(stm32f10x_rcc.o)
                0x0000000008003a54                RCC_SYSCLKConfig
 .text.RCC_GetSYSCLKSource
                0x0000000008003a68       0x10 ../../STM32F10x_StdPeriph_Driver/Release/libstm32f103.a(stm32f10x_rcc.o)
                0x0000000008003a68                RCC_GetSYSCLKSource
 .text.RCC_HCLKConfig
                0x0000000008003a78       0x14 ../../STM32F10x_StdPeriph_Driver/Release/libstm32f103.a(stm32f10x_rcc.o)
                0x0000000008003a78                RCC_HCLKConfig
 .text.RCC_PCLK1Config
                0x0000000008003a8c       0x14 ../../STM32F10x_StdPeriph_Driver/Release/libstm32f103.a(stm32f10x_rcc.o)
                0x0000000008003a8c                RCC_PCLK1Config
 .text.RCC_PCLK2Config
                0x0000000008003aa0       0x14 ../../STM32F10x_StdPeriph_Driver/Release/libstm32f103.a(stm32f10x_rcc.o)
                0x0000000008003aa0                RCC_PCLK2Config
 .text.RCC_ADCCLKConfig
                0x0000000008003ab4       0x14 ../../STM32F10x_StdPeriph_Driver/Release/libstm32f103.a(stm32f10x_rcc.o)
                0x0000000008003ab4                RCC_ADCCLKConfig
 .text.RCC_GetClocksFreq
                0x0000000008003ac8       0x8c ../../STM32F10x_StdPeriph_Driver/Release/libstm32f103.a(stm32f10x_rcc.o)
                0x0000000008003ac8                RCC_GetClocksFreq
 .text.RCC_AHBPeriphClockCmd
                0x0000000008003b54       0x18 ../../STM32F10x_StdPeriph_Driver/Release/libstm32f103.a(stm32f10x_rcc.o)
                0x0000000008003b54                RCC_AHBPeriphClockCmd
 .text.RCC_APB2PeriphClockCmd
                0x0000000008003b6c       0x18 ../../STM32F10x_StdPeriph_Driver/Release/libstm32f103.a(stm32f10x_rcc.o)
                0x0000000008003b6c                RCC_APB2PeriphClockCmd
 .text.RCC_APB1PeriphClockCmd
                0x0000000008003b84       0x18 ../../STM32F10x_StdPeriph_Driver/Release/libstm32f103.a(stm32f10x_rcc.o)
                0x0000000008003b84                RCC_APB1PeriphClockCmd
 .text.RCC_APB1PeriphResetCmd
                0x0000000008003b9c       0x18 ../../STM32F10x_StdPeriph_Driver/Release/libstm32f103.a(stm32f10x_rcc.o)
                0x0000000008003b9c                RCC_APB1PeriphResetCmd
 .text.RCC_GetFlagStatus
                0x0000000008003bb4       0x28 ../../STM32F10x_StdPeriph_Driver/Release/libstm32f103.a(stm32f10x_rcc.o)
                0x0000000008003bb4                RCC_GetFlagStatus
 .text.RCC_WaitForHSEStartUp
                0x0000000008003bdc       0x30 ../../STM32F10x_StdPeriph_Driver/Release/libstm32f103.a(stm32f10x_rcc.o)
                0x0000000008003bdc                RCC_WaitForHSEStartUp
 .text.SPI_Init
                0x0000000008003c0c       0x3e ../../STM32F10x_StdPeriph_Driver/Release/libstm32f103.a(stm32f10x_spi.o)
                0x0000000008003c0c                SPI_Init
 .text.SPI_Cmd  0x0000000008003c4a       0x18 ../../STM32F10x_StdPeriph_Driver/Release/libstm32f103.a(stm32f10x_spi.o)
                0x0000000008003c4a                SPI_Cmd
 .text.SPI_I2S_DMACmd
                0x0000000008003c62       0x12 ../../STM32F10x_StdPeriph_Driver/Release/libstm32f103.a(stm32f10x_spi.o)
                0x0000000008003c62                SPI_I2S_DMACmd
 .text.SPI_I2S_GetFlagStatus
                0x0000000008003c74        0xc ../../STM32F10x_StdPeriph_Driver/Release/libstm32f103.a(stm32f10x_spi.o)
                0x0000000008003c74                SPI_I2S_GetFlagStatus
 .text.TIM_TimeBaseInit
                0x0000000008003c80       0x94 ../../STM32F10x_StdPeriph_Driver/Release/libstm32f103.a(stm32f10x_tim.o)
                0x0000000008003c80                TIM_TimeBaseInit
 .text.TIM_Cmd  0x0000000008003d14       0x18 ../../STM32F10x_StdPeriph_Driver/Release/libstm32f103.a(stm32f10x_tim.o)
                0x0000000008003d14                TIM_Cmd
 .text.TIM_ITConfig
                0x0000000008003d2c       0x12 ../../STM32F10x_StdPeriph_Driver/Release/libstm32f103.a(stm32f10x_tim.o)
                0x0000000008003d2c                TIM_ITConfig
 .text.TIM_GetITStatus
                0x0000000008003d3e       0x16 ../../STM32F10x_StdPeriph_Driver/Release/libstm32f103.a(stm32f10x_tim.o)
                0x0000000008003d3e                TIM_GetITStatus
 .text.TIM_ClearITPendingBit
                0x0000000008003d54        0x8 ../../STM32F10x_StdPeriph_Driver/Release/libstm32f103.a(stm32f10x_tim.o)
                0x0000000008003d54                TIM_ClearITPendingBit
 .text.atexit   0x0000000008003d5c        0xc /usr/lib/gcc/arm-none-eabi/4.8/../../../arm-none-eabi/lib/armv7-m/libg.a(lib_a-atexit.o)
                0x0000000008003d5c                atexit
 .text.__libc_fini_array
                0x0000000008003d68       0x34 /usr/lib/gcc/arm-none-eabi/4.8/../../../arm-none-eabi/lib/armv7-m/libg.a(lib_a-fini.o)
                0x0000000008003d68                __libc_fini_array
 .text.__libc_init_array
                0x0000000008003d9c       0x5c /usr/lib/gcc/arm-none-eabi/4.8/../../../arm-none-eabi/lib/armv7-m/libg.a(lib_a-init.o)
                0x0000000008003d9c                __libc_init_array
 .text.__register_exitproc
                0x0000000008003df8       0xac /usr/lib/gcc/arm-none-eabi/4.8/../../../arm-none-eabi/lib/armv7-m/libg.a(lib_a-__atexit.o)
                0x0000000008003df8                __register_exitproc
 .text.startup.register_fini
                0x0000000008003ea4       0x18 /usr/lib/gcc/arm-none-eabi/4.8/../../../arm-none-eabi/lib/armv7-m/libg.a(lib_a-__call_atexit.o)
 *(.rodata .rodata.* .gnu.linkonce.r.*)
 .rodata.channel_led_lookup
                0x0000000008003ebc       0x1c objs/channelled.o
                0x0000000008003ebc                channel_led_lookup
 .rodata.rotarytable
                0x0000000008003ed8       0x10 objs/poti.o
                0x0000000008003ed8                rotarytable
 .rodata.ledpower
                0x0000000008003ee8      0x300 objs/poti.o
                0x0000000008003ee8                ledpower
 .rodata.characters
                0x00000000080041e8       0x28 objs/siebensegment.o
                0x00000000080041e8                characters
 .rodata.str1.4
                0x0000000008004210        0x4 /usr/lib/gcc/arm-none-eabi/4.8/../../../arm-none-eabi/lib/armv7-m/libg.a(lib_a-impure.o)
 .rodata._global_impure_ptr
                0x0000000008004214        0x4 /usr/lib/gcc/arm-none-eabi/4.8/../../../arm-none-eabi/lib/armv7-m/libg.a(lib_a-impure.o)
                0x0000000008004214                _global_impure_ptr
 *(.eh_frame_hdr)
 *(.eh_frame)
 .eh_frame      0x0000000008004218        0x0 /usr/lib/gcc/arm-none-eabi/4.8/armv7-m/crtbegin.o
 *(.gcc_except_table)
 *(.eh_frame_hdr)
 *(.eh_frame)
                0x0000000008004218                . = ALIGN (0x4)
 *(.init)
 .init          0x0000000008004218        0x4 /usr/lib/gcc/arm-none-eabi/4.8/armv7-m/crti.o
                0x0000000008004218                _init
 .init          0x000000000800421c        0x8 /usr/lib/gcc/arm-none-eabi/4.8/armv7-m/crtn.o
                0x0000000008004224                . = ALIGN (0x4)
                0x0000000008004224                __preinit_array_start = .
 *(.preinit_array)
                0x0000000008004224                __preinit_array_end = .
                0x0000000008004224                . = ALIGN (0x4)
                0x0000000008004224                __init_array_start = .
 *(SORT(.init_array.*))
 .init_array.00000
                0x0000000008004224        0x4 /usr/lib/gcc/arm-none-eabi/4.8/../../../arm-none-eabi/lib/armv7-m/libg.a(lib_a-__call_atexit.o)
 *(.init_array)
 .init_array    0x0000000008004228        0x4 /usr/lib/gcc/arm-none-eabi/4.8/armv7-m/crtbegin.o
                0x000000000800422c                __init_array_end = .
                0x000000000800422c                . = ALIGN (0x4)
 *crtbegin.o(.ctors)
 *(EXCLUDE_FILE(*crtend.o) .ctors)
 *(SORT(.ctors.*))
 *crtend.o(.ctors)
                0x000000000800422c                . = ALIGN (0x4)
 *(.fini)
 .fini          0x000000000800422c        0x4 /usr/lib/gcc/arm-none-eabi/4.8/armv7-m/crti.o
                0x000000000800422c                _fini
 .fini          0x0000000008004230        0x8 /usr/lib/gcc/arm-none-eabi/4.8/armv7-m/crtn.o
                0x0000000008004238                . = ALIGN (0x4)
                0x0000000008004238                __fini_array_start = .
 *(.fini_array)
 .fini_array    0x0000000008004238        0x4 /usr/lib/gcc/arm-none-eabi/4.8/armv7-m/crtbegin.o
 *(SORT(.fini_array.*))
                0x000000000800423c                __fini_array_end = .
 *crtbegin.o(.dtors)
 *(EXCLUDE_FILE(*crtend.o) .dtors)
 *(SORT(.dtors.*))
 *crtend.o(.dtors)
                0x0000000008004240                . = ALIGN (0x8)
 *fill*         0x000000000800423c        0x4 
                0x0000000008004240                _etext = .
                0x0000000008004240                _sidata = _etext
                0x0000000008004240                __exidx_start = .

.glue_7         0x0000000008004240        0x0
 .glue_7        0x0000000008004240        0x0 linker stubs

.glue_7t        0x0000000008004240        0x0
 .glue_7t       0x0000000008004240        0x0 linker stubs

.vfp11_veneer   0x0000000008004240        0x0
 .vfp11_veneer  0x0000000008004240        0x0 linker stubs

.v4_bx          0x0000000008004240        0x0
 .v4_bx         0x0000000008004240        0x0 linker stubs

.iplt           0x0000000008004240        0x0
 .iplt          0x0000000008004240        0x0 /usr/lib/gcc/arm-none-eabi/4.8/armv7-m/crtbegin.o

.rel.dyn        0x0000000008004240        0x0
 .rel.iplt      0x0000000008004240        0x0 /usr/lib/gcc/arm-none-eabi/4.8/armv7-m/crtbegin.o

.ARM.exidx
 *(.ARM.exidx* .gnu.linkonce.armexidx.*)
                0x0000000008004240                __exidx_end = .

.data           0x0000000020000000      0x440 load address 0x0000000008004240
                0x0000000008004240                _flash_data = LOADADDR (.data)
                0x0000000020000000                _data = .
                0x0000000020000000                _sdata = .
 *(vtable)
 *(.data .data.* .gnu.linkonce.d.*)
 .data.I2C2_BUSY
                0x0000000020000000        0x1 objs/i2c.o
                0x0000000020000000                I2C2_BUSY
 .data.ADCPrescTable
                0x0000000020000001        0x4 ../../STM32F10x_StdPeriph_Driver/Release/libstm32f103.a(stm32f10x_rcc.o)
 .data.APBAHBPrescTable
                0x0000000020000005       0x10 ../../STM32F10x_StdPeriph_Driver/Release/libstm32f103.a(stm32f10x_rcc.o)
 *fill*         0x0000000020000015        0x3 
 .data.impure_data
                0x0000000020000018      0x428 /usr/lib/gcc/arm-none-eabi/4.8/../../../arm-none-eabi/lib/armv7-m/libg.a(lib_a-impure.o)
                0x0000000020000440                _edata = .

.jcr            0x0000000020000440        0x0 load address 0x0000000008004680
 .jcr           0x0000000020000440        0x0 /usr/lib/gcc/arm-none-eabi/4.8/armv7-m/crtbegin.o

.tm_clone_table
                0x0000000020000440        0x0 load address 0x0000000008004680
 .tm_clone_table
                0x0000000020000440        0x0 /usr/lib/gcc/arm-none-eabi/4.8/armv7-m/crtbegin.o
 .tm_clone_table
                0x0000000020000440        0x0 /usr/lib/gcc/arm-none-eabi/4.8/armv7-m/crtend.o

.igot.plt       0x0000000020000440        0x0 load address 0x0000000008004680
 .igot.plt      0x0000000020000440        0x0 /usr/lib/gcc/arm-none-eabi/4.8/armv7-m/crtbegin.o

.bss            0x0000000020000440      0x1e4 load address 0x0000000008004680
                0x0000000020000440                _bss = .
                0x0000000020000440                _sbss = .
 *(.bss .bss.* .gnu.linkonce.b.*)
 .bss           0x0000000020000440       0x1c /usr/lib/gcc/arm-none-eabi/4.8/armv7-m/crtbegin.o
 .bss.txdata.6884
                0x000000002000045c        0x2 objs/channelled.o
 .bss.rxdata.6885
                0x000000002000045e        0x2 objs/channelled.o
 .bss.regdata.6902
                0x0000000020000460        0x4 objs/siebensegment.o
 .bss.buttonbounce.6928
                0x0000000020000464       0x14 objs/buttons.o
 .bss.buttontrigger.6929
                0x0000000020000478        0x2 objs/buttons.o
 .bss.Tx_Idx1   0x000000002000047a        0x1 objs/i2c.o
                0x000000002000047a                Tx_Idx1
 .bss.Rx_Idx1   0x000000002000047b        0x1 objs/i2c.o
                0x000000002000047b                Rx_Idx1
 .bss.Tx_Idx2   0x000000002000047c        0x1 objs/i2c.o
                0x000000002000047c                Tx_Idx2
 .bss.Rx_Idx2   0x000000002000047d        0x1 objs/i2c.o
                0x000000002000047d                Rx_Idx2
 *(COMMON)
 COMMON         0x000000002000047e        0x3 objs/spi.o
                0x000000002000047e                GL_spi_send_call
                0x000000002000047f                GL_spi_irq_call
                0x0000000020000480                SPI1_BLOCK
 *fill*         0x0000000020000481        0x3 
 COMMON         0x0000000020000484       0x44 objs/messagequeue.o
                0x0000000020000484                GL_messagequeue
                0x00000000200004c4                GL_firstmessage
                0x00000000200004c5                GL_currentmessage
                0x00000000200004c6                GL_messagequeue_elements
                0x00000000200004c7                GL_i2c_messagequeue_busy
 COMMON         0x00000000200004c8       0x12 objs/main.o
                0x00000000200004c8                systemevent
                0x00000000200004cc                GL_led_displayreg
 *fill*         0x00000000200004da        0x2 
 COMMON         0x00000000200004dc       0x8f objs/poti.o
                0x00000000200004dc                prevrotaryportstateB
                0x00000000200004e0                ledvalue
                0x0000000020000508                potdelta
                0x000000002000050f                rotaryportstateB
                0x0000000020000510                poti_data
                0x0000000020000538                rx_data
                0x0000000020000560                prevrotaryportstateA
                0x0000000020000561                rotaryportstateA
                0x0000000020000564                potstate
 *fill*         0x000000002000056b        0x1 
 COMMON         0x000000002000056c        0xb objs/buttons.o
                0x000000002000056c                buttonstat
                0x0000000020000570                ADCBuffer
                0x0000000020000576                buttonnum
 *fill*         0x0000000020000577        0x1 
 COMMON         0x0000000020000578       0xac objs/i2c.o
                0x0000000020000578                Buffer_Rx2
                0x000000002000058c                Buffer_Tx1
                0x00000000200005a0                I2C_InitStructure1
                0x00000000200005b0                Buffer_Tx2
                0x00000000200005c4                I2CDMA_InitStructure
                0x00000000200005f0                Buffer_Rx1
                0x0000000020000604                i2c_rx_event
                0x0000000020000605                Address
                0x0000000020000608                I2C_InitStructure2
                0x0000000020000618                NumbOfBytes2
                0x000000002000061c                NumbOfBytes1
                0x0000000020000620                I2CDirection
                0x0000000020000624                . = ALIGN (0x4)
                0x0000000020000624                _ebss = .
                0x0000000020000624                PROVIDE (__HEAP_START, _end)
                0x0000000020000624                PROVIDE (end, _ebss)
                0x0000000020000624                PROVIDE (_end, _ebss)

._usrstack      0x0000000020000624      0x800 load address 0x0000000008004680
                0x0000000020000624                . = ALIGN (0x4)
                0x0000000020000624                _susrstack = .
                0x0000000020000e24                . = (. + _Minimum_Stack_Size)
 *fill*         0x0000000020000624      0x800 
                0x0000000020000e24                . = ALIGN (0x4)
                0x0000000020000e24                _eusrstack = .
OUTPUT(diyaxis_img.elf elf32-littlearm)

.ARM.attributes
                0x0000000000000000       0x29
 .ARM.attributes
                0x0000000000000000       0x1d /usr/lib/gcc/arm-none-eabi/4.8/armv7-m/crti.o
 .ARM.attributes
                0x000000000000001d       0x2d /usr/lib/gcc/arm-none-eabi/4.8/armv7-m/crtbegin.o
 .ARM.attributes
                0x000000000000004a       0x33 objs/hw_config.o
 .ARM.attributes
                0x000000000000007d       0x33 objs/spi.o
 .ARM.attributes
                0x00000000000000b0       0x33 objs/stm32f10x_it.o
 .ARM.attributes
                0x00000000000000e3       0x33 objs/messagequeue.o
 .ARM.attributes
                0x0000000000000116       0x33 objs/channelled.o
 .ARM.attributes
                0x0000000000000149       0x33 objs/main.o
 .ARM.attributes
                0x000000000000017c       0x33 objs/system_stm32f10x.o
 .ARM.attributes
                0x00000000000001af       0x33 objs/poti.o
 .ARM.attributes
                0x00000000000001e2       0x33 objs/siebensegment.o
 .ARM.attributes
                0x0000000000000215       0x33 objs/buttons.o
 .ARM.attributes
                0x0000000000000248       0x33 objs/i2c.o
 .ARM.attributes
                0x000000000000027b       0x33 objs/core_cm3.o
 .ARM.attributes
                0x00000000000002ae       0x21 objs/startup_stm32f10x_md.o
 .ARM.attributes
                0x00000000000002cf       0x33 ../../STM32F10x_StdPeriph_Driver/Release/libstm32f103.a(misc.o)
 .ARM.attributes
                0x0000000000000302       0x33 ../../STM32F10x_StdPeriph_Driver/Release/libstm32f103.a(stm32f10x_adc.o)
 .ARM.attributes
                0x0000000000000335       0x33 ../../STM32F10x_StdPeriph_Driver/Release/libstm32f103.a(stm32f10x_dma.o)
 .ARM.attributes
                0x0000000000000368       0x33 ../../STM32F10x_StdPeriph_Driver/Release/libstm32f103.a(stm32f10x_flash.o)
 .ARM.attributes
                0x000000000000039b       0x33 ../../STM32F10x_StdPeriph_Driver/Release/libstm32f103.a(stm32f10x_gpio.o)
 .ARM.attributes
                0x00000000000003ce       0x33 ../../STM32F10x_StdPeriph_Driver/Release/libstm32f103.a(stm32f10x_i2c.o)
 .ARM.attributes
                0x0000000000000401       0x33 ../../STM32F10x_StdPeriph_Driver/Release/libstm32f103.a(stm32f10x_rcc.o)
 .ARM.attributes
                0x0000000000000434       0x33 ../../STM32F10x_StdPeriph_Driver/Release/libstm32f103.a(stm32f10x_spi.o)
 .ARM.attributes
                0x0000000000000467       0x33 ../../STM32F10x_StdPeriph_Driver/Release/libstm32f103.a(stm32f10x_tim.o)
 .ARM.attributes
                0x000000000000049a       0x2d /usr/lib/gcc/arm-none-eabi/4.8/../../../arm-none-eabi/lib/armv7-m/libg.a(lib_a-atexit.o)
 .ARM.attributes
                0x00000000000004c7       0x2d /usr/lib/gcc/arm-none-eabi/4.8/../../../arm-none-eabi/lib/armv7-m/libg.a(lib_a-fini.o)
 .ARM.attributes
                0x00000000000004f4       0x2d /usr/lib/gcc/arm-none-eabi/4.8/../../../arm-none-eabi/lib/armv7-m/libg.a(lib_a-impure.o)
 .ARM.attributes
                0x0000000000000521       0x2d /usr/lib/gcc/arm-none-eabi/4.8/../../../arm-none-eabi/lib/armv7-m/libg.a(lib_a-init.o)
 .ARM.attributes
                0x000000000000054e       0x2d /usr/lib/gcc/arm-none-eabi/4.8/../../../arm-none-eabi/lib/armv7-m/libg.a(lib_a-__atexit.o)
 .ARM.attributes
                0x000000000000057b       0x2d /usr/lib/gcc/arm-none-eabi/4.8/../../../arm-none-eabi/lib/armv7-m/libg.a(lib_a-__call_atexit.o)
 .ARM.attributes
                0x00000000000005a8       0x2d /usr/lib/gcc/arm-none-eabi/4.8/armv7-m/crtend.o
 .ARM.attributes
                0x00000000000005d5       0x1d /usr/lib/gcc/arm-none-eabi/4.8/armv7-m/crtn.o

.comment        0x0000000000000000       0x6f
 .comment       0x0000000000000000       0x20 /usr/lib/gcc/arm-none-eabi/4.8/armv7-m/crtbegin.o
                                         0x21 (size before relaxing)
 .comment       0x0000000000000020       0x21 objs/hw_config.o
 .comment       0x0000000000000020       0x21 objs/spi.o
 .comment       0x0000000000000020       0x21 objs/stm32f10x_it.o
 .comment       0x0000000000000020       0x21 objs/messagequeue.o
 .comment       0x0000000000000020       0x21 objs/channelled.o
 .comment       0x0000000000000020       0x21 objs/main.o
 .comment       0x0000000000000020       0x21 objs/system_stm32f10x.o
 .comment       0x0000000000000020       0x21 objs/poti.o
 .comment       0x0000000000000020       0x21 objs/siebensegment.o
 .comment       0x0000000000000020       0x21 objs/buttons.o
 .comment       0x0000000000000020       0x21 objs/i2c.o
 .comment       0x0000000000000020       0x21 objs/core_cm3.o
 .comment       0x0000000000000020       0x30 ../../STM32F10x_StdPeriph_Driver/Release/libstm32f103.a(misc.o)
                                         0x31 (size before relaxing)
 .comment       0x0000000000000050       0x31 ../../STM32F10x_StdPeriph_Driver/Release/libstm32f103.a(stm32f10x_adc.o)
 .comment       0x0000000000000050       0x31 ../../STM32F10x_StdPeriph_Driver/Release/libstm32f103.a(stm32f10x_dma.o)
 .comment       0x0000000000000050       0x31 ../../STM32F10x_StdPeriph_Driver/Release/libstm32f103.a(stm32f10x_flash.o)
 .comment       0x0000000000000050       0x31 ../../STM32F10x_StdPeriph_Driver/Release/libstm32f103.a(stm32f10x_gpio.o)
 .comment       0x0000000000000050       0x31 ../../STM32F10x_StdPeriph_Driver/Release/libstm32f103.a(stm32f10x_i2c.o)
 .comment       0x0000000000000050       0x31 ../../STM32F10x_StdPeriph_Driver/Release/libstm32f103.a(stm32f10x_rcc.o)
 .comment       0x0000000000000050       0x31 ../../STM32F10x_StdPeriph_Driver/Release/libstm32f103.a(stm32f10x_spi.o)
 .comment       0x0000000000000050       0x31 ../../STM32F10x_StdPeriph_Driver/Release/libstm32f103.a(stm32f10x_tim.o)
 .comment       0x0000000000000050       0x1f /usr/lib/gcc/arm-none-eabi/4.8/../../../arm-none-eabi/lib/armv7-m/libg.a(lib_a-atexit.o)
                                         0x20 (size before relaxing)
 .comment       0x000000000000006f       0x20 /usr/lib/gcc/arm-none-eabi/4.8/../../../arm-none-eabi/lib/armv7-m/libg.a(lib_a-fini.o)
 .comment       0x000000000000006f       0x20 /usr/lib/gcc/arm-none-eabi/4.8/../../../arm-none-eabi/lib/armv7-m/libg.a(lib_a-impure.o)
 .comment       0x000000000000006f       0x20 /usr/lib/gcc/arm-none-eabi/4.8/../../../arm-none-eabi/lib/armv7-m/libg.a(lib_a-init.o)
 .comment       0x000000000000006f       0x20 /usr/lib/gcc/arm-none-eabi/4.8/../../../arm-none-eabi/lib/armv7-m/libg.a(lib_a-__atexit.o)
 .comment       0x000000000000006f       0x20 /usr/lib/gcc/arm-none-eabi/4.8/../../../arm-none-eabi/lib/armv7-m/libg.a(lib_a-__call_atexit.o)
 .comment       0x000000000000006f       0x21 /usr/lib/gcc/arm-none-eabi/4.8/armv7-m/crtend.o

.debug_info     0x0000000000000000     0x6608
 .debug_info    0x0000000000000000      0x619 objs/hw_config.o
 .debug_info    0x0000000000000619      0x766 objs/spi.o
 .debug_info    0x0000000000000d7f      0x1e8 objs/stm32f10x_it.o
 .debug_info    0x0000000000000f67      0x25c objs/messagequeue.o
 .debug_info    0x00000000000011c3      0x2c7 objs/channelled.o
 .debug_info    0x000000000000148a      0x85f objs/main.o
 .debug_info    0x0000000000001ce9      0x438 objs/system_stm32f10x.o
 .debug_info    0x0000000000002121      0x936 objs/poti.o
 .debug_info    0x0000000000002a57      0x39e objs/siebensegment.o
 .debug_info    0x0000000000002df5      0x6e0 objs/buttons.o
 .debug_info    0x00000000000034d5      0xd27 objs/i2c.o
 .debug_info    0x00000000000041fc      0x52b objs/core_cm3.o
 .debug_info    0x0000000000004727       0x71 objs/startup_stm32f10x_md.o
 .debug_info    0x0000000000004798      0x10a /usr/lib/gcc/arm-none-eabi/4.8/../../../arm-none-eabi/lib/armv7-m/libg.a(lib_a-atexit.o)
 .debug_info    0x00000000000048a2       0xef /usr/lib/gcc/arm-none-eabi/4.8/../../../arm-none-eabi/lib/armv7-m/libg.a(lib_a-fini.o)
 .debug_info    0x0000000000004991      0x894 /usr/lib/gcc/arm-none-eabi/4.8/../../../arm-none-eabi/lib/armv7-m/libg.a(lib_a-impure.o)
 .debug_info    0x0000000000005225      0x105 /usr/lib/gcc/arm-none-eabi/4.8/../../../arm-none-eabi/lib/armv7-m/libg.a(lib_a-init.o)
 .debug_info    0x000000000000532a      0x934 /usr/lib/gcc/arm-none-eabi/4.8/../../../arm-none-eabi/lib/armv7-m/libg.a(lib_a-__atexit.o)
 .debug_info    0x0000000000005c5e      0x9aa /usr/lib/gcc/arm-none-eabi/4.8/../../../arm-none-eabi/lib/armv7-m/libg.a(lib_a-__call_atexit.o)

.debug_abbrev   0x0000000000000000     0x1a51
 .debug_abbrev  0x0000000000000000      0x1af objs/hw_config.o
 .debug_abbrev  0x00000000000001af      0x18c objs/spi.o
 .debug_abbrev  0x000000000000033b       0x90 objs/stm32f10x_it.o
 .debug_abbrev  0x00000000000003cb      0x12c objs/messagequeue.o
 .debug_abbrev  0x00000000000004f7      0x162 objs/channelled.o
 .debug_abbrev  0x0000000000000659      0x1c6 objs/main.o
 .debug_abbrev  0x000000000000081f      0x179 objs/system_stm32f10x.o
 .debug_abbrev  0x0000000000000998      0x20f objs/poti.o
 .debug_abbrev  0x0000000000000ba7      0x196 objs/siebensegment.o
 .debug_abbrev  0x0000000000000d3d      0x13d objs/buttons.o
 .debug_abbrev  0x0000000000000e7a      0x2d4 objs/i2c.o
 .debug_abbrev  0x000000000000114e       0xae objs/core_cm3.o
 .debug_abbrev  0x00000000000011fc       0x12 objs/startup_stm32f10x_md.o
 .debug_abbrev  0x000000000000120e       0xb8 /usr/lib/gcc/arm-none-eabi/4.8/../../../arm-none-eabi/lib/armv7-m/libg.a(lib_a-atexit.o)
 .debug_abbrev  0x00000000000012c6       0xbd /usr/lib/gcc/arm-none-eabi/4.8/../../../arm-none-eabi/lib/armv7-m/libg.a(lib_a-fini.o)
 .debug_abbrev  0x0000000000001383      0x180 /usr/lib/gcc/arm-none-eabi/4.8/../../../arm-none-eabi/lib/armv7-m/libg.a(lib_a-impure.o)
 .debug_abbrev  0x0000000000001503       0xba /usr/lib/gcc/arm-none-eabi/4.8/../../../arm-none-eabi/lib/armv7-m/libg.a(lib_a-init.o)
 .debug_abbrev  0x00000000000015bd      0x20f /usr/lib/gcc/arm-none-eabi/4.8/../../../arm-none-eabi/lib/armv7-m/libg.a(lib_a-__atexit.o)
 .debug_abbrev  0x00000000000017cc      0x285 /usr/lib/gcc/arm-none-eabi/4.8/../../../arm-none-eabi/lib/armv7-m/libg.a(lib_a-__call_atexit.o)

.debug_aranges  0x0000000000000000      0x4f8
 .debug_aranges
                0x0000000000000000       0x38 objs/hw_config.o
 .debug_aranges
                0x0000000000000038       0x30 objs/spi.o
 .debug_aranges
                0x0000000000000068       0xa0 objs/stm32f10x_it.o
 .debug_aranges
                0x0000000000000108       0x38 objs/messagequeue.o
 .debug_aranges
                0x0000000000000140       0x28 objs/channelled.o
 .debug_aranges
                0x0000000000000168       0x40 objs/main.o
 .debug_aranges
                0x00000000000001a8       0x38 objs/system_stm32f10x.o
 .debug_aranges
                0x00000000000001e0       0x48 objs/poti.o
 .debug_aranges
                0x0000000000000228       0x40 objs/siebensegment.o
 .debug_aranges
                0x0000000000000268       0x28 objs/buttons.o
 .debug_aranges
                0x0000000000000290       0xb8 objs/i2c.o
 .debug_aranges
                0x0000000000000348       0xc8 objs/core_cm3.o
 .debug_aranges
                0x0000000000000410       0x28 objs/startup_stm32f10x_md.o
 .debug_aranges
                0x0000000000000438       0x20 /usr/lib/gcc/arm-none-eabi/4.8/../../../arm-none-eabi/lib/armv7-m/libg.a(lib_a-atexit.o)
 .debug_aranges
                0x0000000000000458       0x20 /usr/lib/gcc/arm-none-eabi/4.8/../../../arm-none-eabi/lib/armv7-m/libg.a(lib_a-fini.o)
 .debug_aranges
                0x0000000000000478       0x18 /usr/lib/gcc/arm-none-eabi/4.8/../../../arm-none-eabi/lib/armv7-m/libg.a(lib_a-impure.o)
 .debug_aranges
                0x0000000000000490       0x20 /usr/lib/gcc/arm-none-eabi/4.8/../../../arm-none-eabi/lib/armv7-m/libg.a(lib_a-init.o)
 .debug_aranges
                0x00000000000004b0       0x20 /usr/lib/gcc/arm-none-eabi/4.8/../../../arm-none-eabi/lib/armv7-m/libg.a(lib_a-__atexit.o)
 .debug_aranges
                0x00000000000004d0       0x28 /usr/lib/gcc/arm-none-eabi/4.8/../../../arm-none-eabi/lib/armv7-m/libg.a(lib_a-__call_atexit.o)

.debug_ranges   0x0000000000000000      0x3e8
 .debug_ranges  0x0000000000000000       0x28 objs/hw_config.o
 .debug_ranges  0x0000000000000028       0x20 objs/spi.o
 .debug_ranges  0x0000000000000048       0x90 objs/stm32f10x_it.o
 .debug_ranges  0x00000000000000d8       0x28 objs/messagequeue.o
 .debug_ranges  0x0000000000000100       0x18 objs/channelled.o
 .debug_ranges  0x0000000000000118       0x30 objs/main.o
 .debug_ranges  0x0000000000000148       0x28 objs/system_stm32f10x.o
 .debug_ranges  0x0000000000000170       0x38 objs/poti.o
 .debug_ranges  0x00000000000001a8       0x30 objs/siebensegment.o
 .debug_ranges  0x00000000000001d8       0x18 objs/buttons.o
 .debug_ranges  0x00000000000001f0       0xa8 objs/i2c.o
 .debug_ranges  0x0000000000000298       0xb8 objs/core_cm3.o
 .debug_ranges  0x0000000000000350       0x20 objs/startup_stm32f10x_md.o
 .debug_ranges  0x0000000000000370       0x10 /usr/lib/gcc/arm-none-eabi/4.8/../../../arm-none-eabi/lib/armv7-m/libg.a(lib_a-atexit.o)
 .debug_ranges  0x0000000000000380       0x10 /usr/lib/gcc/arm-none-eabi/4.8/../../../arm-none-eabi/lib/armv7-m/libg.a(lib_a-fini.o)
 .debug_ranges  0x0000000000000390       0x10 /usr/lib/gcc/arm-none-eabi/4.8/../../../arm-none-eabi/lib/armv7-m/libg.a(lib_a-init.o)
 .debug_ranges  0x00000000000003a0       0x10 /usr/lib/gcc/arm-none-eabi/4.8/../../../arm-none-eabi/lib/armv7-m/libg.a(lib_a-__atexit.o)
 .debug_ranges  0x00000000000003b0       0x38 /usr/lib/gcc/arm-none-eabi/4.8/../../../arm-none-eabi/lib/armv7-m/libg.a(lib_a-__call_atexit.o)

.debug_line     0x0000000000000000     0x2383
 .debug_line    0x0000000000000000      0x1a8 objs/hw_config.o
 .debug_line    0x00000000000001a8      0x27f objs/spi.o
 .debug_line    0x0000000000000427      0x201 objs/stm32f10x_it.o
 .debug_line    0x0000000000000628      0x1a5 objs/messagequeue.o
 .debug_line    0x00000000000007cd      0x172 objs/channelled.o
 .debug_line    0x000000000000093f      0x2c1 objs/main.o
 .debug_line    0x0000000000000c00      0x19b objs/system_stm32f10x.o
 .debug_line    0x0000000000000d9b      0x39f objs/poti.o
 .debug_line    0x000000000000113a      0x275 objs/siebensegment.o
 .debug_line    0x00000000000013af      0x22d objs/buttons.o
 .debug_line    0x00000000000015dc      0x4aa objs/i2c.o
 .debug_line    0x0000000000001a86      0x24e objs/core_cm3.o
 .debug_line    0x0000000000001cd4       0x7a objs/startup_stm32f10x_md.o
 .debug_line    0x0000000000001d4e       0xba /usr/lib/gcc/arm-none-eabi/4.8/../../../arm-none-eabi/lib/armv7-m/libg.a(lib_a-atexit.o)
 .debug_line    0x0000000000001e08       0x9a /usr/lib/gcc/arm-none-eabi/4.8/../../../arm-none-eabi/lib/armv7-m/libg.a(lib_a-fini.o)
 .debug_line    0x0000000000001ea2       0xe8 /usr/lib/gcc/arm-none-eabi/4.8/../../../arm-none-eabi/lib/armv7-m/libg.a(lib_a-impure.o)
 .debug_line    0x0000000000001f8a       0xb3 /usr/lib/gcc/arm-none-eabi/4.8/../../../arm-none-eabi/lib/armv7-m/libg.a(lib_a-init.o)
 .debug_line    0x000000000000203d      0x186 /usr/lib/gcc/arm-none-eabi/4.8/../../../arm-none-eabi/lib/armv7-m/libg.a(lib_a-__atexit.o)
 .debug_line    0x00000000000021c3      0x1c0 /usr/lib/gcc/arm-none-eabi/4.8/../../../arm-none-eabi/lib/armv7-m/libg.a(lib_a-__call_atexit.o)

.debug_str      0x0000000000000000     0x1eb9
 .debug_str     0x0000000000000000      0x5cc objs/hw_config.o
                                        0x634 (size before relaxing)
 .debug_str     0x00000000000005cc      0x45f objs/spi.o
                                        0x908 (size before relaxing)
 .debug_str     0x0000000000000a2b      0x146 objs/stm32f10x_it.o
                                        0x2d3 (size before relaxing)
 .debug_str     0x0000000000000b71       0xf4 objs/messagequeue.o
                                        0x2b4 (size before relaxing)
 .debug_str     0x0000000000000c65       0x49 objs/channelled.o
                                        0x34e (size before relaxing)
 .debug_str     0x0000000000000cae      0x20b objs/main.o
                                        0x7d4 (size before relaxing)
 .debug_str     0x0000000000000eb9       0xfe objs/system_stm32f10x.o
                                        0x2e8 (size before relaxing)
 .debug_str     0x0000000000000fb7      0x14d objs/poti.o
                                        0x970 (size before relaxing)
 .debug_str     0x0000000000001104       0xaa objs/siebensegment.o
                                        0x3a9 (size before relaxing)
 .debug_str     0x00000000000011ae      0x148 objs/buttons.o
                                        0x865 (size before relaxing)
 .debug_str     0x00000000000012f6      0x2d9 objs/i2c.o
                                        0xa96 (size before relaxing)
 .debug_str     0x00000000000015cf      0x16e objs/core_cm3.o
                                        0x301 (size before relaxing)
 .debug_str     0x000000000000173d      0x142 /usr/lib/gcc/arm-none-eabi/4.8/../../../arm-none-eabi/lib/armv7-m/libg.a(lib_a-atexit.o)
                                        0x1db (size before relaxing)
 .debug_str     0x000000000000187f       0xc3 /usr/lib/gcc/arm-none-eabi/4.8/../../../arm-none-eabi/lib/armv7-m/libg.a(lib_a-fini.o)
                                        0x1d3 (size before relaxing)
 .debug_str     0x0000000000001942      0x437 /usr/lib/gcc/arm-none-eabi/4.8/../../../arm-none-eabi/lib/armv7-m/libg.a(lib_a-impure.o)
                                        0x56f (size before relaxing)
 .debug_str     0x0000000000001d79       0x8a /usr/lib/gcc/arm-none-eabi/4.8/../../../arm-none-eabi/lib/armv7-m/libg.a(lib_a-init.o)
                                        0x1fd (size before relaxing)
 .debug_str     0x0000000000001e03       0x30 /usr/lib/gcc/arm-none-eabi/4.8/../../../arm-none-eabi/lib/armv7-m/libg.a(lib_a-__atexit.o)
                                        0x5b7 (size before relaxing)
 .debug_str     0x0000000000001e33       0x86 /usr/lib/gcc/arm-none-eabi/4.8/../../../arm-none-eabi/lib/armv7-m/libg.a(lib_a-__call_atexit.o)
                                        0x5cf (size before relaxing)

.debug_frame    0x0000000000000000      0xc10
 .debug_frame   0x0000000000000000       0x88 objs/hw_config.o
 .debug_frame   0x0000000000000088       0x6c objs/spi.o
 .debug_frame   0x00000000000000f4      0x1c4 objs/stm32f10x_it.o
 .debug_frame   0x00000000000002b8       0x78 objs/messagequeue.o
 .debug_frame   0x0000000000000330       0x50 objs/channelled.o
 .debug_frame   0x0000000000000380       0xac objs/main.o
 .debug_frame   0x000000000000042c       0x80 objs/system_stm32f10x.o
 .debug_frame   0x00000000000004ac       0xcc objs/poti.o
 .debug_frame   0x0000000000000578       0xac objs/siebensegment.o
 .debug_frame   0x0000000000000624       0x50 objs/buttons.o
 .debug_frame   0x0000000000000674      0x264 objs/i2c.o
 .debug_frame   0x00000000000008d8      0x248 objs/core_cm3.o
 .debug_frame   0x0000000000000b20       0x20 /usr/lib/gcc/arm-none-eabi/4.8/../../../arm-none-eabi/lib/armv7-m/libg.a(lib_a-atexit.o)
 .debug_frame   0x0000000000000b40       0x2c /usr/lib/gcc/arm-none-eabi/4.8/../../../arm-none-eabi/lib/armv7-m/libg.a(lib_a-fini.o)
 .debug_frame   0x0000000000000b6c       0x2c /usr/lib/gcc/arm-none-eabi/4.8/../../../arm-none-eabi/lib/armv7-m/libg.a(lib_a-init.o)
 .debug_frame   0x0000000000000b98       0x30 /usr/lib/gcc/arm-none-eabi/4.8/../../../arm-none-eabi/lib/armv7-m/libg.a(lib_a-__atexit.o)
 .debug_frame   0x0000000000000bc8       0x48 /usr/lib/gcc/arm-none-eabi/4.8/../../../arm-none-eabi/lib/armv7-m/libg.a(lib_a-__call_atexit.o)

.debug_loc      0x0000000000000000      0x3d8
 .debug_loc     0x0000000000000000       0x2c /usr/lib/gcc/arm-none-eabi/4.8/../../../arm-none-eabi/lib/armv7-m/libg.a(lib_a-atexit.o)
 .debug_loc     0x000000000000002c       0x5c /usr/lib/gcc/arm-none-eabi/4.8/../../../arm-none-eabi/lib/armv7-m/libg.a(lib_a-fini.o)
 .debug_loc     0x0000000000000088       0xae /usr/lib/gcc/arm-none-eabi/4.8/../../../arm-none-eabi/lib/armv7-m/libg.a(lib_a-init.o)
 .debug_loc     0x0000000000000136      0x14d /usr/lib/gcc/arm-none-eabi/4.8/../../../arm-none-eabi/lib/armv7-m/libg.a(lib_a-__atexit.o)
 .debug_loc     0x0000000000000283      0x155 /usr/lib/gcc/arm-none-eabi/4.8/../../../arm-none-eabi/lib/armv7-m/libg.a(lib_a-__call_atexit.o)
